ARM Linker, 5.03 [Build 76] [MDK-ARM Standard]

==============================================================================

Section Cross References

    main.o(i.Software_init) refers to foc.o(i.foc_core_init) for foc_core_init
    main.o(i.Software_init) refers to app.o(i.app_init) for app_init
    main.o(i.main) refers to hardware_init.o(i.Hardware_init) for Hardware_init
    main.o(i.main) refers to main.o(i.Software_init) for Software_init
    main.o(i.user_1ms_call) refers to app.o(i.app_cali_demon_loop) for app_cali_demon_loop
    hardware_init.o(i.ADC_init) refers to lks32mc07x_adc.o(i.ADC_StructInit) for ADC_StructInit
    hardware_init.o(i.ADC_init) refers to lks32mc07x_adc.o(i.ADC_Init) for ADC_Init
    hardware_init.o(i.ADC_init) refers to lks32mc07x_adc.o(i.ADC_CHN_GAIN_CFG) for ADC_CHN_GAIN_CFG
    hardware_init.o(i.Clock_Init) refers to hardware_init.o(i.SoftDelay) for SoftDelay
    hardware_init.o(i.DebugPWM_OutputFunction) refers to lks32mc07x_mcpwm.o(i.PWMOutputs) for PWMOutputs
    hardware_init.o(i.GPIO0_Pin14Init) refers to lks32mc07x_gpio.o(i.GPIO_StructInit) for GPIO_StructInit
    hardware_init.o(i.GPIO0_Pin14Init) refers to lks32mc07x_gpio.o(i.GPIO_PinAFConfig) for GPIO_PinAFConfig
    hardware_init.o(i.GPIO0_Pin14Init) refers to lks32mc07x_gpio.o(i.GPIO_Init) for GPIO_Init
    hardware_init.o(i.GPIO_init) refers to lks32mc07x_gpio.o(i.GPIO_StructInit) for GPIO_StructInit
    hardware_init.o(i.GPIO_init) refers to lks32mc07x_gpio.o(i.GPIO_PinAFConfig) for GPIO_PinAFConfig
    hardware_init.o(i.GPIO_init) refers to lks32mc07x_gpio.o(i.GPIO_Init) for GPIO_Init
    hardware_init.o(i.Hardware_init) refers to lks32mc07x_sys.o(i.IWDG_DISABLE) for IWDG_DISABLE
    hardware_init.o(i.Hardware_init) refers to hardware_init.o(i.ADC_init) for ADC_init
    hardware_init.o(i.Hardware_init) refers to hardware_init.o(i.MCPWM_init) for MCPWM_init
    hardware_init.o(i.Hardware_init) refers to hardware_init.o(i.GPIO_init) for GPIO_init
    hardware_init.o(i.Hardware_init) refers to lks32mc07x_dsp.o(i.DSP_Init) for DSP_Init
    hardware_init.o(i.Hardware_init) refers to hardware_init.o(i.Systick_init) for Systick_init
    hardware_init.o(i.Hardware_init) refers to hardware_init.o(i.SoftDelay) for SoftDelay
    hardware_init.o(i.Hardware_init) refers to hardware_init.o(i.NVIC_SetPriority) for NVIC_SetPriority
    hardware_init.o(i.Hardware_init) refers to hardware_init.o(i.NVIC_DisableIRQ) for NVIC_DisableIRQ
    hardware_init.o(i.MCPWM_init) refers to lks32mc07x_mcpwm.o(i.MCPWM_StructInit) for MCPWM_StructInit
    hardware_init.o(i.MCPWM_init) refers to lks32mc07x_mcpwm.o(i.MCPWM_Init) for MCPWM_Init
    hardware_init.o(i.SystemInit) refers to hardware_init.o(i.Clock_Init) for Clock_Init
    hardware_init.o(i.Systick_init) refers to hardware_init.o(i.NVIC_SetPriority) for NVIC_SetPriority
    hardware_init.o(i.delay_ms) refers to aeabi_sdivfast.o(.text) for __aeabi_uidivmod
    hardware_init.o(i.delay_ms) refers to interrupt.o(.data) for TimingDelay
    interrupt.o(i.ADC0_IRQHandler) refers to lks32mc07x_adc.o(i.ADC_GetIRQFlag) for ADC_GetIRQFlag
    interrupt.o(i.ADC0_IRQHandler) refers to lks32mc07x_adc.o(i.ADC_ClearIRQFlag) for ADC_ClearIRQFlag
    interrupt.o(i.ADC1_IRQHandler) refers to lks32mc07x_adc.o(i.ADC_GetIRQFlag) for ADC_GetIRQFlag
    interrupt.o(i.ADC1_IRQHandler) refers to lks32mc07x_adc.o(i.ADC_ClearIRQFlag) for ADC_ClearIRQFlag
    interrupt.o(i.CMP_IRQHandler) refers to lks32mc07x_mcpwm.o(i.PWMOutputs) for PWMOutputs
    interrupt.o(i.MCPWM0_IRQHandler) refers to lks32mc07x_mcpwm.o(i.MCPWM_GetIRQFlag) for MCPWM_GetIRQFlag
    interrupt.o(i.MCPWM0_IRQHandler) refers to lks32mc07x_gpio.o(i.GPIO_SetBits) for GPIO_SetBits
    interrupt.o(i.MCPWM0_IRQHandler) refers to foc.o(i.foc_core_isr) for foc_core_isr
    interrupt.o(i.MCPWM0_IRQHandler) refers to lks32mc07x_mcpwm.o(i.MCPWM_ClearIRQFlag) for MCPWM_ClearIRQFlag
    interrupt.o(i.MCPWM0_IRQHandler) refers to lks32mc07x_gpio.o(i.GPIO_ResetBits) for GPIO_ResetBits
    interrupt.o(i.MCPWM0_IRQHandler) refers to interrupt.o(.data) for MCPWN0INTCnt
    interrupt.o(i.SysTick_Handler) refers to main.o(i.user_1ms_call) for user_1ms_call
    interrupt.o(i.SysTick_Handler) refers to interrupt.o(.data) for TimingDelay
    app.o(i.app_cali_demon_loop) refers to app.o(i.open_drive_test) for open_drive_test
    app.o(i.app_ctrl_demon_loop) refers to app.o(i.button_proc) for button_proc
    app.o(i.app_demon_main_loop) refers to app.o(i.__ARM_common_switch8) for __ARM_common_switch8
    app.o(i.app_demon_main_loop) refers to app.o(.data) for app_state
    app.o(i.app_init) refers to app.o(i.app_set_sv_config) for app_set_sv_config
    app.o(i.app_init) refers to lks32mc07x_gpio.o(i.GPIO_Init) for GPIO_Init
    app.o(i.app_init) refers to lks32mc07x_gpio.o(i.GPIO_ReadInputDataBit) for GPIO_ReadInputDataBit
    app.o(i.app_init) refers to app.o(.data) for app_state
[...]
    Removing lks32mc07x_sif.o(i.SIF_Init), (90 bytes).
    Removing lks32mc07x_sif.o(i.SIF_Irq_IsEnable), (36 bytes).
    Removing lks32mc07x_sif.o(i.SIF_Senddata), (12 bytes).
    Removing lks32mc07x_sif.o(i.SIF_StructInit), (14 bytes).
    Removing lks32mc07x_sif.o(i.SIF_TH_set), (12 bytes).
    Removing lks32mc07x_sif.o(i.SIF_Timebase_set), (12 bytes).
    Removing lks32mc07x_tmp.o(.rev16_text), (4 bytes).
    Removing lks32mc07x_tmp.o(.revsh_text), (4 bytes).
    Removing lks32mc07x_tmp.o(i.GetCurrentTemperature), (80 bytes).
    Removing lks32mc07x_tmp.o(i.TempSensor_Init), (64 bytes).
    Removing lks32mc07x_tmp.o(.data), (4 bytes).
    Removing lks32mc07x_wake.o(.rev16_text), (4 bytes).
    Removing lks32mc07x_wake.o(.revsh_text), (4 bytes).
    Removing lks32mc07x_wake.o(i.SYS_EVTCLRSleep), (16 bytes).
    Removing lks32mc07x_wake.o(i.SYS_FallSleep), (44 bytes).
    Removing lks32mc07x_wake.o(i.SYS_SetWakeInterval), (56 bytes).
    Removing lks32mc07x_wake.o(i.SetWakeIO), (72 bytes).
    Removing lks32mc07x_wake.o(i.SoftDelay), (24 bytes).
    Removing lks32mc07x_wake.o(i.Switch2HRC), (60 bytes).
    Removing lks32mc07x_wake.o(i.Switch2PLL), (56 bytes).
    Removing lks32mc07x_wake.o(.data), (8 bytes).
    Removing foc.o(.rev16_text), (4 bytes).
    Removing foc.o(.revsh_text), (4 bytes).
    Removing foc.o(i.alpha_beta_2_dq), (56 bytes).
    Removing foc.o(i.foc_core_get_abc_current), (2 bytes).
    Removing foc.o(i.foc_core_get_e_theta), (16 bytes).
    Removing foc.o(i.foc_core_get_lh_adc_offset), (28 bytes).
    Removing foc.o(i.foc_core_get_lh_adc_offset_state), (12 bytes).
    Removing foc.o(i.foc_core_get_m_theta), (16 bytes).
    Removing foc.o(i.foc_core_get_mode), (12 bytes).
    Removing foc.o(i.foc_core_get_pullback_state), (12 bytes).
    Removing foc.o(i.foc_core_get_swing_base_m_theta), (12 bytes).
    Removing foc.o(i.foc_core_get_zero_e_theta_align), (16 bytes).
    Removing foc.o(i.foc_core_get_zero_m_theta_align), (16 bytes).
    Removing foc.o(i.foc_core_get_zero_m_theta_align_state), (12 bytes).
    Removing foc.o(i.foc_core_set_abc_cur_adc_offset), (28 bytes).
    Removing foc.o(i.foc_core_set_dvibration), (108 bytes).
    Removing foc.o(i.foc_core_set_init), (20 bytes).
    Removing foc.o(i.foc_core_set_init_mode), (20 bytes).
    Removing foc.o(i.foc_core_set_lh_adc_offset_mode), (40 bytes).
    Removing foc.o(i.foc_core_set_pullback_mode), (44 bytes).
    Removing foc.o(i.foc_core_set_stop_mode), (16 bytes).
    Removing foc.o(i.foc_core_set_sv), (248 bytes).
    Removing foc.o(i.foc_core_set_work_mode), (76 bytes).
    Removing foc.o(i.foc_core_set_zero_m_theta_align_mode), (40 bytes).
    Removing foc.o(i.foc_core_zero_e_theta_align), (36 bytes).
    Removing foc.o(i.foc_core_zero_e_theta_align_exit), (48 bytes).
    Removing foc.o(i.foc_reset), (100 bytes).
    Removing foc.o(i.over_load_proc), (196 bytes).
    Removing foc_util.o(.rev16_text), (4 bytes).
    Removing foc_util.o(.revsh_text), (4 bytes).
    Removing foc_util.o(i.HPFFunction), (16 bytes).
    Removing foc_util.o(i.LPFFunction_HR), (30 bytes).
    Removing foc_util.o(i.LPFFunction_HR_3), (18 bytes).
    Removing foc_util.o(i.butter_bandpass_550), (108 bytes).
    Removing foc_util.o(i.notch_filter_550), (128 bytes).
    Removing pi_controller.o(i.anti_integral_windup_pi_controller), (76 bytes).
    Removing pi_controller.o(i.init_pi_controller), (20 bytes).
    Removing pll.o(.rev16_text), (4 bytes).
    Removing pll.o(.revsh_text), (4 bytes).
    Removing lks32mc08x_nvr.o(.text), (0 bytes).
    Removing lks32mc08x_nvr.o(.text.Read_NVR), (48 bytes).
    Removing lks32mc08x_nvr.o(.ARM.exidx.text.Read_NVR), (8 bytes).
    Removing lks32mc08x_nvr.o(.ARM.exidx.text.Read_Trim), (8 bytes).

241 unused section(s) (total 11990 bytes) removed from the image.

==============================================================================

Image Symbol Table

    Local Symbols

    Symbol Name                              Value     Ov Type        Size  Object(Section)

    RESET                                    0x00000000   Section      192  startup_lks32mc07x.o(RESET)
    ../clib/../cmprslib/zerorunl2.c          0x00000000   Number         0  __dczerorl2.o ABSOLUTE
    ../clib/angel/boardlib.s                 0x00000000   Number         0  boardshut.o ABSOLUTE
    ../clib/angel/boardlib.s                 0x00000000   Number         0  boardinit1.o ABSOLUTE
    ../clib/angel/boardlib.s                 0x00000000   Number         0  boardinit2.o ABSOLUTE
    ../clib/angel/boardlib.s                 0x00000000   Number         0  boardinit3.o ABSOLUTE
    ../clib/angel/handlers.s                 0x00000000   Number         0  __scatter_zi.o ABSOLUTE
    ../clib/angel/kernel.s                   0x00000000   Number         0  rtexit.o ABSOLUTE
    ../clib/angel/kernel.s                   0x00000000   Number         0  rtentry.o ABSOLUTE
    ../clib/angel/kernel.s                   0x00000000   Number         0  rtentry2.o ABSOLUTE
    ../clib/angel/kernel.s                   0x00000000   Number         0  rtentry4.o ABSOLUTE
    ../clib/angel/kernel.s                   0x00000000   Number         0  rtexit2.o ABSOLUTE
    ../clib/angel/rt.s                       0x00000000   Number         0  rt_div0.o ABSOLUTE
    ../clib/angel/rt.s                       0x00000000   Number         0  rt_raise.o ABSOLUTE
    ../clib/angel/rt.s                       0x00000000   Number         0  aeabi_idiv0.o ABSOLUTE
    ../clib/angel/rt.s                       0x00000000   Number         0  aeabi_idiv0_sigfpe.o ABSOLUTE
    ../clib/angel/scatterp.s                 0x00000000   Number         0  __scatter.o ABSOLUTE
    ../clib/angel/startup.s                  0x00000000   Number         0  __main.o ABSOLUTE
    ../clib/angel/sys.s                      0x00000000   Number         0  indicate_semi.o ABSOLUTE
    ../clib/angel/sys.s                      0x00000000   Number         0  sys_stackheap_outer.o ABSOLUTE
    ../clib/angel/sys.s                      0x00000000   Number         0  use_no_semi.o ABSOLUTE
    ../clib/angel/sys.s                      0x00000000   Number         0  libspace.o ABSOLUTE
    ../clib/angel/sys.s                      0x00000000   Number         0  tempstk.o ABSOLUTE
    ../clib/angel/sysapp.c                   0x00000000   Number         0  sys_command.o ABSOLUTE
    ../clib/angel/sysapp.c                   0x00000000   Number         0  sys_exit.o ABSOLUTE
    ../clib/angel/sysapp.c                   0x00000000   Number         0  sys_wrch.o ABSOLUTE
    ../clib/armsys.c                         0x00000000   Number         0  argv_veneer.o ABSOLUTE
    ../clib/armsys.c                         0x00000000   Number         0  _get_argv_nomalloc.o ABSOLUTE
    ../clib/armsys.c                         0x00000000   Number         0  no_argv.o ABSOLUTE
    ../clib/division.s                       0x00000000   Number         0  aeabi_sdivfast_div0.o ABSOLUTE
    ../clib/division.s                       0x00000000   Number         0  aeabi_sdivfast.o ABSOLUTE
    ../clib/heapalloc.c                      0x00000000   Number         0  hrguard.o ABSOLUTE
    ../clib/heapaux.c                        0x00000000   Number         0  heapauxi.o ABSOLUTE
    ../clib/libinit.s                        0x00000000   Number         0  libinit2.o ABSOLUTE
    ../clib/libinit.s                        0x00000000   Number         0  libinit.o ABSOLUTE
    ../clib/libinit.s                        0x00000000   Number         0  libshutdown2.o ABSOLUTE
    ../clib/libinit.s                        0x00000000   Number         0  libshutdown.o ABSOLUTE
    ../clib/memcpset.c                       0x00000000   Number         0  rt_memclr.o ABSOLUTE
    ../clib/signal.c                         0x00000000   Number         0  defsig_rtmem_inner.o ABSOLUTE
    ../clib/signal.c                         0x00000000   Number         0  defsig_rtred_inner.o ABSOLUTE
    ../clib/signal.c                         0x00000000   Number         0  defsig_exit.o ABSOLUTE
    ../clib/signal.c                         0x00000000   Number         0  defsig_fpe_formal.o ABSOLUTE
    ../clib/signal.c                         0x00000000   Number         0  __raise.o ABSOLUTE
    ../clib/signal.c                         0x00000000   Number         0  defsig_general.o ABSOLUTE
    ../clib/signal.c                         0x00000000   Number         0  defsig_fpe_outer.o ABSOLUTE
    ../clib/signal.c                         0x00000000   Number         0  defsig_abrt_inner.o ABSOLUTE
    ../clib/signal.c                         0x00000000   Number         0  defsig_fpe_inner.o ABSOLUTE
    ../clib/signal.c                         0x00000000   Number         0  defsig_other.o ABSOLUTE
    ../clib/signal.c                         0x00000000   Number         0  defsig_segv_inner.o ABSOLUTE
    ../clib/signal.c                         0x00000000   Number         0  defsig_cppl_inner.o ABSOLUTE
    ../clib/signal.c                         0x00000000   Number         0  defsig_pvfn_inner.o ABSOLUTE
    ../clib/signal.c                         0x00000000   Number         0  defsig_stak_inner.o ABSOLUTE
    ../clib/signal.c                         0x00000000   Number         0  defsig_rtmem_formal.o ABSOLUTE
    ../clib/signal.c                         0x00000000   Number         0  defsig_rtmem_outer.o ABSOLUTE
    ../clib/signal.s                         0x00000000   Number         0  defsig.o ABSOLUTE
    ../clib/stdlib.c                         0x00000000   Number         0  exit.o ABSOLUTE
    ../fplib/cfplib/cmpret.c                 0x00000000   Number         0  cmpret.o ABSOLUTE
    ../fplib/cfplib/dcmpin.c                 0x00000000   Number         0  dcmpin.o ABSOLUTE
    ../fplib/cfplib/ddiv.c                   0x00000000   Number         0  ddiv.o ABSOLUTE
    ../fplib/cfplib/dmul.c                   0x00000000   Number         0  dmul.o ABSOLUTE
    ../fplib/cfplib/f2d.c                    0x00000000   Number         0  f2d.o ABSOLUTE
    ../fplib/cfplib/ffix.c                   0x00000000   Number         0  dfixui.o ABSOLUTE
    ../fplib/cfplib/ffix.c                   0x00000000   Number         0  dfixi.o ABSOLUTE
    ../fplib/cfplib/fflt.c                   0x00000000   Number         0  dflti.o ABSOLUTE
    ../fplib/cfplib/fpinit.c                 0x00000000   Number         0  fpinit.o ABSOLUTE
    ../fplib/cfplib/nan2.c                   0x00000000   Number         0  dnan2.o ABSOLUTE
    ../fplib/cfplib/retnan.c                 0x00000000   Number         0  retnan.o ABSOLUTE
    ../fplib/drleqf6m.s                      0x00000000   Number         0  drlef.o ABSOLUTE
    ../fplib/usenofp.s                       0x00000000   Number         0  usenofp.o ABSOLUTE
    AppFunction\\app.c                       0x00000000   Number         0  app.o ABSOLUTE
    AppFunction\\hardware_init.c             0x00000000   Number         0  hardware_init.o ABSOLUTE
    AppFunction\\interrupt.c                 0x00000000   Number         0  interrupt.o ABSOLUTE
    AppFunction\app.c                        0x00000000   Number         0  app.o ABSOLUTE
    AppFunction\hardware_init.c              0x00000000   Number         0  hardware_init.o ABSOLUTE
    AppFunction\interrupt.c                  0x00000000   Number         0  interrupt.o ABSOLUTE
    FOC\\foc.c                               0x00000000   Number         0  foc.o ABSOLUTE
    FOC\\foc_util.c                          0x00000000   Number         0  foc_util.o ABSOLUTE
    FOC\\pll.c                               0x00000000   Number         0  pll.o ABSOLUTE
    FOC\foc.c                                0x00000000   Number         0  foc.o ABSOLUTE
    FOC\foc_util.c                           0x00000000   Number         0  foc_util.o ABSOLUTE
    FOC\pi_controller.c                      0x00000000   Number         0  pi_controller.o ABSOLUTE
    FOC\pll.c                                0x00000000   Number         0  pll.o ABSOLUTE
    LKS32MC07x_Periph_Driver\Source\lks32MC07x_Flash.c 0x00000000   Number         0  lks32mc07x_flash.o ABSOLUTE
    LKS32MC07x_Periph_Driver\Source\lks32mc07x_DMA.c 0x00000000   Number         0  lks32mc07x_dma.o ABSOLUTE
    LKS32MC07x_Periph_Driver\Source\lks32mc07x_MCPWM.c 0x00000000   Number         0  lks32mc07x_mcpwm.o ABSOLUTE
    LKS32MC07x_Periph_Driver\Source\lks32mc07x_adc.c 0x00000000   Number         0  lks32mc07x_adc.o ABSOLUTE
    LKS32MC07x_Periph_Driver\Source\lks32mc07x_can.c 0x00000000   Number         0  lks32mc07x_can.o ABSOLUTE
    LKS32MC07x_Periph_Driver\Source\lks32mc07x_cmp.c 0x00000000   Number         0  lks32mc07x_cmp.o ABSOLUTE
    LKS32MC07x_Periph_Driver\Source\lks32mc07x_dac.c 0x00000000   Number         0  lks32mc07x_dac.o ABSOLUTE
    LKS32MC07x_Periph_Driver\Source\lks32mc07x_dsp.c 0x00000000   Number         0  lks32mc07x_dsp.o ABSOLUTE
    LKS32MC07x_Periph_Driver\Source\lks32mc07x_exti.c 0x00000000   Number         0  lks32mc07x_exti.o ABSOLUTE
    LKS32MC07x_Periph_Driver\Source\lks32mc07x_gpio.c 0x00000000   Number         0  lks32mc07x_gpio.o ABSOLUTE
    LKS32MC07x_Periph_Driver\Source\lks32mc07x_hall.c 0x00000000   Number         0  lks32mc07x_hall.o ABSOLUTE
    LKS32MC07x_Periph_Driver\Source\lks32mc07x_opa.c 0x00000000   Number         0  lks32mc07x_opa.o ABSOLUTE
    LKS32MC07x_Periph_Driver\Source\lks32mc07x_qep.c 0x00000000   Number         0  lks32mc07x_qep.o ABSOLUTE
    LKS32MC07x_Periph_Driver\Source\lks32mc07x_sif.c 0x00000000   Number         0  lks32mc07x_sif.o ABSOLUTE
    LKS32MC07x_Periph_Driver\Source\lks32mc07x_sys.c 0x00000000   Number         0  lks32mc07x_sys.o ABSOLUTE
    LKS32MC07x_Periph_Driver\Source\lks32mc07x_tim.c 0x00000000   Number         0  lks32mc07x_tim.o ABSOLUTE
    LKS32MC07x_Periph_Driver\Source\lks32mc07x_tmp.c 0x00000000   Number         0  lks32mc07x_tmp.o ABSOLUTE
    LKS32MC07x_Periph_Driver\Source\lks32mc07x_uart.c 0x00000000   Number         0  lks32mc07x_uart.o ABSOLUTE
    LKS32MC07x_Periph_Driver\Source\lks32mc07x_wake.c 0x00000000   Number         0  lks32mc07x_wake.o ABSOLUTE
    LKS32MC07x_Periph_Driver\Source\startup_lks32mc07x.s 0x00000000   Number         0  startup_lks32mc07x.o ABSOLUTE
    LKS32MC07x_Periph_Driver\\Source\\lks32MC07x_Flash.c 0x00000000   Number         0  lks32mc07x_flash.o ABSOLUTE
    LKS32MC07x_Periph_Driver\\Source\\lks32mc07x_DMA.c 0x00000000   Number         0  lks32mc07x_dma.o ABSOLUTE
    LKS32MC07x_Periph_Driver\\Source\\lks32mc07x_MCPWM.c 0x00000000   Number         0  lks32mc07x_mcpwm.o ABSOLUTE
    LKS32MC07x_Periph_Driver\\Source\\lks32mc07x_adc.c 0x00000000   Number         0  lks32mc07x_adc.o ABSOLUTE
    LKS32MC07x_Periph_Driver\\Source\\lks32mc07x_can.c 0x00000000   Number         0  lks32mc07x_can.o ABSOLUTE
    LKS32MC07x_Periph_Driver\\Source\\lks32mc07x_cmp.c 0x00000000   Number         0  lks32mc07x_cmp.o ABSOLUTE
    LKS32MC07x_Periph_Driver\\Source\\lks32mc07x_dac.c 0x00000000   Number         0  lks32mc07x_dac.o ABSOLUTE
    LKS32MC07x_Periph_Driver\\Source\\lks32mc07x_dsp.c 0x00000000   Number         0  lks32mc07x_dsp.o ABSOLUTE
    LKS32MC07x_Periph_Driver\\Source\\lks32mc07x_exti.c 0x00000000   Number         0  lks32mc07x_exti.o ABSOLUTE
    LKS32MC07x_Periph_Driver\\Source\\lks32mc07x_gpio.c 0x00000000   Number         0  lks32mc07x_gpio.o ABSOLUTE
    LKS32MC07x_Periph_Driver\\Source\\lks32mc07x_hall.c 0x00000000   Number         0  lks32mc07x_hall.o ABSOLUTE
    LKS32MC07x_Periph_Driver\\Source\\lks32mc07x_opa.c 0x00000000   Number         0  lks32mc07x_opa.o ABSOLUTE
    LKS32MC07x_Periph_Driver\\Source\\lks32mc07x_qep.c 0x00000000   Number         0  lks32mc07x_qep.o ABSOLUTE
    LKS32MC07x_Periph_Driver\\Source\\lks32mc07x_sif.c 0x00000000   Number         0  lks32mc07x_sif.o ABSOLUTE
    LKS32MC07x_Periph_Driver\\Source\\lks32mc07x_sys.c 0x00000000   Number         0  lks32mc07x_sys.o ABSOLUTE
    LKS32MC07x_Periph_Driver\\Source\\lks32mc07x_tim.c 0x00000000   Number         0  lks32mc07x_tim.o ABSOLUTE
    LKS32MC07x_Periph_Driver\\Source\\lks32mc07x_tmp.c 0x00000000   Number         0  lks32mc07x_tmp.o ABSOLUTE
    LKS32MC07x_Periph_Driver\\Source\\lks32mc07x_uart.c 0x00000000   Number         0  lks32mc07x_uart.o ABSOLUTE
    LKS32MC07x_Periph_Driver\\Source\\lks32mc07x_wake.c 0x00000000   Number         0  lks32mc07x_wake.o ABSOLUTE
    Source\\main.c                           0x00000000   Number         0  main.o ABSOLUTE
    Source\main.c                            0x00000000   Number         0  main.o ABSOLUTE
    dc.s                                     0x00000000   Number         0  dc.o ABSOLUTE
    lks32mc08x_nvr.c                         0x00000000   Number         0  lks32mc08x_nvr.o ABSOLUTE
    !!!main                                  0x000000c0   Section        8  __main.o(!!!main)
    !!!scatter                               0x000000c8   Section       60  __scatter.o(!!!scatter)
    !!handler_zi                             0x00000104   Section       28  __scatter_zi.o(!!handler_zi)
    .ARM.Collect$$libinit$$00000000          0x00000120   Section        2  libinit.o(.ARM.Collect$$libinit$$00000000)
    .ARM.Collect$$libinit$$00000001          0x00000122   Section        4  libinit2.o(.ARM.Collect$$libinit$$00000001)
    .ARM.Collect$$libinit$$00000008          0x00000126   Section        0  libinit2.o(.ARM.Collect$$libinit$$00000008)
    .ARM.Collect$$libinit$$0000000A          0x00000126   Section        0  libinit2.o(.ARM.Collect$$libinit$$0000000A)
    .ARM.Collect$$libinit$$0000000C          0x00000126   Section        0  libinit2.o(.ARM.Collect$$libinit$$0000000C)
    .ARM.Collect$$libinit$$0000000F          0x00000126   Section        0  libinit2.o(.ARM.Collect$$libinit$$0000000F)
    .ARM.Collect$$libinit$$00000011          0x00000126   Section        0  libinit2.o(.ARM.Collect$$libinit$$00000011)
    .ARM.Collect$$libinit$$00000013          0x00000126   Section        0  libinit2.o(.ARM.Collect$$libinit$$00000013)
    .ARM.Collect$$libinit$$00000015          0x00000126   Section        0  libinit2.o(.ARM.Collect$$libinit$$00000015)
    .ARM.Collect$$libinit$$00000017          0x00000126   Section        0  libinit2.o(.ARM.Collect$$libinit$$00000017)
    .ARM.Collect$$libinit$$00000019          0x00000126   Section        0  libinit2.o(.ARM.Collect$$libinit$$00000019)
    .ARM.Collect$$libinit$$0000001B          0x00000126   Section        0  libinit2.o(.ARM.Collect$$libinit$$0000001B)
    .ARM.Collect$$libinit$$0000001D          0x00000126   Section        0  libinit2.o(.ARM.Collect$$libinit$$0000001D)
    .ARM.Collect$$libinit$$0000001F          0x00000126   Section        0  libinit2.o(.ARM.Collect$$libinit$$0000001F)
    .ARM.Collect$$libinit$$00000021          0x00000126   Section        0  libinit2.o(.ARM.Collect$$libinit$$00000021)
    .ARM.Collect$$libinit$$00000023          0x00000126   Section        0  libinit2.o(.ARM.Collect$$libinit$$00000023)
    .ARM.Collect$$libinit$$0000002A          0x00000126   Section        0  libinit2.o(.ARM.Collect$$libinit$$0000002A)
    .ARM.Collect$$libinit$$0000002C          0x00000126   Section        0  libinit2.o(.ARM.Collect$$libinit$$0000002C)
    .ARM.Collect$$libinit$$0000002E          0x00000126   Section        0  libinit2.o(.ARM.Collect$$libinit$$0000002E)
    .ARM.Collect$$libinit$$00000030          0x00000126   Section        0  libinit2.o(.ARM.Collect$$libinit$$00000030)
    .ARM.Collect$$libinit$$00000031          0x00000126   Section        2  libinit2.o(.ARM.Collect$$libinit$$00000031)
    .ARM.Collect$$libshutdown$$00000000      0x00000128   Section        2  libshutdown.o(.ARM.Collect$$libshutdown$$00000000)
    .ARM.Collect$$libshutdown$$00000003      0x0000012a   Section        0  libshutdown2.o(.ARM.Collect$$libshutdown$$00000003)
    .ARM.Collect$$libshutdown$$00000006      0x0000012a   Section        0  libshutdown2.o(.ARM.Collect$$libshutdown$$00000006)
    .ARM.Collect$$libshutdown$$00000009      0x0000012a   Section        0  libshutdown2.o(.ARM.Collect$$libshutdown$$00000009)
    .ARM.Collect$$libshutdown$$0000000B      0x0000012a   Section        0  libshutdown2.o(.ARM.Collect$$libshutdown$$0000000B)
    .ARM.Collect$$libshutdown$$0000000E      0x0000012a   Section        0  libshutdown2.o(.ARM.Collect$$libshutdown$$0000000E)
    .ARM.Collect$$libshutdown$$0000000F      0x0000012a   Section        2  libshutdown2.o(.ARM.Collect$$libshutdown$$0000000F)
    .ARM.Collect$$rtentry$$00000000          0x0000012c   Section        0  rtentry.o(.ARM.Collect$$rtentry$$00000000)
    .ARM.Collect$$rtentry$$00000002          0x0000012c   Section        0  rtentry2.o(.ARM.Collect$$rtentry$$00000002)
    .ARM.Collect$$rtentry$$00000004          0x0000012c   Section        6  rtentry4.o(.ARM.Collect$$rtentry$$00000004)
    .ARM.Collect$$rtentry$$00000009          0x00000132   Section        0  rtentry2.o(.ARM.Collect$$rtentry$$00000009)
    .ARM.Collect$$rtentry$$0000000A          0x00000132   Section        4  rtentry2.o(.ARM.Collect$$rtentry$$0000000A)
    .ARM.Collect$$rtentry$$0000000C          0x00000136   Section        0  rtentry2.o(.ARM.Collect$$rtentry$$0000000C)
    .ARM.Collect$$rtentry$$0000000D          0x00000136   Section        8  rtentry2.o(.ARM.Collect$$rtentry$$0000000D)
    .ARM.Collect$$rtexit$$00000000           0x0000013e   Section        2  rtexit.o(.ARM.Collect$$rtexit$$00000000)
    .ARM.Collect$$rtexit$$00000002           0x00000140   Section        0  rtexit2.o(.ARM.Collect$$rtexit$$00000002)
    .ARM.Collect$$rtexit$$00000003           0x00000140   Section        4  rtexit2.o(.ARM.Collect$$rtexit$$00000003)
    .ARM.Collect$$rtexit$$00000004           0x00000144   Section        6  rtexit2.o(.ARM.Collect$$rtexit$$00000004)
    .text                                    0x0000014c   Section       68  startup_lks32mc07x.o(.text)
    .text                                    0x00000190   Section        0  rt_memclr.o(.text)
    .text                                    0x000001d0   Section      488  aeabi_sdivfast.o(.text)
    .text                                    0x000003b8   Section        0  heapauxi.o(.text)
    .text                                    0x000003c0   Section        0  ddiv.o(.text)
    .text                                    0x0000080c   Section        0  dfixi.o(.text)
    .text                                    0x00000878   Section        0  dflti.o(.text)
    .text                                    0x000008d0   Section        0  dmul.o(.text)
    .text                                    0x00000b28   Section        0  f2d.o(.text)
    .text                                    0x00000b80   Section        0  dcmpin.o(.text)
    .text                                    0x00000c10   Section        0  cmpret.o(.text)
    .text                                    0x00000c40   Section        0  dnan2.o(.text)
    .text                                    0x00000c54   Section       62  sys_stackheap_outer.o(.text)
    .text                                    0x00000c92   Section        0  exit.o(.text)
    .text                                    0x00000c9e   Section        0  retnan.o(.text)
    .text                                    0x00000cfc   Section        8  libspace.o(.text)
    .text                                    0x00000d04   Section        0  sys_exit.o(.text)
    .text                                    0x00000d10   Section        2  use_no_semi.o(.text)
    .text                                    0x00000d12   Section        0  indicate_semi.o(.text)
    .text                                    0x00000d12   Section        0  __dczerorl2.o(.text)
    [Anonymous Symbol]                       0x00000d68   Section        0  lks32mc08x_nvr.o(.text.Read_Trim)
    __arm_cp.1_0                             0x00000d9c   Number         4  lks32mc08x_nvr.o(.text.Read_Trim)
    __arm_cp.1_1                             0x00000da0   Number         4  lks32mc08x_nvr.o(.text.Read_Trim)
    PlaceInRAM                               0x00000da4   Section        0  pi_controller.o(PlaceInRAM)
    PlaceInRAM                               0x00000ef0   Section        0  pll.o(PlaceInRAM)
    i.ADC0_IRQHandler                        0x00000f60   Section        0  interrupt.o(i.ADC0_IRQHandler)
    i.ADC1_IRQHandler                        0x00000f9c   Section        0  interrupt.o(i.ADC1_IRQHandler)
    i.ADC_CHN_GAIN_CFG                       0x00000fd8   Section        0  lks32mc07x_adc.o(i.ADC_CHN_GAIN_CFG)
    i.ADC_ClearIRQFlag                       0x00001012   Section        0  lks32mc07x_adc.o(i.ADC_ClearIRQFlag)
    i.ADC_GetConversionValue                 0x00001018   Section        0  lks32mc07x_adc.o(i.ADC_GetConversionValue)
    i.ADC_GetIRQFlag                         0x000010be   Section        0  lks32mc07x_adc.o(i.ADC_GetIRQFlag)
    i.ADC_Init                               0x000010dc   Section        0  lks32mc07x_adc.o(i.ADC_Init)
    i.ADC_StructInit                         0x000011a8   Section        0  lks32mc07x_adc.o(i.ADC_StructInit)
    i.ADC_init                               0x000011cc   Section        0  hardware_init.o(i.ADC_init)
    i.CL0_IRQHandler                         0x00001268   Section        0  interrupt.o(i.CL0_IRQHandler)
    i.CMP_IRQHandler                         0x0000126c   Section        0  interrupt.o(i.CMP_IRQHandler)
    i.Clock_Init                             0x000012d0   Section        0  hardware_init.o(i.Clock_Init)
    i.DSP0_IRQHandler                        0x000012fc   Section        0  interrupt.o(i.DSP0_IRQHandler)
    i.DSP0_cos                               0x00001300   Section        0  lks32mc07x_dsp.o(i.DSP0_cos)
    i.DSP0_div                               0x00001340   Section        0  lks32mc07x_dsp.o(i.DSP0_div)
    i.DSP0_sin                               0x0000137c   Section        0  lks32mc07x_dsp.o(i.DSP0_sin)
    i.DSP_Init                               0x000013bc   Section        0  lks32mc07x_dsp.o(i.DSP_Init)
    i.GPIO_IRQHandler                        0x000013c8   Section        0  interrupt.o(i.GPIO_IRQHandler)
    i.GPIO_Init                              0x000013ca   Section        0  lks32mc07x_gpio.o(i.GPIO_Init)
    i.GPIO_PinAFConfig                       0x0000146c   Section        0  lks32mc07x_gpio.o(i.GPIO_PinAFConfig)
    i.GPIO_ReadInputDataBit                  0x00001578   Section        0  lks32mc07x_gpio.o(i.GPIO_ReadInputDataBit)
    i.GPIO_ResetBits                         0x0000158a   Section        0  lks32mc07x_gpio.o(i.GPIO_ResetBits)
    i.GPIO_SetBits                           0x0000158e   Section        0  lks32mc07x_gpio.o(i.GPIO_SetBits)
    i.GPIO_StructInit                        0x00001592   Section        0  lks32mc07x_gpio.o(i.GPIO_StructInit)
    i.GPIO_init                              0x000015a0   Section        0  hardware_init.o(i.GPIO_init)
    i.HALL0_IRQHandler                       0x0000162c   Section        0  interrupt.o(i.HALL0_IRQHandler)
    i.Hardware_init                          0x0000163c   Section        0  hardware_init.o(i.Hardware_init)
    i.I2C0_IRQHandler                        0x000016ac   Section        0  interrupt.o(i.I2C0_IRQHandler)
    i.IWDG_DISABLE                           0x000016b0   Section        0  lks32mc07x_sys.o(i.IWDG_DISABLE)
    i.LPFFunction                            0x000016c0   Section        0  foc_util.o(i.LPFFunction)
    i.LPFFunction_HR_2                       0x000016d0   Section        0  foc_util.o(i.LPFFunction_HR_2)
    i.MCPWM0_IRQHandler                      0x000016e4   Section        0  interrupt.o(i.MCPWM0_IRQHandler)
    i.MCPWM1_IRQHandler                      0x00001748   Section        0  interrupt.o(i.MCPWM1_IRQHandler)
    i.MCPWM_ClearIRQFlag                     0x0000174c   Section        0  lks32mc07x_mcpwm.o(i.MCPWM_ClearIRQFlag)
    i.MCPWM_GetIRQFlag                       0x00001770   Section        0  lks32mc07x_mcpwm.o(i.MCPWM_GetIRQFlag)
    i.MCPWM_Init                             0x000017cc   Section        0  lks32mc07x_mcpwm.o(i.MCPWM_Init)
    i.MCPWM_StructInit                       0x00001d94   Section        0  lks32mc07x_mcpwm.o(i.MCPWM_StructInit)
    i.MCPWM_init                             0x00001da4   Section        0  hardware_init.o(i.MCPWM_init)
    i.NVIC_DisableIRQ                        0x00001f84   Section        0  hardware_init.o(i.NVIC_DisableIRQ)
    NVIC_DisableIRQ                          0x00001f85   Thumb Code    14  hardware_init.o(i.NVIC_DisableIRQ)
    i.NVIC_SetPriority                       0x00001f98   Section        0  hardware_init.o(i.NVIC_SetPriority)
    NVIC_SetPriority                         0x00001f99   Thumb Code   110  hardware_init.o(i.NVIC_SetPriority)
    i.PWMOutputs                             0x00002010   Section        0  lks32mc07x_mcpwm.o(i.PWMOutputs)
    i.PWRDN_IRQHandler                       0x00002068   Section        0  interrupt.o(i.PWRDN_IRQHandler)
    i.QEP0_IRQHandler                        0x0000206a   Section        0  interrupt.o(i.QEP0_IRQHandler)
    i.QEP1_IRQHandler                        0x0000206c   Section        0  interrupt.o(i.QEP1_IRQHandler)
    i.SIF0_IRQHandler                        0x0000206e   Section        0  interrupt.o(i.SIF0_IRQHandler)
    i.SPI0_IRQHandler                        0x00002070   Section        0  interrupt.o(i.SPI0_IRQHandler)
    i.SW_IRQHandler                          0x00002072   Section        0  interrupt.o(i.SW_IRQHandler)
    i.SYS_AnalogModuleClockCmd               0x00002074   Section        0  lks32mc07x_sys.o(i.SYS_AnalogModuleClockCmd)
    i.SYS_ModuleClockCmd                     0x000020a4   Section        0  lks32mc07x_sys.o(i.SYS_ModuleClockCmd)
    i.SYS_SoftResetModule                    0x000020d4   Section        0  lks32mc07x_sys.o(i.SYS_SoftResetModule)
    i.SoftDelay                              0x000020ec   Section        0  hardware_init.o(i.SoftDelay)
    i.Software_init                          0x00002104   Section        0  main.o(i.Software_init)
    i.SysTick_Handler                        0x00002110   Section        0  interrupt.o(i.SysTick_Handler)
    i.SystemInit                             0x00002130   Section        0  hardware_init.o(i.SystemInit)
    i.Systick_init                           0x00002138   Section        0  hardware_init.o(i.Systick_init)
    i.TIMER0_IRQHandler                      0x0000216c   Section        0  interrupt.o(i.TIMER0_IRQHandler)
    i.TIMER1_IRQHandler                      0x00002178   Section        0  interrupt.o(i.TIMER1_IRQHandler)
    i.TIMER2_IRQHandler                      0x0000217a   Section        0  interrupt.o(i.TIMER2_IRQHandler)
    i.TIMER3_IRQHandler                      0x0000217c   Section        0  interrupt.o(i.TIMER3_IRQHandler)
    i.Trig_Functions                         0x0000217e   Section        0  foc_util.o(i.Trig_Functions)
    i.UART0_IRQHandler                       0x00002196   Section        0  interrupt.o(i.UART0_IRQHandler)
    i.UART1_IRQHandler                       0x00002198   Section        0  interrupt.o(i.UART1_IRQHandler)
    i.Udq_2_Uab                              0x0000219c   Section        0  foc.o(i.Udq_2_Uab)
    i.WAKE_IRQHandler                        0x000021d4   Section        0  interrupt.o(i.WAKE_IRQHandler)
    i.__ARM_common_switch8                   0x000021d6   Section        0  app.o(i.__ARM_common_switch8)
    i.app_cali_demon_loop                    0x000021f2   Section        0  app.o(i.app_cali_demon_loop)
    i.app_init                               0x000021fc   Section        0  app.o(i.app_init)
    i.app_set_sv_config                      0x00002254   Section        0  app.o(i.app_set_sv_config)
    i.butter_bandpass_220                    0x000022b0   Section        0  foc_util.o(i.butter_bandpass_220)
    i.butter_bandpass_220_reset              0x0000231c   Section        0  foc_util.o(i.butter_bandpass_220_reset)
    i.butter_bandpass_550_reset              0x00002340   Section        0  foc_util.o(i.butter_bandpass_550_reset)
    i.foc_core_init                          0x00002364   Section        0  foc.o(i.foc_core_init)
    i.foc_core_isr                           0x0000251c   Section        0  foc.o(i.foc_core_isr)
    i.foc_core_set_lh_adc_offset             0x000026e4   Section        0  foc.o(i.foc_core_set_lh_adc_offset)
    i.foc_core_set_max_abc_current           0x000026f8   Section        0  foc.o(i.foc_core_set_max_abc_current)
    i.foc_core_set_max_overload              0x00002708   Section        0  foc.o(i.foc_core_set_max_overload)
    i.foc_core_set_open_drive_mode           0x00002724   Section        0  foc.o(i.foc_core_set_open_drive_mode)
    i.foc_core_set_swing_base_m_theta        0x00002748   Section        0  foc.o(i.foc_core_set_swing_base_m_theta)
    i.foc_core_set_zero_m_theta_align        0x00002764   Section        0  foc.o(i.foc_core_set_zero_m_theta_align)
    i.foc_core_svm_gen                       0x00002784   Section        0  foc.o(i.foc_core_svm_gen)
    i.m_theta_to_e_theta                     0x00002970   Section        0  foc.o(i.m_theta_to_e_theta)
    i.main                                   0x00002988   Section        0  main.o(i.main)
    i.mode_theta                             0x00002994   Section        0  foc_util.o(i.mode_theta)
    i.notch_filter_220                       0x000029bc   Section        0  foc_util.o(i.notch_filter_220)
    i.notch_filter_220_reset                 0x00002a38   Section        0  foc_util.o(i.notch_filter_220_reset)
    i.notch_filter_550_reset                 0x00002a5c   Section        0  foc_util.o(i.notch_filter_550_reset)
    i.open_dirve_proc                        0x00002a80   Section        0  foc.o(i.open_dirve_proc)
    i.open_drive_test                        0x00002aa4   Section        0  app.o(i.open_drive_test)
    i.pos_speed_loop                         0x00002afc   Section        0  foc.o(i.pos_speed_loop)
    i.sw_vb_lh_adc_offset_proc               0x00002c38   Section        0  foc.o(i.sw_vb_lh_adc_offset_proc)
    i.sw_vb_m_theta_align_proc               0x00002da4   Section        0  foc.o(i.sw_vb_m_theta_align_proc)
    i.sw_vb_pullback_proc                    0x00002e78   Section        0  foc.o(i.sw_vb_pullback_proc)
    i.sw_vb_set_base_proc                    0x00003200   Section        0  foc.o(i.sw_vb_set_base_proc)
    i.sw_vibration_proc                      0x000032ac   Section        0  foc.o(i.sw_vibration_proc)
    i.sw_work_proc                           0x0000337c   Section        0  foc.o(i.sw_work_proc)
    i.theta_distance                         0x000035ec   Section        0  foc_util.o(i.theta_distance)
    i.u16_abs                                0x00003614   Section        0  foc.o(i.u16_abs)
    u16_abs                                  0x00003615   Thumb Code    16  foc.o(i.u16_abs)
    i.user_1ms_call                          0x00003624   Section        0  main.o(i.user_1ms_call)
    x$fpl$drleqf                             0x0000362c   Section      104  drlef.o(x$fpl$drleqf)
    .constdata                               0x00003694   Section      128  ddiv.o(.constdata)
    x$fpl$usenofp                            0x00003694   Section        0  usenofp.o(x$fpl$usenofp)
    ddiv_reciptbl                            0x00003694   Data         128  ddiv.o(.constdata)
    .data                                    0x20000000   Section       12  interrupt.o(.data)
    .data                                    0x2000000c   Section       57  app.o(.data)
    phase                                    0x20000010   Data           1  app.o(.data)
    wait_cnt                                 0x20000014   Data           4  app.o(.data)
    phase                                    0x20000018   Data           1  app.o(.data)
    wait_cnt                                 0x2000001c   Data           4  app.o(.data)
    phase                                    0x20000020   Data           1  app.o(.data)
    wait                                     0x20000024   Data           4  app.o(.data)
    phase                                    0x20000028   Data           1  app.o(.data)
    wait                                     0x2000002c   Data           4  app.o(.data)
    duty                                     0x20000030   Data           2  app.o(.data)
    theta                                    0x20000034   Data           4  app.o(.data)
    btn_cnt                                  0x20000038   Data           4  app.o(.data)
    loop_ctrl_ms                             0x2000003c   Data           4  app.o(.data)
    .data                                    0x20000046   Section        2  lks32mc07x_dsp.o(.data)
    dsp_num                                  0x20000046   Data           2  lks32mc07x_dsp.o(.data)
    .data                                    0x20000048   Section      376  foc.o(.data)
    .data                                    0x200001c0   Section       28  foc_util.o(.data)
    PlaceInRAM                               0x200001dc   Section        4  foc_util.o(PlaceInRAM)
    .bss                                     0x200001e0   Section       12  app.o(.bss)
    .bss                                     0x200001ec   Section      416  foc.o(.bss)
    .bss                                     0x2000038c   Section       96  libspace.o(.bss)
    HEAP                                     0x200003f0   Section      512  startup_lks32mc07x.o(HEAP)
    Heap_Mem                                 0x200003f0   Data         512  startup_lks32mc07x.o(HEAP)
    STACK                                    0x200005f0   Section     1024  startup_lks32mc07x.o(STACK)
    Stack_Mem                                0x200005f0   Data        1024  startup_lks32mc07x.o(STACK)
    __initial_sp                             0x200009f0   Data           0  startup_lks32mc07x.o(STACK)

    Global Symbols

    Symbol Name                              Value     Ov Type        Size  Object(Section)

    BuildAttributes$$THM_ISAv3M$S$PE$A:L22$X:L11$S22$IEEE1$IW$USESV6$~STKCKD$USESV7$~SHL$OTIME$ROPI$EBA8$UX$STANDARDLIB$REQ8$PRES8$EABIv2 0x00000000   Number         0  anon$$obj.o ABSOLUTE
    __ARM_use_no_argv                        0x00000000   Number         0  main.o ABSOLUTE
    __Vectors                                0x00000000   Data           4  startup_lks32mc07x.o(RESET)
    __ARM_exceptions_init                     - Undefined Weak Reference
    __alloca_initialize                       - Undefined Weak Reference
    __cpp_initialize__aeabi_                  - Undefined Weak Reference
    __cxa_finalize                            - Undefined Weak Reference
    __rt_locale                               - Undefined Weak Reference
    __sigvec_lookup                           - Undefined Weak Reference
    _atexit_init                              - Undefined Weak Reference
    _call_atexit_fns                          - Undefined Weak Reference
    _clock_init                               - Undefined Weak Reference
    _fp_trap_init                             - Undefined Weak Reference
    _fp_trap_shutdown                         - Undefined Weak Reference
    _get_lc_collate                           - Undefined Weak Reference
    _get_lc_ctype                             - Undefined Weak Reference
    _get_lc_monetary                          - Undefined Weak Reference
    _get_lc_numeric                           - Undefined Weak Reference
    _get_lc_time                              - Undefined Weak Reference
    _getenv_init                              - Undefined Weak Reference
    _handle_redirection                       - Undefined Weak Reference
    _init_alloc                               - Undefined Weak Reference
    _init_user_alloc                          - Undefined Weak Reference
    _initio                                   - Undefined Weak Reference
    _rand_init                                - Undefined Weak Reference
    _signal_finish                            - Undefined Weak Reference
    _signal_init                              - Undefined Weak Reference
    _terminate_alloc                          - Undefined Weak Reference
    _terminate_user_alloc                     - Undefined Weak Reference
    _terminateio                              - Undefined Weak Reference
    __Vectors_End                            0x000000c0   Data           0  startup_lks32mc07x.o(RESET)
    __Vectors_Size                           0x000000c0   Number         0  startup_lks32mc07x.o ABSOLUTE
    __main                                   0x000000c1   Thumb Code     8  __main.o(!!!main)
    __scatterload                            0x000000c9   Thumb Code     0  __scatter.o(!!!scatter)
    __scatterload_rt2                        0x000000c9   Thumb Code    52  __scatter.o(!!!scatter)
    __scatterload_rt2_thumb_only             0x000000c9   Thumb Code     0  __scatter.o(!!!scatter)
    __scatterload_null                       0x000000d9   Thumb Code     0  __scatter.o(!!!scatter)
    __scatterload_zeroinit                   0x00000105   Thumb Code    28  __scatter_zi.o(!!handler_zi)
    __rt_lib_init                            0x00000121   Thumb Code     0  libinit.o(.ARM.Collect$$libinit$$00000000)
    __rt_lib_init_fp_1                       0x00000123   Thumb Code     0  libinit2.o(.ARM.Collect$$libinit$$00000001)
    __rt_lib_init_alloca_1                   0x00000127   Thumb Code     0  libinit2.o(.ARM.Collect$$libinit$$0000002C)
    __rt_lib_init_argv_1                     0x00000127   Thumb Code     0  libinit2.o(.ARM.Collect$$libinit$$0000002A)
    __rt_lib_init_atexit_1                   0x00000127   Thumb Code     0  libinit2.o(.ARM.Collect$$libinit$$00000019)
    __rt_lib_init_clock_1                    0x00000127   Thumb Code     0  libinit2.o(.ARM.Collect$$libinit$$0000001F)
    __rt_lib_init_cpp_1                      0x00000127   Thumb Code     0  libinit2.o(.ARM.Collect$$libinit$$00000030)
    __rt_lib_init_exceptions_1               0x00000127   Thumb Code     0  libinit2.o(.ARM.Collect$$libinit$$0000002E)
    __rt_lib_init_fp_trap_1                  0x00000127   Thumb Code     0  libinit2.o(.ARM.Collect$$libinit$$0000001D)
    __rt_lib_init_getenv_1                   0x00000127   Thumb Code     0  libinit2.o(.ARM.Collect$$libinit$$00000021)
    __rt_lib_init_heap_1                     0x00000127   Thumb Code     0  libinit2.o(.ARM.Collect$$libinit$$00000008)
    __rt_lib_init_lc_collate_1               0x00000127   Thumb Code     0  libinit2.o(.ARM.Collect$$libinit$$0000000F)
    __rt_lib_init_lc_ctype_1                 0x00000127   Thumb Code     0  libinit2.o(.ARM.Collect$$libinit$$00000011)
    __rt_lib_init_lc_monetary_1              0x00000127   Thumb Code     0  libinit2.o(.ARM.Collect$$libinit$$00000013)
    __rt_lib_init_lc_numeric_1               0x00000127   Thumb Code     0  libinit2.o(.ARM.Collect$$libinit$$00000015)
    __rt_lib_init_lc_time_1                  0x00000127   Thumb Code     0  libinit2.o(.ARM.Collect$$libinit$$00000017)
    __rt_lib_init_rand_1                     0x00000127   Thumb Code     0  libinit2.o(.ARM.Collect$$libinit$$0000000C)
    __rt_lib_init_return                     0x00000127   Thumb Code     0  libinit2.o(.ARM.Collect$$libinit$$00000031)
    __rt_lib_init_signal_1                   0x00000127   Thumb Code     0  libinit2.o(.ARM.Collect$$libinit$$0000001B)
    __rt_lib_init_stdio_1                    0x00000127   Thumb Code     0  libinit2.o(.ARM.Collect$$libinit$$00000023)
    __rt_lib_init_user_alloc_1               0x00000127   Thumb Code     0  libinit2.o(.ARM.Collect$$libinit$$0000000A)
    __rt_lib_shutdown                        0x00000129   Thumb Code     0  libshutdown.o(.ARM.Collect$$libshutdown$$00000000)
    __rt_lib_shutdown_fp_trap_1              0x0000012b   Thumb Code     0  libshutdown2.o(.ARM.Collect$$libshutdown$$00000006)
    __rt_lib_shutdown_heap_1                 0x0000012b   Thumb Code     0  libshutdown2.o(.ARM.Collect$$libshutdown$$0000000E)
    __rt_lib_shutdown_return                 0x0000012b   Thumb Code     0  libshutdown2.o(.ARM.Collect$$libshutdown$$0000000F)
    __rt_lib_shutdown_signal_1               0x0000012b   Thumb Code     0  libshutdown2.o(.ARM.Collect$$libshutdown$$00000009)
    __rt_lib_shutdown_stdio_1                0x0000012b   Thumb Code     0  libshutdown2.o(.ARM.Collect$$libshutdown$$00000003)
    __rt_lib_shutdown_user_alloc_1           0x0000012b   Thumb Code     0  libshutdown2.o(.ARM.Collect$$libshutdown$$0000000B)
    __rt_entry                               0x0000012d   Thumb Code     0  rtentry.o(.ARM.Collect$$rtentry$$00000000)
    __rt_entry_presh_1                       0x0000012d   Thumb Code     0  rtentry2.o(.ARM.Collect$$rtentry$$00000002)
    __rt_entry_sh                            0x0000012d   Thumb Code     0  rtentry4.o(.ARM.Collect$$rtentry$$00000004)
    __rt_entry_li                            0x00000133   Thumb Code     0  rtentry2.o(.ARM.Collect$$rtentry$$0000000A)
    __rt_entry_postsh_1                      0x00000133   Thumb Code     0  rtentry2.o(.ARM.Collect$$rtentry$$00000009)
    __rt_entry_main                          0x00000137   Thumb Code     0  rtentry2.o(.ARM.Collect$$rtentry$$0000000D)
    __rt_entry_postli_1                      0x00000137   Thumb Code     0  rtentry2.o(.ARM.Collect$$rtentry$$0000000C)
    __rt_exit                                0x0000013f   Thumb Code     0  rtexit.o(.ARM.Collect$$rtexit$$00000000)
    __rt_exit_ls                             0x00000141   Thumb Code     0  rtexit2.o(.ARM.Collect$$rtexit$$00000003)
    __rt_exit_prels_1                        0x00000141   Thumb Code     0  rtexit2.o(.ARM.Collect$$rtexit$$00000002)
    __rt_exit_exit                           0x00000145   Thumb Code     0  rtexit2.o(.ARM.Collect$$rtexit$$00000004)
    Reset_Handler                            0x0000014d   Thumb Code    14  startup_lks32mc07x.o(.text)
    NMI_Handler                              0x0000015b   Thumb Code     2  startup_lks32mc07x.o(.text)
    HardFault_Handler                        0x0000015d   Thumb Code     2  startup_lks32mc07x.o(.text)
    SVC_Handler                              0x0000015f   Thumb Code     2  startup_lks32mc07x.o(.text)
    PendSV_Handler                           0x00000161   Thumb Code     2  startup_lks32mc07x.o(.text)
    CAN0_IRQHandler                          0x00000165   Thumb Code     0  startup_lks32mc07x.o(.text)
    DMA0_IRQHandler                          0x00000165   Thumb Code     0  startup_lks32mc07x.o(.text)
    __user_initial_stackheap                 0x00000169   Thumb Code     0  startup_lks32mc07x.o(.text)
    _memset_w                                0x00000191   Thumb Code    26  rt_memclr.o(.text)
    _memset                                  0x000001ab   Thumb Code    30  rt_memclr.o(.text)
    __aeabi_memclr                           0x000001c9   Thumb Code     4  rt_memclr.o(.text)
    __rt_memclr                              0x000001c9   Thumb Code     0  rt_memclr.o(.text)
    __aeabi_memclr4                          0x000001cd   Thumb Code     0  rt_memclr.o(.text)
    __aeabi_memclr8                          0x000001cd   Thumb Code     0  rt_memclr.o(.text)
    __rt_memclr_w                            0x000001cd   Thumb Code     4  rt_memclr.o(.text)
    __aeabi_uidiv                            0x000001d1   Thumb Code     0  aeabi_sdivfast.o(.text)
    __aeabi_uidivmod                         0x000001d1   Thumb Code    28  aeabi_sdivfast.o(.text)
    __aeabi_idiv                             0x000001ed   Thumb Code     0  aeabi_sdivfast.o(.text)
    __aeabi_idivmod                          0x000001ed   Thumb Code   460  aeabi_sdivfast.o(.text)
    __use_two_region_memory                  0x000003b9   Thumb Code     2  heapauxi.o(.text)
    __rt_heap_escrow$2region                 0x000003bb   Thumb Code     2  heapauxi.o(.text)
    __rt_heap_expand$2region                 0x000003bd   Thumb Code     2  heapauxi.o(.text)
    __aeabi_ddiv                             0x000003c1   Thumb Code     0  ddiv.o(.text)
    _ddiv                                    0x000003c1   Thumb Code  1076  ddiv.o(.text)
    _drdiv                                   0x000007f5   Thumb Code    20  ddiv.o(.text)
    __aeabi_d2iz                             0x0000080d   Thumb Code     0  dfixi.o(.text)
    _dfix                                    0x0000080d   Thumb Code    96  dfixi.o(.text)
    __aeabi_i2d_normalise                    0x00000879   Thumb Code    66  dflti.o(.text)
    __aeabi_i2d                              0x000008bb   Thumb Code    16  dflti.o(.text)
    _dflt                                    0x000008bb   Thumb Code     0  dflti.o(.text)
    __aeabi_ui2d                             0x000008cb   Thumb Code     6  dflti.o(.text)
    _dfltu                                   0x000008cb   Thumb Code     0  dflti.o(.text)
    __aeabi_dmul                             0x000008d1   Thumb Code     0  dmul.o(.text)
    _dmul                                    0x000008d1   Thumb Code   578  dmul.o(.text)
    __aeabi_f2d                              0x00000b29   Thumb Code     0  f2d.o(.text)
    _f2d                                     0x00000b29   Thumb Code    82  f2d.o(.text)
    __fpl_dcmp_InfNaN                        0x00000b81   Thumb Code   140  dcmpin.o(.text)
    __fpl_cmpreturn                          0x00000c11   Thumb Code    42  cmpret.o(.text)
    __fpl_dcheck_NaN2                        0x00000c41   Thumb Code    14  dnan2.o(.text)
    __user_setup_stackheap                   0x00000c55   Thumb Code    62  sys_stackheap_outer.o(.text)
    exit                                     0x00000c93   Thumb Code    12  exit.o(.text)
    __fpl_return_NaN                         0x00000c9f   Thumb Code    94  retnan.o(.text)
    __user_libspace                          0x00000cfd   Thumb Code     8  libspace.o(.text)
    __user_perproc_libspace                  0x00000cfd   Thumb Code     0  libspace.o(.text)
    __user_perthread_libspace                0x00000cfd   Thumb Code     0  libspace.o(.text)
    _sys_exit                                0x00000d05   Thumb Code     8  sys_exit.o(.text)
    __I$use$semihosting                      0x00000d11   Thumb Code     0  use_no_semi.o(.text)
    __use_no_semihosting_swi                 0x00000d11   Thumb Code     2  use_no_semi.o(.text)
    __decompress                             0x00000d13   Thumb Code     0  __dczerorl2.o(.text)
    __decompress1                            0x00000d13   Thumb Code    86  __dczerorl2.o(.text)
    __semihosting_library_function           0x00000d13   Thumb Code     0  indicate_semi.o(.text)
    Read_Trim                                0x00000d69   Thumb Code    52  lks32mc08x_nvr.o(.text.Read_Trim)
    pi_controller_reset                      0x00000da5   Thumb Code    10  pi_controller.o(PlaceInRAM)
    pi_controller                            0x00000daf   Thumb Code   154  pi_controller.o(PlaceInRAM)
    ser_pi_controller                        0x00000e49   Thumb Code    90  pi_controller.o(PlaceInRAM)
    ser_anti_intergral_pi_controller         0x00000ea3   Thumb Code    72  pi_controller.o(PlaceInRAM)
    pll                                      0x00000ef1   Thumb Code   108  pll.o(PlaceInRAM)
    ADC0_IRQHandler                          0x00000f61   Thumb Code    56  interrupt.o(i.ADC0_IRQHandler)
    ADC1_IRQHandler                          0x00000f9d   Thumb Code    56  interrupt.o(i.ADC1_IRQHandler)
    ADC_CHN_GAIN_CFG                         0x00000fd9   Thumb Code    58  lks32mc07x_adc.o(i.ADC_CHN_GAIN_CFG)
    ADC_ClearIRQFlag                         0x00001013   Thumb Code     6  lks32mc07x_adc.o(i.ADC_ClearIRQFlag)
    ADC_GetConversionValue                   0x00001019   Thumb Code   166  lks32mc07x_adc.o(i.ADC_GetConversionValue)
    ADC_GetIRQFlag                           0x000010bf   Thumb Code    28  lks32mc07x_adc.o(i.ADC_GetIRQFlag)
    ADC_Init                                 0x000010dd   Thumb Code   192  lks32mc07x_adc.o(i.ADC_Init)
    ADC_StructInit                           0x000011a9   Thumb Code    34  lks32mc07x_adc.o(i.ADC_StructInit)
    ADC_init                                 0x000011cd   Thumb Code   148  hardware_init.o(i.ADC_init)
    CL0_IRQHandler                           0x00001269   Thumb Code     2  interrupt.o(i.CL0_IRQHandler)
    CMP_IRQHandler                           0x0000126d   Thumb Code    90  interrupt.o(i.CMP_IRQHandler)
    Clock_Init                               0x000012d1   Thumb Code    32  hardware_init.o(i.Clock_Init)
    DSP0_IRQHandler                          0x000012fd   Thumb Code     2  interrupt.o(i.DSP0_IRQHandler)
    DSP0_cos                                 0x00001301   Thumb Code    54  lks32mc07x_dsp.o(i.DSP0_cos)
    DSP0_div                                 0x00001341   Thumb Code    50  lks32mc07x_dsp.o(i.DSP0_div)
    DSP0_sin                                 0x0000137d   Thumb Code    54  lks32mc07x_dsp.o(i.DSP0_sin)
    DSP_Init                                 0x000013bd   Thumb Code    12  lks32mc07x_dsp.o(i.DSP_Init)
    GPIO_IRQHandler                          0x000013c9   Thumb Code     2  interrupt.o(i.GPIO_IRQHandler)
    GPIO_Init                                0x000013cb   Thumb Code   162  lks32mc07x_gpio.o(i.GPIO_Init)
    GPIO_PinAFConfig                         0x0000146d   Thumb Code   258  lks32mc07x_gpio.o(i.GPIO_PinAFConfig)
    GPIO_ReadInputDataBit                    0x00001579   Thumb Code    18  lks32mc07x_gpio.o(i.GPIO_ReadInputDataBit)
    GPIO_ResetBits                           0x0000158b   Thumb Code     4  lks32mc07x_gpio.o(i.GPIO_ResetBits)
    GPIO_SetBits                             0x0000158f   Thumb Code     4  lks32mc07x_gpio.o(i.GPIO_SetBits)
    GPIO_StructInit                          0x00001593   Thumb Code    14  lks32mc07x_gpio.o(i.GPIO_StructInit)
    GPIO_init                                0x000015a1   Thumb Code   134  hardware_init.o(i.GPIO_init)
    HALL0_IRQHandler                         0x0000162d   Thumb Code    10  interrupt.o(i.HALL0_IRQHandler)
    Hardware_init                            0x0000163d   Thumb Code    94  hardware_init.o(i.Hardware_init)
    I2C0_IRQHandler                          0x000016ad   Thumb Code     2  interrupt.o(i.I2C0_IRQHandler)
    IWDG_DISABLE                             0x000016b1   Thumb Code    10  lks32mc07x_sys.o(i.IWDG_DISABLE)
    LPFFunction                              0x000016c1   Thumb Code    16  foc_util.o(i.LPFFunction)
    LPFFunction_HR_2                         0x000016d1   Thumb Code    20  foc_util.o(i.LPFFunction_HR_2)
    MCPWM0_IRQHandler                        0x000016e5   Thumb Code    88  interrupt.o(i.MCPWM0_IRQHandler)
    MCPWM1_IRQHandler                        0x00001749   Thumb Code     2  interrupt.o(i.MCPWM1_IRQHandler)
    MCPWM_ClearIRQFlag                       0x0000174d   Thumb Code    32  lks32mc07x_mcpwm.o(i.MCPWM_ClearIRQFlag)
    MCPWM_GetIRQFlag                         0x00001771   Thumb Code    86  lks32mc07x_mcpwm.o(i.MCPWM_GetIRQFlag)
    MCPWM_Init                               0x000017cd   Thumb Code  1472  lks32mc07x_mcpwm.o(i.MCPWM_Init)
    MCPWM_StructInit                         0x00001d95   Thumb Code    14  lks32mc07x_mcpwm.o(i.MCPWM_StructInit)
    MCPWM_init                               0x00001da5   Thumb Code   464  hardware_init.o(i.MCPWM_init)
    PWMOutputs                               0x00002011   Thumb Code    80  lks32mc07x_mcpwm.o(i.PWMOutputs)
    PWRDN_IRQHandler                         0x00002069   Thumb Code     2  interrupt.o(i.PWRDN_IRQHandler)
    QEP0_IRQHandler                          0x0000206b   Thumb Code     2  interrupt.o(i.QEP0_IRQHandler)
    QEP1_IRQHandler                          0x0000206d   Thumb Code     2  interrupt.o(i.QEP1_IRQHandler)
    SIF0_IRQHandler                          0x0000206f   Thumb Code     2  interrupt.o(i.SIF0_IRQHandler)
    SPI0_IRQHandler                          0x00002071   Thumb Code     2  interrupt.o(i.SPI0_IRQHandler)
    SW_IRQHandler                            0x00002073   Thumb Code     2  interrupt.o(i.SW_IRQHandler)
    SYS_AnalogModuleClockCmd                 0x00002075   Thumb Code    38  lks32mc07x_sys.o(i.SYS_AnalogModuleClockCmd)
    SYS_ModuleClockCmd                       0x000020a5   Thumb Code    38  lks32mc07x_sys.o(i.SYS_ModuleClockCmd)
    SYS_SoftResetModule                      0x000020d5   Thumb Code    16  lks32mc07x_sys.o(i.SYS_SoftResetModule)
    SoftDelay                                0x000020ed   Thumb Code    24  hardware_init.o(i.SoftDelay)
    Software_init                            0x00002105   Thumb Code    12  main.o(i.Software_init)
    SysTick_Handler                          0x00002111   Thumb Code    26  interrupt.o(i.SysTick_Handler)
    SystemInit                               0x00002131   Thumb Code     8  hardware_init.o(i.SystemInit)
    Systick_init                             0x00002139   Thumb Code    44  hardware_init.o(i.Systick_init)
    TIMER0_IRQHandler                        0x0000216d   Thumb Code     8  interrupt.o(i.TIMER0_IRQHandler)
    TIMER1_IRQHandler                        0x00002179   Thumb Code     2  interrupt.o(i.TIMER1_IRQHandler)
    TIMER2_IRQHandler                        0x0000217b   Thumb Code     2  interrupt.o(i.TIMER2_IRQHandler)
    TIMER3_IRQHandler                        0x0000217d   Thumb Code     2  interrupt.o(i.TIMER3_IRQHandler)
    Trig_Functions                           0x0000217f   Thumb Code    24  foc_util.o(i.Trig_Functions)
    UART0_IRQHandler                         0x00002197   Thumb Code     2  interrupt.o(i.UART0_IRQHandler)
    UART1_IRQHandler                         0x00002199   Thumb Code     2  interrupt.o(i.UART1_IRQHandler)
    Udq_2_Uab                                0x0000219d   Thumb Code    50  foc.o(i.Udq_2_Uab)
    WAKE_IRQHandler                          0x000021d5   Thumb Code     2  interrupt.o(i.WAKE_IRQHandler)
    __ARM_common_switch8                     0x000021d7   Thumb Code    28  app.o(i.__ARM_common_switch8)
    app_cali_demon_loop                      0x000021f3   Thumb Code     8  app.o(i.app_cali_demon_loop)
    app_init                                 0x000021fd   Thumb Code    64  app.o(i.app_init)
    app_set_sv_config                        0x00002255   Thumb Code    72  app.o(i.app_set_sv_config)
    butter_bandpass_220                      0x000022b1   Thumb Code    86  foc_util.o(i.butter_bandpass_220)
    butter_bandpass_220_reset                0x0000231d   Thumb Code    20  foc_util.o(i.butter_bandpass_220_reset)
    butter_bandpass_550_reset                0x00002341   Thumb Code    20  foc_util.o(i.butter_bandpass_550_reset)
    foc_core_init                            0x00002365   Thumb Code   358  foc.o(i.foc_core_init)
    foc_core_isr                             0x0000251d   Thumb Code   384  foc.o(i.foc_core_isr)
    foc_core_set_lh_adc_offset               0x000026e5   Thumb Code    10  foc.o(i.foc_core_set_lh_adc_offset)
    foc_core_set_max_abc_current             0x000026f9   Thumb Code    10  foc.o(i.foc_core_set_max_abc_current)
    foc_core_set_max_overload                0x00002709   Thumb Code    22  foc.o(i.foc_core_set_max_overload)
    foc_core_set_open_drive_mode             0x00002725   Thumb Code    28  foc.o(i.foc_core_set_open_drive_mode)
    foc_core_set_swing_base_m_theta          0x00002749   Thumb Code    22  foc.o(i.foc_core_set_swing_base_m_theta)
    foc_core_set_zero_m_theta_align          0x00002765   Thumb Code    26  foc.o(i.foc_core_set_zero_m_theta_align)
    foc_core_svm_gen                         0x00002785   Thumb Code   478  foc.o(i.foc_core_svm_gen)
    m_theta_to_e_theta                       0x00002971   Thumb Code    18  foc.o(i.m_theta_to_e_theta)
    main                                     0x00002989   Thumb Code    12  main.o(i.main)
    mode_theta                               0x00002995   Thumb Code    34  foc_util.o(i.mode_theta)
    notch_filter_220                         0x000029bd   Thumb Code   100  foc_util.o(i.notch_filter_220)
    notch_filter_220_reset                   0x00002a39   Thumb Code    20  foc_util.o(i.notch_filter_220_reset)
    notch_filter_550_reset                   0x00002a5d   Thumb Code    20  foc_util.o(i.notch_filter_550_reset)
    open_dirve_proc                          0x00002a81   Thumb Code    22  foc.o(i.open_dirve_proc)
    open_drive_test                          0x00002aa5   Thumb Code    74  app.o(i.open_drive_test)
    pos_speed_loop                           0x00002afd   Thumb Code   284  foc.o(i.pos_speed_loop)
    sw_vb_lh_adc_offset_proc                 0x00002c39   Thumb Code   324  foc.o(i.sw_vb_lh_adc_offset_proc)
    sw_vb_m_theta_align_proc                 0x00002da5   Thumb Code   176  foc.o(i.sw_vb_m_theta_align_proc)
    sw_vb_pullback_proc                      0x00002e79   Thumb Code   846  foc.o(i.sw_vb_pullback_proc)
    sw_vb_set_base_proc                      0x00003201   Thumb Code   140  foc.o(i.sw_vb_set_base_proc)
    sw_vibration_proc                        0x000032ad   Thumb Code   186  foc.o(i.sw_vibration_proc)
    sw_work_proc                             0x0000337d   Thumb Code   588  foc.o(i.sw_work_proc)
    theta_distance                           0x000035ed   Thumb Code    30  foc_util.o(i.theta_distance)
    user_1ms_call                            0x00003625   Thumb Code     8  main.o(i.user_1ms_call)
    __aeabi_cdrcmple                         0x0000362d   Thumb Code     0  drlef.o(x$fpl$drleqf)
    _drcmple                                 0x0000362d   Thumb Code   100  drlef.o(x$fpl$drleqf)
    __I$use$fp                               0x00003694   Number         0  usenofp.o(x$fpl$usenofp)
    Region$$Table$$Base                      0x00003714   Number         0  anon$$obj.o(Region$$Table)
    Region$$Table$$Limit                     0x00003734   Number         0  anon$$obj.o(Region$$Table)
    MCPWN0INTCnt1                            0x20000000   Data           2  interrupt.o(.data)
    TimingDelay                              0x20000004   Data           4  interrupt.o(.data)
    mcpwm_cnt                                0x20000008   Data           2  interrupt.o(.data)
    MCPWN0INTCnt                             0x2000000a   Data           2  interrupt.o(.data)
    init_wait                                0x2000000c   Data           4  app.o(.data)
    app_ctrl_state                           0x20000040   Data           1  app.o(.data)
    app_ctrl_state_last                      0x20000041   Data           1  app.o(.data)
    app_state                                0x20000042   Data           1  app.o(.data)
    button_pin                               0x20000043   Data           1  app.o(.data)
    last_button_pin                          0x20000044   Data           1  app.o(.data)
    lh_theta_pll_pi                          0x20000048   Data          40  foc.o(.data)
    vibration_pi                             0x20000070   Data          40  foc.o(.data)
    swing_pos_pi                             0x20000098   Data          40  foc.o(.data)
    swing_speed_pi                           0x200000c0   Data          40  foc.o(.data)
    swing_pll_speed_pi                       0x200000e8   Data          40  foc.o(.data)
    pb_pos_pi                                0x20000110   Data          40  foc.o(.data)
    pb_speed_pi                              0x20000138   Data          40  foc.o(.data)
    pb_pll_speed_pi                          0x20000160   Data          40  foc.o(.data)
    sw_vb_mode                               0x20000188   Data           1  foc.o(.data)
    sw_vb_mode_last                          0x20000189   Data           1  foc.o(.data)
    sw_vb_mode_req                           0x2000018a   Data           1  foc.o(.data)
    com_theta_sum                            0x2000018c   Data           4  foc.o(.data)
    com_theta_avg                            0x20000190   Data           4  foc.o(.data)
    com_cnt                                  0x20000194   Data           4  foc.o(.data)
    com_speed_ref                            0x20000198   Data           2  foc.o(.data)
    com_speed_ref_hrlpf                      0x2000019c   Data           4  foc.o(.data)
    lh_adc_offset_0                          0x200001a0   Data           2  foc.o(.data)
    lh_adc_offset_1                          0x200001a2   Data           2  foc.o(.data)
    mc_u_adc_offset                          0x200001a4   Data           2  foc.o(.data)
    mc_v_adc_offset                          0x200001a6   Data           2  foc.o(.data)
    mc_w_adc_offset                          0x200001a8   Data           2  foc.o(.data)
    working_theta                            0x200001ac   Data           4  foc.o(.data)
    sin_cos                                  0x200001b0   Data           4  foc.o(.data)
    sb_m_base_theta                          0x200001b4   Data           1  foc.o(.data)
    open_drive                               0x200001b8   Data           8  foc.o(.data)
    y_n1_sec                                 0x200001c0   Data           2  foc_util.o(.data)
    y_n2_sec                                 0x200001c2   Data           2  foc_util.o(.data)
    u_n1_sec                                 0x200001c4   Data           2  foc_util.o(.data)
    u_n2_sec                                 0x200001c6   Data           2  foc_util.o(.data)
    u_n1                                     0x200001c8   Data           2  foc_util.o(.data)
    u_n2                                     0x200001ca   Data           2  foc_util.o(.data)
    bpy_n1                                   0x200001cc   Data           2  foc_util.o(.data)
    bpy_n2                                   0x200001ce   Data           2  foc_util.o(.data)
    bpx_n1                                   0x200001d0   Data           2  foc_util.o(.data)
    bpx_n2                                   0x200001d2   Data           2  foc_util.o(.data)
    bpy_n1_550                               0x200001d4   Data           2  foc_util.o(.data)
    bpy_n2_550                               0x200001d6   Data           2  foc_util.o(.data)
    bpx_n1_550                               0x200001d8   Data           2  foc_util.o(.data)
    bpx_n2_550                               0x200001da   Data           2  foc_util.o(.data)
    y_n1                                     0x200001dc   Data           2  foc_util.o(PlaceInRAM)
    y_n2                                     0x200001de   Data           2  foc_util.o(PlaceInRAM)
    sv_cfg                                   0x200001e0   Data          12  app.o(.bss)
    svm                                      0x200001ec   Data          20  foc.o(.bss)
    dq                                       0x20000200   Data          12  foc.o(.bss)
    alpha_beta                               0x2000020c   Data          12  foc.o(.bss)
    theta_speed                              0x20000218   Data          56  foc.o(.bss)
    m_theta_align                            0x20000250   Data          20  foc.o(.bss)
    swing                                    0x20000264   Data          80  foc.o(.bss)
    vibration                                0x200002b4   Data          48  foc.o(.bss)
    pb                                       0x200002e4   Data          76  foc.o(.bss)
    lh_adc_offset                            0x20000330   Data          24  foc.o(.bss)
    d_vibration                              0x20000348   Data          24  foc.o(.bss)
    max_cur                                  0x20000360   Data          12  foc.o(.bss)
    over_load                                0x2000036c   Data          32  foc.o(.bss)
    __libspace_start                         0x2000038c   Data          96  libspace.o(.bss)
    __temporary_stack_top$libspace           0x200003ec   Data           0  libspace.o(.bss)



==============================================================================

Memory Map of the image

  Image Entry point : 0x000000c1

  Load Region LR_IROM1 (Base: 0x00000000, Size: 0x00003914, Max: 0x00020000, ABSOLUTE, COMPRESSED[0x000037b4])

    Execution Region ER_IROM1 (Exec base: 0x00000000, Load base: 0x00000000, Size: 0x00003734, Max: 0x00020000, ABSOLUTE)

    Exec Addr    Load Addr    Size         Type   Attr      Idx    E Section Name        Object

    0x00000000   0x00000000   0x000000c0   Data   RO         1527    RESET               startup_lks32mc07x.o
    0x000000c0   0x000000c0   0x00000008   Code   RO         2380  * !!!main             c_p.l(__main.o)
    0x000000c8   0x000000c8   0x0000003c   Code   RO         2572    !!!scatter          c_p.l(__scatter.o)
    0x00000104   0x00000104   0x0000001c   Code   RO         2574    !!handler_zi        c_p.l(__scatter_zi.o)
    0x00000120   0x00000120   0x00000002   Code   RO         2440    .ARM.Collect$$libinit$$00000000  c_p.l(libinit.o)
    0x00000122   0x00000122   0x00000004   Code   RO         2455    .ARM.Collect$$libinit$$00000001  c_p.l(libinit2.o)
    0x00000126   0x00000126   0x00000000   Code   RO         2459    .ARM.Collect$$libinit$$00000008  c_p.l(libinit2.o)
    0x00000126   0x00000126   0x00000000   Code   RO         2461    .ARM.Collect$$libinit$$0000000A  c_p.l(libinit2.o)
    0x00000126   0x00000126   0x00000000   Code   RO         2463    .ARM.Collect$$libinit$$0000000C  c_p.l(libinit2.o)
    0x00000126   0x00000126   0x00000000   Code   RO         2466    .ARM.Collect$$libinit$$0000000F  c_p.l(libinit2.o)
    0x00000126   0x00000126   0x00000000   Code   RO         2468    .ARM.Collect$$libinit$$00000011  c_p.l(libinit2.o)
    0x00000126   0x00000126   0x00000000   Code   RO         2470    .ARM.Collect$$libinit$$00000013  c_p.l(libinit2.o)
    0x00000126   0x00000126   0x00000000   Code   RO         2472    .ARM.Collect$$libinit$$00000015  c_p.l(libinit2.o)
    0x00000126   0x00000126   0x00000000   Code   RO         2474    .ARM.Collect$$libinit$$00000017  c_p.l(libinit2.o)
    0x00000126   0x00000126   0x00000000   Code   RO         2476    .ARM.Collect$$libinit$$00000019  c_p.l(libinit2.o)
    0x00000126   0x00000126   0x00000000   Code   RO         2478    .ARM.Collect$$libinit$$0000001B  c_p.l(libinit2.o)
    0x00000126   0x00000126   0x00000000   Code   RO         2480    .ARM.Collect$$libinit$$0000001D  c_p.l(libinit2.o)
    0x00000126   0x00000126   0x00000000   Code   RO         2482    .ARM.Collect$$libinit$$0000001F  c_p.l(libinit2.o)
    0x00000126   0x00000126   0x00000000   Code   RO         2484    .ARM.Collect$$libinit$$00000021  c_p.l(libinit2.o)
    0x00000126   0x00000126   0x00000000   Code   RO         2486    .ARM.Collect$$libinit$$00000023  c_p.l(libinit2.o)
    0x00000126   0x00000126   0x00000000   Code   RO         2490    .ARM.Collect$$libinit$$0000002A  c_p.l(libinit2.o)
    0x00000126   0x00000126   0x00000000   Code   RO         2492    .ARM.Collect$$libinit$$0000002C  c_p.l(libinit2.o)
    0x00000126   0x00000126   0x00000000   Code   RO         2494    .ARM.Collect$$libinit$$0000002E  c_p.l(libinit2.o)
    0x00000126   0x00000126   0x00000000   Code   RO         2496    .ARM.Collect$$libinit$$00000030  c_p.l(libinit2.o)
    0x00000126   0x00000126   0x00000002   Code   RO         2497    .ARM.Collect$$libinit$$00000031  c_p.l(libinit2.o)
    0x00000128   0x00000128   0x00000002   Code   RO         2528    .ARM.Collect$$libshutdown$$00000000  c_p.l(libshutdown.o)
    0x0000012a   0x0000012a   0x00000000   Code   RO         2555    .ARM.Collect$$libshutdown$$00000003  c_p.l(libshutdown2.o)
    0x0000012a   0x0000012a   0x00000000   Code   RO         2558    .ARM.Collect$$libshutdown$$00000006  c_p.l(libshutdown2.o)
    0x0000012a   0x0000012a   0x00000000   Code   RO         2561    .ARM.Collect$$libshutdown$$00000009  c_p.l(libshutdown2.o)
    0x0000012a   0x0000012a   0x00000000   Code   RO         2563    .ARM.Collect$$libshutdown$$0000000B  c_p.l(libshutdown2.o)
    0x0000012a   0x0000012a   0x00000000   Code   RO         2566    .ARM.Collect$$libshutdown$$0000000E  c_p.l(libshutdown2.o)
    0x0000012a   0x0000012a   0x00000002   Code   RO         2567    .ARM.Collect$$libshutdown$$0000000F  c_p.l(libshutdown2.o)
    0x0000012c   0x0000012c   0x00000000   Code   RO         2397    .ARM.Collect$$rtentry$$00000000  c_p.l(rtentry.o)
    0x0000012c   0x0000012c   0x00000000   Code   RO         2406    .ARM.Collect$$rtentry$$00000002  c_p.l(rtentry2.o)
    0x0000012c   0x0000012c   0x00000006   Code   RO         2418    .ARM.Collect$$rtentry$$00000004  c_p.l(rtentry4.o)
    0x00000132   0x00000132   0x00000000   Code   RO         2408    .ARM.Collect$$rtentry$$00000009  c_p.l(rtentry2.o)
    0x00000132   0x00000132   0x00000004   Code   RO         2409    .ARM.Collect$$rtentry$$0000000A  c_p.l(rtentry2.o)
    0x00000136   0x00000136   0x00000000   Code   RO         2411    .ARM.Collect$$rtentry$$0000000C  c_p.l(rtentry2.o)
    0x00000136   0x00000136   0x00000008   Code   RO         2412    .ARM.Collect$$rtentry$$0000000D  c_p.l(rtentry2.o)
    0x0000013e   0x0000013e   0x00000002   Code   RO         2447    .ARM.Collect$$rtexit$$00000000  c_p.l(rtexit.o)
    0x00000140   0x00000140   0x00000000   Code   RO         2501    .ARM.Collect$$rtexit$$00000002  c_p.l(rtexit2.o)
    0x00000140   0x00000140   0x00000004   Code   RO         2502    .ARM.Collect$$rtexit$$00000003  c_p.l(rtexit2.o)
    0x00000144   0x00000144   0x00000006   Code   RO         2503    .ARM.Collect$$rtexit$$00000004  c_p.l(rtexit2.o)
    0x0000014a   0x0000014a   0x00000002   PAD
    0x0000014c   0x0000014c   0x00000044   Code   RO         1528    .text               startup_lks32mc07x.o
    0x00000190   0x00000190   0x00000040   Code   RO         2372    .text               c_p.l(rt_memclr.o)
    0x000001d0   0x000001d0   0x000001e8   Code   RO         2374    .text               c_p.l(aeabi_sdivfast.o)
    0x000003b8   0x000003b8   0x00000006   Code   RO         2378    .text               c_p.l(heapauxi.o)
    0x000003be   0x000003be   0x00000002   PAD
    0x000003c0   0x000003c0   0x0000044c   Code   RO         2382    .text               fz_ps.l(ddiv.o)
    0x0000080c   0x0000080c   0x0000006c   Code   RO         2385    .text               fz_ps.l(dfixi.o)
    0x00000878   0x00000878   0x00000058   Code   RO         2389    .text               fz_ps.l(dflti.o)
    0x000008d0   0x000008d0   0x00000258   Code   RO         2391    .text               fz_ps.l(dmul.o)
    0x00000b28   0x00000b28   0x00000058   Code   RO         2395    .text               fz_ps.l(f2d.o)
    0x00000b80   0x00000b80   0x00000090   Code   RO         2402    .text               fz_ps.l(dcmpin.o)
    0x00000c10   0x00000c10   0x00000030   Code   RO         2422    .text               fz_ps.l(cmpret.o)
    0x00000c40   0x00000c40   0x00000014   Code   RO         2424    .text               fz_ps.l(dnan2.o)
    0x00000c54   0x00000c54   0x0000003e   Code   RO         2426    .text               c_p.l(sys_stackheap_outer.o)
    0x00000c92   0x00000c92   0x0000000c   Code   RO         2429    .text               c_p.l(exit.o)
    0x00000c9e   0x00000c9e   0x0000005e   Code   RO         2441    .text               fz_ps.l(retnan.o)
    0x00000cfc   0x00000cfc   0x00000008   Code   RO         2443    .text               c_p.l(libspace.o)
    0x00000d04   0x00000d04   0x0000000c   Code   RO         2498    .text               c_p.l(sys_exit.o)
    0x00000d10   0x00000d10   0x00000002   Code   RO         2517    .text               c_p.l(use_no_semi.o)
    0x00000d12   0x00000d12   0x00000000   Code   RO         2519    .text               c_p.l(indicate_semi.o)
    0x00000d12   0x00000d12   0x00000056   Code   RO         2570    .text               c_p.l(__dczerorl2.o)
    0x00000d68   0x00000d68   0x0000003c   Code   RO         2361    .text.Read_Trim     lks32mc07x_nvr.lib(lks32mc08x_nvr.o)
    0x00000da4   0x00000da4   0x0000014c   Code   RO         2314    PlaceInRAM          pi_controller.o
    0x00000ef0   0x00000ef0   0x00000070   Code   RO         2340    PlaceInRAM          pll.o
    0x00000f60   0x00000f60   0x0000003c   Code   RO          377    i.ADC0_IRQHandler   interrupt.o
    0x00000f9c   0x00000f9c   0x0000003c   Code   RO          378    i.ADC1_IRQHandler   interrupt.o
    0x00000fd8   0x00000fd8   0x0000003a   Code   RO          694    i.ADC_CHN_GAIN_CFG  lks32mc07x_adc.o
    0x00001012   0x00001012   0x00000006   Code   RO          695    i.ADC_ClearIRQFlag  lks32mc07x_adc.o
    0x00001018   0x00001018   0x000000a6   Code   RO          696    i.ADC_GetConversionValue  lks32mc07x_adc.o
    0x000010be   0x000010be   0x0000001c   Code   RO          697    i.ADC_GetIRQFlag    lks32mc07x_adc.o
    0x000010da   0x000010da   0x00000002   PAD
    0x000010dc   0x000010dc   0x000000cc   Code   RO          698    i.ADC_Init          lks32mc07x_adc.o
    0x000011a8   0x000011a8   0x00000022   Code   RO          700    i.ADC_StructInit    lks32mc07x_adc.o
    0x000011ca   0x000011ca   0x00000002   PAD
    0x000011cc   0x000011cc   0x0000009c   Code   RO          194    i.ADC_init          hardware_init.o
    0x00001268   0x00001268   0x00000002   Code   RO          379    i.CL0_IRQHandler    interrupt.o
    0x0000126a   0x0000126a   0x00000002   PAD
    0x0000126c   0x0000126c   0x00000064   Code   RO          380    i.CMP_IRQHandler    interrupt.o
    0x000012d0   0x000012d0   0x0000002c   Code   RO          195    i.Clock_Init        hardware_init.o
    0x000012fc   0x000012fc   0x00000002   Code   RO          381    i.DSP0_IRQHandler   interrupt.o
    0x000012fe   0x000012fe   0x00000002   PAD
    0x00001300   0x00001300   0x00000040   Code   RO          892    i.DSP0_cos          lks32mc07x_dsp.o
    0x00001340   0x00001340   0x0000003c   Code   RO          893    i.DSP0_div          lks32mc07x_dsp.o
    0x0000137c   0x0000137c   0x00000040   Code   RO          896    i.DSP0_sin          lks32mc07x_dsp.o
    0x000013bc   0x000013bc   0x0000000c   Code   RO          898    i.DSP_Init          lks32mc07x_dsp.o
    0x000013c8   0x000013c8   0x00000002   Code   RO          384    i.GPIO_IRQHandler   interrupt.o
    0x000013ca   0x000013ca   0x000000a2   Code   RO         1038    i.GPIO_Init         lks32mc07x_gpio.o
    0x0000146c   0x0000146c   0x0000010c   Code   RO         1039    i.GPIO_PinAFConfig  lks32mc07x_gpio.o
    0x00001578   0x00001578   0x00000012   Code   RO         1041    i.GPIO_ReadInputDataBit  lks32mc07x_gpio.o
    0x0000158a   0x0000158a   0x00000004   Code   RO         1044    i.GPIO_ResetBits    lks32mc07x_gpio.o
    0x0000158e   0x0000158e   0x00000004   Code   RO         1045    i.GPIO_SetBits      lks32mc07x_gpio.o
    0x00001592   0x00001592   0x0000000e   Code   RO         1046    i.GPIO_StructInit   lks32mc07x_gpio.o
    0x000015a0   0x000015a0   0x0000008c   Code   RO          198    i.GPIO_init         hardware_init.o
    0x0000162c   0x0000162c   0x00000010   Code   RO          385    i.HALL0_IRQHandler  interrupt.o
    0x0000163c   0x0000163c   0x00000070   Code   RO          199    i.Hardware_init     hardware_init.o
    0x000016ac   0x000016ac   0x00000002   Code   RO          386    i.I2C0_IRQHandler   interrupt.o
    0x000016ae   0x000016ae   0x00000002   PAD
    0x000016b0   0x000016b0   0x00000010   Code   RO         1245    i.IWDG_DISABLE      lks32mc07x_sys.o
    0x000016c0   0x000016c0   0x00000010   Code   RO         2200    i.LPFFunction       foc_util.o
    0x000016d0   0x000016d0   0x00000014   Code   RO         2202    i.LPFFunction_HR_2  foc_util.o
    0x000016e4   0x000016e4   0x00000064   Code   RO          387    i.MCPWM0_IRQHandler  interrupt.o
    0x00001748   0x00001748   0x00000002   Code   RO          388    i.MCPWM1_IRQHandler  interrupt.o
    0x0000174a   0x0000174a   0x00000002   PAD
    0x0000174c   0x0000174c   0x00000024   Code   RO         1198    i.MCPWM_ClearIRQFlag  lks32mc07x_mcpwm.o
    0x00001770   0x00001770   0x0000005c   Code   RO         1199    i.MCPWM_GetIRQFlag  lks32mc07x_mcpwm.o
    0x000017cc   0x000017cc   0x000005c8   Code   RO         1200    i.MCPWM_Init        lks32mc07x_mcpwm.o
    0x00001d94   0x00001d94   0x0000000e   Code   RO         1201    i.MCPWM_StructInit  lks32mc07x_mcpwm.o
    0x00001da2   0x00001da2   0x00000002   PAD
    0x00001da4   0x00001da4   0x000001e0   Code   RO          200    i.MCPWM_init        hardware_init.o
    0x00001f84   0x00001f84   0x00000014   Code   RO          201    i.NVIC_DisableIRQ   hardware_init.o
    0x00001f98   0x00001f98   0x00000078   Code   RO          202    i.NVIC_SetPriority  hardware_init.o
    0x00002010   0x00002010   0x00000058   Code   RO         1202    i.PWMOutputs        lks32mc07x_mcpwm.o
    0x00002068   0x00002068   0x00000002   Code   RO          389    i.PWRDN_IRQHandler  interrupt.o
    0x0000206a   0x0000206a   0x00000002   Code   RO          390    i.QEP0_IRQHandler   interrupt.o
    0x0000206c   0x0000206c   0x00000002   Code   RO          391    i.QEP1_IRQHandler   interrupt.o
    0x0000206e   0x0000206e   0x00000002   Code   RO          392    i.SIF0_IRQHandler   interrupt.o
    0x00002070   0x00002070   0x00000002   Code   RO          393    i.SPI0_IRQHandler   interrupt.o
    0x00002072   0x00002072   0x00000002   Code   RO          394    i.SW_IRQHandler     interrupt.o
    0x00002074   0x00002074   0x00000030   Code   RO         1250    i.SYS_AnalogModuleClockCmd  lks32mc07x_sys.o
    0x000020a4   0x000020a4   0x00000030   Code   RO         1255    i.SYS_ModuleClockCmd  lks32mc07x_sys.o
    0x000020d4   0x000020d4   0x00000018   Code   RO         1258    i.SYS_SoftResetModule  lks32mc07x_sys.o
    0x000020ec   0x000020ec   0x00000018   Code   RO          204    i.SoftDelay         hardware_init.o
    0x00002104   0x00002104   0x0000000c   Code   RO            3    i.Software_init     main.o
    0x00002110   0x00002110   0x00000020   Code   RO          396    i.SysTick_Handler   interrupt.o
    0x00002130   0x00002130   0x00000008   Code   RO          205    i.SystemInit        hardware_init.o
    0x00002138   0x00002138   0x00000034   Code   RO          206    i.Systick_init      hardware_init.o
    0x0000216c   0x0000216c   0x0000000c   Code   RO          397    i.TIMER0_IRQHandler  interrupt.o
    0x00002178   0x00002178   0x00000002   Code   RO          398    i.TIMER1_IRQHandler  interrupt.o
    0x0000217a   0x0000217a   0x00000002   Code   RO          399    i.TIMER2_IRQHandler  interrupt.o
    0x0000217c   0x0000217c   0x00000002   Code   RO          400    i.TIMER3_IRQHandler  interrupt.o
    0x0000217e   0x0000217e   0x00000018   Code   RO         2204    i.Trig_Functions    foc_util.o
    0x00002196   0x00002196   0x00000002   Code   RO          401    i.UART0_IRQHandler  interrupt.o
    0x00002198   0x00002198   0x00000002   Code   RO          402    i.UART1_IRQHandler  interrupt.o
    0x0000219a   0x0000219a   0x00000002   PAD
    0x0000219c   0x0000219c   0x00000038   Code   RO         1888    i.Udq_2_Uab         foc.o
    0x000021d4   0x000021d4   0x00000002   Code   RO          403    i.WAKE_IRQHandler   interrupt.o
    0x000021d6   0x000021d6   0x0000001c   Code   RO          684    i.__ARM_common_switch8  app.o
    0x000021f2   0x000021f2   0x00000008   Code   RO          569    i.app_cali_demon_loop  app.o
    0x000021fa   0x000021fa   0x00000002   PAD
    0x000021fc   0x000021fc   0x00000058   Code   RO          572    i.app_init          app.o
    0x00002254   0x00002254   0x0000005c   Code   RO          573    i.app_set_sv_config  app.o
    0x000022b0   0x000022b0   0x0000006c   Code   RO         2205    i.butter_bandpass_220  foc_util.o
    0x0000231c   0x0000231c   0x00000024   Code   RO         2206    i.butter_bandpass_220_reset  foc_util.o
    0x00002340   0x00002340   0x00000024   Code   RO         2208    i.butter_bandpass_550_reset  foc_util.o
    0x00002364   0x00002364   0x000001b8   Code   RO         1901    i.foc_core_init     foc.o
    0x0000251c   0x0000251c   0x000001c8   Code   RO         1902    i.foc_core_isr      foc.o
    0x000026e4   0x000026e4   0x00000014   Code   RO         1907    i.foc_core_set_lh_adc_offset  foc.o
    0x000026f8   0x000026f8   0x00000010   Code   RO         1909    i.foc_core_set_max_abc_current  foc.o
    0x00002708   0x00002708   0x0000001c   Code   RO         1910    i.foc_core_set_max_overload  foc.o
    0x00002724   0x00002724   0x00000024   Code   RO         1911    i.foc_core_set_open_drive_mode  foc.o
    0x00002748   0x00002748   0x0000001c   Code   RO         1915    i.foc_core_set_swing_base_m_theta  foc.o
    0x00002764   0x00002764   0x00000020   Code   RO         1917    i.foc_core_set_zero_m_theta_align  foc.o
    0x00002784   0x00002784   0x000001ec   Code   RO         1919    i.foc_core_svm_gen  foc.o
    0x00002970   0x00002970   0x00000018   Code   RO         1923    i.m_theta_to_e_theta  foc.o
    0x00002988   0x00002988   0x0000000c   Code   RO            5    i.main              main.o
    0x00002994   0x00002994   0x00000028   Code   RO         2209    i.mode_theta        foc_util.o
    0x000029bc   0x000029bc   0x0000007c   Code   RO         2210    i.notch_filter_220  foc_util.o
    0x00002a38   0x00002a38   0x00000024   Code   RO         2211    i.notch_filter_220_reset  foc_util.o
    0x00002a5c   0x00002a5c   0x00000024   Code   RO         2213    i.notch_filter_550_reset  foc_util.o
    0x00002a80   0x00002a80   0x00000024   Code   RO         1924    i.open_dirve_proc   foc.o
    0x00002aa4   0x00002aa4   0x00000058   Code   RO          583    i.open_drive_test   app.o
    0x00002afc   0x00002afc   0x0000013c   Code   RO         1926    i.pos_speed_loop    foc.o
    0x00002c38   0x00002c38   0x0000016c   Code   RO         1927    i.sw_vb_lh_adc_offset_proc  foc.o
    0x00002da4   0x00002da4   0x000000d4   Code   RO         1928    i.sw_vb_m_theta_align_proc  foc.o
    0x00002e78   0x00002e78   0x00000388   Code   RO         1929    i.sw_vb_pullback_proc  foc.o
    0x00003200   0x00003200   0x000000ac   Code   RO         1930    i.sw_vb_set_base_proc  foc.o
    0x000032ac   0x000032ac   0x000000d0   Code   RO         1931    i.sw_vibration_proc  foc.o
    0x0000337c   0x0000337c   0x00000270   Code   RO         1932    i.sw_work_proc      foc.o
    0x000035ec   0x000035ec   0x00000028   Code   RO         2214    i.theta_distance    foc_util.o
    0x00003614   0x00003614   0x00000010   Code   RO         1933    i.u16_abs           foc.o
    0x00003624   0x00003624   0x00000008   Code   RO            8    i.user_1ms_call     main.o
    0x0000362c   0x0000362c   0x00000068   Code   RO         2393    x$fpl$drleqf        fz_ps.l(drlef.o)
    0x00003694   0x00003694   0x00000000   Code   RO         2404    x$fpl$usenofp       fz_ps.l(usenofp.o)
    0x00003694   0x00003694   0x00000080   Data   RO         2383    .constdata          fz_ps.l(ddiv.o)
    0x00003714   0x00003714   0x00000020   Data   RO         2568    Region$$Table       anon$$obj.o


    Execution Region RW_IRAM1 (Exec base: 0x20000000, Load base: 0x00003734, Size: 0x000009f0, Max: 0x00003000, ABSOLUTE, COMPRESSED[0x00000080])

    Exec Addr    Load Addr    Size         Type   Attr      Idx    E Section Name        Object

    0x20000000   COMPRESSED   0x0000000c   Data   RW          404    .data               interrupt.o
    0x2000000c   COMPRESSED   0x00000039   Data   RW          587    .data               app.o
    0x20000045   COMPRESSED   0x00000001   PAD
    0x20000046   COMPRESSED   0x00000002   Data   RW          900    .data               lks32mc07x_dsp.o
    0x20000048   COMPRESSED   0x00000178   Data   RW         1935    .data               foc.o
    0x200001c0   COMPRESSED   0x0000001c   Data   RW         2215    .data               foc_util.o
    0x200001dc   COMPRESSED   0x00000004   Data   RW         2216    PlaceInRAM          foc_util.o
    0x200001e0        -       0x0000000c   Zero   RW          586    .bss                app.o
    0x200001ec        -       0x000001a0   Zero   RW         1934    .bss                foc.o
    0x2000038c        -       0x00000060   Zero   RW         2444    .bss                c_p.l(libspace.o)
    0x200003ec   COMPRESSED   0x00000004   PAD
    0x200003f0        -       0x00000200   Zero   RW         1526    HEAP                startup_lks32mc07x.o
    0x200005f0        -       0x00000400   Zero   RW         1525    STACK               startup_lks32mc07x.o


==============================================================================

Image component sizes


      Code (inc. data)   RO Data    RW Data    ZI Data      Debug   Object Name

       304         58          0         57         12       6886   app.o
      4480        514          0        376        416      24478   foc.o
       516        126          0         32          0      10293   foc_util.o
      1156         84          0          0          0      23311   hardware_init.o
       414         46          0         12          0      10323   interrupt.o
       496         12          0          0          0       4028   lks32mc07x_adc.o
       200         30          0          2          0       2748   lks32mc07x_dsp.o
       470         28          0          0          0       3849   lks32mc07x_gpio.o
      1710         38          0          0          0      10553   lks32mc07x_mcpwm.o
       136         34          0          0          0       2021   lks32mc07x_sys.o
        32          0          0          0          0      32083   main.o
       332          6          0          0          0       1771   pi_controller.o
       112          4          0          0          0       1034   pll.o
        68         32        192          0       1536        632   startup_lks32mc07x.o

    ----------------------------------------------------------------------
     10444       1012        224        480       1964     134010   Object Totals
         0          0         32          0          0          0   (incl. Generated)
        18          0          0          1          0          0   (incl. Padding)

    ----------------------------------------------------------------------

      Code (inc. data)   RO Data    RW Data    ZI Data      Debug   Library Member Name

        86          0          0          0          0          0   __dczerorl2.o
         8          0          0          0          0         68   __main.o
        60          8          0          0          0          0   __scatter.o
        28          0          0          0          0          0   __scatter_zi.o
       488          0          0          0          0         92   aeabi_sdivfast.o
        12          0          0          0          0         64   exit.o
         6          0          0          0          0        136   heapauxi.o
         0          0          0          0          0          0   indicate_semi.o
         2          0          0          0          0          0   libinit.o
         6          0          0          0          0          0   libinit2.o
         2          0          0          0          0          0   libshutdown.o
         2          0          0          0          0          0   libshutdown2.o
         8          4          0          0         96         68   libspace.o
        64          0          0          0          0        108   rt_memclr.o
         0          0          0          0          0          0   rtentry.o
        12          0          0          0          0          0   rtentry2.o
         6          0          0          0          0          0   rtentry4.o
         2          0          0          0          0          0   rtexit.o
        10          0          0          0          0          0   rtexit2.o
        12          4          0          0          0         60   sys_exit.o
        62          0          0          0          0         80   sys_stackheap_outer.o
         2          0          0          0          0         68   use_no_semi.o
        48          6          0          0          0         60   cmpret.o
       144          4          0          0          0         76   dcmpin.o
      1100         28        128          0          0        116   ddiv.o
       108         12          0          0          0         72   dfixi.o
        88          0          0          0          0         92   dflti.o
       600         22          0          0          0         84   dmul.o
        20          6          0          0          0         68   dnan2.o
       104          4          0          0          0        104   drlef.o
        88          6          0          0          0         60   f2d.o
        94          0          0          0          0         68   retnan.o
         0          0          0          0          0          0   usenofp.o
        60          8          0          0          0        992   lks32mc08x_nvr.o

    ----------------------------------------------------------------------
      3336        112        128          0        100       2536   Library Totals
         4          0          0          0          4          0   (incl. Padding)

    ----------------------------------------------------------------------

      Code (inc. data)   RO Data    RW Data    ZI Data      Debug   Library Name

       878         16          0          0         96        744   c_p.l
      2394         88        128          0          0        800   fz_ps.l
        60          8          0          0          0        992   lks32mc07x_nvr.lib

    ----------------------------------------------------------------------
      3336        112        128          0        100       2536   Library Totals

    ----------------------------------------------------------------------

==============================================================================


      Code (inc. data)   RO Data    RW Data    ZI Data      Debug   

     13780       1124        352        480       2064     131438   Grand Totals
     13780       1124        352        128       2064     131438   ELF Image Totals (compressed)
     13780       1124        352        128          0          0   ROM Totals

==============================================================================

    Total RO  Size (Code + RO Data)                14132 (  13.80kB)
    Total RW  Size (RW Data + ZI Data)              2544 (   2.48kB)
    Total ROM Size (Code + RO Data + RW Data)      14260 (  13.93kB)

==============================================================================

