<html>
<body>
<pre>
<h1>µVision Build Log</h1>
<h2>Tool Versions:</h2>
IDE-Version: ¶ÃVision V5.25.3.0
Copyright (C) 2018 ARM Ltd and ARM Germany GmbH. All rights reserved.
License Information: LU csp, LU, LIC=9WSKC-738IW-RAQDM-XUMAR-1KVDH-CDB8R
 
Tool Versions:
Toolchain:       MDK-ARM Plus  Version: 5.0.5.0
Toolchain Path:  C:\Keil\ARM\ARMCC\Bin
C Compiler:      Armcc.exe V5.03 [Build 76]
Assembler:       Armasm.exe V5.03.0.76
Linker/Locator:  ArmLink.exe V5.03.0.76
Library Manager: ArmAr.exe V5.03.0.76
Hex Converter:   FromElf.exe V5.03.0.76
CPU DLL:         SARMCM3.DLL V5.0.5.0
Dialog DLL:      DARMCM1.DLL V1.11.00.0
Target DLL:      Segger\JL2CM3.dll V2.88.0.0
Dialog DLL:      TARMCM1.DLL V1.08.00.0
 
<h2>Project:</h2>
D:\ø≠¥¥µ√\…®∂Ø—¿À¢\src\SEVOR_DEV - V0.0 - FA00 - LAIFEN≤‚ ‘\SWM211_FOC.uvprojx
Project File Date:  12/29/2023

<h2>Output:</h2>
*** Using Compiler 'V5.03 [Build 76]', folder: 'C:\Keil\ARM\ARMCC\Bin'
Build target 'SWM211'
compiling Foc.c...
APP\source\FOC\Foc.c(236): warning:  #68-D: integer conversion resulted in a change of sign
    PWM0->BRKCR &= (~0x03<<8);
APP\source\FOC\Foc.c(239): warning:  #68-D: integer conversion resulted in a change of sign
    PWM1->BRKCR &= (~0x03<<8);
APP\source\FOC\Foc.c(799): warning:  #177-D: variable "sum" was declared but never referenced
        uint32_t t1, t2, sum;
APP\source\FOC\Foc.c(815): warning:  #177-D: variable "sum" was declared but never referenced
        uint32_t t2, t3, sum;
APP\source\FOC\Foc.c(831): warning:  #177-D: variable "sum" was declared but never referenced
        uint32_t t3, t4, sum;
APP\source\FOC\Foc.c(847): warning:  #177-D: variable "sum" was declared but never referenced
        uint32_t t4, t5, sum;
APP\source\FOC\Foc.c(863): warning:  #177-D: variable "sum" was declared but never referenced
        uint32_t t5, t6, sum;
APP\source\FOC\Foc.c(879): warning:  #177-D: variable "sum" was declared but never referenced
        uint32_t t6, t1, sum;
APP\source\FOC\Foc.c: 8 warnings, 0 errors
linking...
Program Size: Code=14736 RO-data=48 RW-data=572 ZI-data=1500  
After Build - User command #1: fromelf --bin -o "D:\ø≠¥¥µ√\…®∂Ø—¿À¢\src\SEVOR_DEV - V0.0 - FA00 - LAIFEN≤‚ ‘\out\SWM21P.bin" "D:\ø≠¥¥µ√\…®∂Ø—¿À¢\src\SEVOR_DEV - V0.0 - FA00 - LAIFEN≤‚ ‘\out\SWM21P.axf"
After Build - User command #2: fromelf --text -a -c -o "D:\ø≠¥¥µ√\…®∂Ø—¿À¢\src\SEVOR_DEV - V0.0 - FA00 - LAIFEN≤‚ ‘\out\SWM21P.asm" "D:\ø≠¥¥µ√\…®∂Ø—¿À¢\src\SEVOR_DEV - V0.0 - FA00 - LAIFEN≤‚ ‘\out\SWM21P.axf"
".\out\SWM21P.axf" - 0 Error(s), 8 Warning(s).

<h2>Software Packages used:</h2>

Package Vendor: Synwit
                http://www.synwit.com/pack/Synwit.SWM32_DFP.1.20.1.pack
                Synwit.SWM32_DFP.1.20.1
                Synwit 32bit MCU Device Support

<h2>Collection of Component include folders:</h2>
  .\RTE\_SWM211
  C:\Keil\ARM\PACK\Synwit\SWM32_DFP\1.20.1\CSL\SWM2X1\SWM2X1_StdPeriph_Driver

<h2>Collection of Component Files used:</h2>
Build Time Elapsed:  00:00:01
</pre>
</body>
</html>
