<html>
<body>
<pre>
<h1>�Vision Build Log</h1>
<h2>Tool Versions:</h2>
IDE-Version: ��Vision V5.31.0.0
Copyright (C) 2020 ARM Ltd and ARM Germany GmbH. All rights reserved.
License Information: Q 906041147@qq.com, A, LIC=WHYH9-445U8-X72RZ-J3XMM-7GG9H-3F78V
 
Tool Versions:
Toolchain:       MDK-ARM Plus  Version: 5.31.0.0
Toolchain Path:  C:\Keil_v5\ARM\ARMCC\Bin
C Compiler:      Armcc.exe V5.06 update 6 (build 750)
Assembler:       Armasm.exe V5.06 update 6 (build 750)
Linker/Locator:  ArmLink.exe V5.06 update 6 (build 750)
Library Manager: ArmAr.exe V5.06 update 6 (build 750)
Hex Converter:   FromElf.exe V5.06 update 6 (build 750)
CPU DLL:         SARMCM3.DLL V5.31.0.0
Dialog DLL:      DARMCM1.DLL V1.19.3.0
Target DLL:      Segger\JL2CM3.dll V2.99.38.0
Dialog DLL:      TARMCM1.DLL V1.14.2.0
 
<h2>Project:</h2>
C:\Users\90604\Desktop\SWM211_TC_LDS_21p_20230306_V1.0\SWM211_FOC.uvprojx
Project File Date:  03/08/2023

<h2>Output:</h2>
*** Using Compiler 'V5.06 update 6 (build 750)', folder: 'C:\Keil_v5\ARM\ARMCC\Bin'
Rebuild target 'SWM211'
Note: source file '.\APP\source\Hardware\FLASH.c' - object file renamed from '.\out\FLASH.o' to '.\out\flash_1.o'.
compiling Flash.c...
compiling IRScan.c...
compiling SpeedMode.c...
compiling AddFunction.c...
compiling main.c...
compiling IOBeep.c...
compiling Interrupt.c...
APP\source\Application\Interrupt.c(107): warning:  #223-D: function "SingleR_ADCInject_Deal" declared implicitly
  	  SingleR_ADCInject_Deal();   // 确定 ADC_IBUS_Data 宏为单电阻AD采样寄存器的�?
APP\source\Application\Interrupt.c: 1 warning, 0 errors
compiling IRControl.c...
compiling MTControl.c...
compiling Protect.c...
compiling MTControlFunction.c...
compiling TailWindDect.c...
compiling FOCLib.c...
compiling Observers.c...
compiling MyType.c...
compiling PIControl.c...
compiling GPIO.c...
compiling ADC.c...
compiling OPA.c...
compiling PWM_DRIVE.c...
compiling Positioncheck.c...
compiling TIMER.c...
compiling FLASH.c...
compiling UART.c...
compiling CMP.c...
compiling SWM2X1_port.c...
compiling SWM2X1_gpio.c...
compiling SWM2X1_exti.c...
compiling SWM2X1_timr.c...
compiling SWM2X1_rtc.c...
compiling SWM2X1_adc.c...
compiling SWM2X1_uart.c...
compiling SWM2X1_i2c.c...
compiling SWM2X1_pwm.c...
compiling SWM2X1_wdt.c...
compiling SWM2X1_sleep.c...
compiling SWM2X1_div.c...
compiling SWM201_flash.c...
compiling SWM2X1_cordic.c...
compiling SWM2X1_qei.c...
compiling SWM2X1_spi.c...
compiling SWM2X1_dma.c...
assembling startup_SWM211.s...
compiling SWM2X1_can.c...
compiling SWM211_flash.c...
compiling system_SWM211.c...
linking...
Program Size: Code=15312 RO-data=544 RW-data=100 ZI-data=4964  
After Build - User command #1: fromelf --bin -o "C:\Users\90604\Desktop\SWM211_TC_LDS_21p_20230306_V1.0\out\SWM211.bin" "C:\Users\90604\Desktop\SWM211_TC_LDS_21p_20230306_V1.0\out\SWM211.axf"
After Build - User command #2: fromelf --text -a -c -o "C:\Users\90604\Desktop\SWM211_TC_LDS_21p_20230306_V1.0\out\SWM211.asm" "C:\Users\90604\Desktop\SWM211_TC_LDS_21p_20230306_V1.0\out\SWM211.axf"
".\out\SWM211.axf" - 0 Error(s), 1 Warning(s).

<h2>Software Packages used:</h2>

Package Vendor: Synwit
                http://www.synwit.com/pack/Synwit.SWM32_DFP.1.20.1.pack
                Synwit.SWM32_DFP.1.20.1
                Synwit 32bit MCU Device Support

<h2>Collection of Component include folders:</h2>
  C:\Users\90604\AppData\Local\Arm\Packs\Synwit\SWM32_DFP\1.20.1\CSL\SWM2X1\SWM2X1_StdPeriph_Driver

<h2>Collection of Component Files used:</h2>
Build Time Elapsed:  00:00:04
</pre>
</body>
</html>
