ARM Linker, 5.03 [Build 76] [MDK-ARM Standard]

==============================================================================

Section Cross References

    main.o(i.HardwareInit) refers to cmp.o(i.Init_CMP) for Init_CMP
    main.o(i.HardwareInit) refers to pwm_drive.o(i.Init_PWM_Drive) for Init_PWM_Drive
    main.o(i.HardwareInit) refers to gpio.o(i.Init_GPIO) for Init_GPIO
    main.o(i.HardwareInit) refers to swm2x1_div.o(i.DIV_Init) for DIV_Init
    main.o(i.HardwareInit) refers to swm2x1_cordic.o(i.CORDIC_Init) for CORDIC_Init
    main.o(i.HardwareInit) refers to adc.o(i.Init_ADC) for Init_ADC
    main.o(i.HardwareInit) refers to timer.o(i.Init_Timer) for Init_Timer
    main.o(i.HardwareInit) refers to opa.o(i.Init_OPA) for Init_OPA
    main.o(i.HardwareInit) refers to uart.o(i.Init_Uart) for Init_Uart
    main.o(i.HardwareInit) refers to uidiv.o(.text) for __aeabi_uidivmod
    main.o(i.HardwareInit) refers to system_swm211.o(.data) for SystemCoreClock
    main.o(i.SoftwareInit) refers to util.o(i.debug_gpio_init) for debug_gpio_init
    main.o(i.SoftwareInit) refers to foc_interface.o(i.foc_if_init) for foc_if_init
    main.o(i.SoftwareInit) refers to foc_interface.o(.bss) for mcCtrl
    main.o(i.cwccw_test) refers to foc_interface.o(.bss) for mcCtrl
    main.o(i.cwccw_test) refers to main.o(.data) for .data
    main.o(i.main) refers to system_swm211.o(i.SystemInit) for SystemInit
    main.o(i.main) refers to main.o(i.Init_BOD) for Init_BOD
    main.o(i.main) refers to main.o(i.HardwareInit) for HardwareInit
    main.o(i.main) refers to main.o(i.SoftwareInit) for SoftwareInit
    main.o(i.main) refers to flash.o(i.PowerOn_Read) for PowerOn_Read
    main.o(i.main) refers to flash.o(i.PowerOff_Save) for PowerOff_Save
    main.o(i.main) refers to mills_app.o(.data) for delay_save_set
    main.o(i.restart_reverse_dir_test) refers to main.o(.data) for .data
    main.o(i.restart_reverse_dir_test) refers to foc_interface.o(.bss) for mcCtrl
    main.o(i.restart_reverse_dir_test) refers to foc_interface.o(.data) for mcstate
    main.o(i.restart_taiwind_dir_test) refers to main.o(.data) for .data
    main.o(i.restart_taiwind_dir_test) refers to foc_interface.o(.bss) for mcCtrl
    main.o(i.restart_taiwind_dir_test) refers to foc_interface.o(.data) for mcstate
    main.o(i.static_start_test) refers to main.o(.data) for .data
    main.o(i.static_start_test) refers to foc_interface.o(.bss) for mcCtrl
    main.o(i.static_start_test) refers to foc_interface.o(.data) for mcstate
    interrupt.o(PlaceInRAM) refers to swm2x1_pwm.o(i.PWM_IntClr) for PWM_IntClr
    interrupt.o(PlaceInRAM) refers to foc.o(PlaceInRAM) for foc_loop_isr
    interrupt.o(i.SysTick_Handler) refers to foc_interface.o(i.foc_if_loop) for foc_if_loop
    interrupt.o(i.SysTick_Handler) refers to main.o(i.user_1ms_task) for user_1ms_task
    interrupt.o(i.SysTick_Handler) refers to util.o(.data) for user_delay_cnt
    interrupt.o(i.TIMR1_Handler) refers to swm2x1_timr.o(i.TIMR_INTClr) for TIMR_INTClr
    flash.o(i.Flash_ReadDate) refers to flash.o(i.Flash_Find_Offset) for Flash_Find_Offset
    flash.o(i.Flash_ReadDate) refers to swm211_flash.o(i.FLASH_Erase) for FLASH_Erase
    flash.o(i.Flash_ReadDate) refers to swm211_flash.o(i.FLASH_Write) for FLASH_Write
    flash.o(i.Flash_ReadDate) refers to flash.o(.bss) for .bss
    flash.o(i.Flash_ReadDate) refers to flash.o(.data) for .data
    flash.o(i.PowerOff_Save) refers to flash.o(i.Flash_ReadDate) for Flash_ReadDate
    flash.o(i.PowerOff_Save) refers to swm211_flash.o(i.FLASH_Write) for FLASH_Write
    flash.o(i.PowerOff_Save) refers to ircontrol.o(.bss) for IRControl
    flash.o(i.PowerOff_Save) refers to flash.o(.bss) for .bss
    flash.o(i.PowerOff_Save) refers to foc_interface.o(.bss) for mcCtrl
    flash.o(i.PowerOff_Save) refers to rgb.o(.data) for rgb_onoff
    flash.o(i.PowerOff_Save) refers to flash.o(.data) for .data
    flash.o(i.PowerOn_Read) refers to flash.o(i.Flash_ReadDate) for Flash_ReadDate
    flash.o(i.PowerOn_Read) refers to main_light.o(i.light_loop) for light_loop
    flash.o(i.PowerOn_Read) refers to main_light.o(i.light_pwm_jump_to_target) for light_pwm_jump_to_target
    flash.o(i.PowerOn_Read) refers to main_light.o(i.light_pwm_update) for light_pwm_update
    flash.o(i.PowerOn_Read) refers to main_light.o(i.light_step_change) for light_step_change
    flash.o(i.PowerOn_Read) refers to main_light.o(i.light_wall_switch) for light_wall_switch
    flash.o(i.PowerOn_Read) refers to rgb.o(i.rgb_onoff_set) for rgb_onoff_set
    flash.o(i.PowerOn_Read) refers to flash.o(.bss) for .bss
    flash.o(i.PowerOn_Read) refers to irscan.o(.bss) for RF
    flash.o(i.PowerOn_Read) refers to ircontrol.o(.bss) for IRControl
    flash.o(i.PowerOn_Read) refers to foc_interface.o(.bss) for mcCtrl
    flash.o(i.PowerOn_Read) refers to rgb.o(.data) for rgb_onoff
    retarget.o(i.fputc) refers to swm2x1_uart.o(i.UART_IsTXFIFOFull) for UART_IsTXFIFOFull
[...]
    Removing mills_app.o(i.T_loop), (104 bytes).
    Removing mills_app.o(i.T_software_loop), (180 bytes).
    Removing mills_app.o(i.delay_flash_save_loop), (32 bytes).
    Removing mills_app.o(i.swing_motor_loop), (40 bytes).
    Removing mills_app.o(i.timing_down_loop), (108 bytes).
    Removing foc.o(.rev16_text), (4 bytes).
    Removing foc.o(.revsh_text), (4 bytes).
    Removing foc.o(i.foc_open_svm_drive), (64 bytes).
    Removing foc.o(.data), (20 bytes).
    Removing foc.o(.data), (40 bytes).
    Removing foc.o(.data), (2 bytes).
    Removing foc.o(.data), (40 bytes).
    Removing foc.o(.data), (4 bytes).
    Removing foc.o(.data), (4 bytes).
    Removing foc.o(.data), (2 bytes).
    Removing foc.o(.data), (2 bytes).
    Removing foc.o(.data), (2 bytes).
    Removing foc.o(.data), (4 bytes).
    Removing foc.o(.data), (4 bytes).
    Removing foc.o(.data), (2 bytes).
    Removing foc.o(.data), (4 bytes).
    Removing foc.o(.data), (2 bytes).
    Removing foc.o(.data), (4 bytes).
    Removing foc.o(.data), (4 bytes).
    Removing foc.o(.data), (2 bytes).
    Removing foc.o(.data), (4 bytes).
    Removing foc.o(.data), (2 bytes).
    Removing foc.o(.data), (4 bytes).
    Removing foc.o(.data), (2 bytes).
    Removing foc.o(.data), (4 bytes).
    Removing foc.o(.data), (2 bytes).
    Removing foc.o(.data), (2 bytes).
    Removing foc.o(.data), (2 bytes).
    Removing foc.o(.data), (2 bytes).
    Removing foc.o(.data), (2 bytes).
    Removing foc.o(.data), (2 bytes).
    Removing foc.o(.data), (2 bytes).
    Removing foc.o(.data), (2 bytes).
    Removing foc.o(.data), (2 bytes).
    Removing foc.o(.data), (1 bytes).
    Removing foc.o(.data), (1 bytes).
    Removing foc.o(.data), (1 bytes).
    Removing foc.o(.data), (1 bytes).
    Removing foc.o(.data), (4 bytes).
    Removing foc.o(.data), (4 bytes).
    Removing foc.o(.data), (2 bytes).
    Removing foc.o(.data), (4 bytes).
    Removing foc.o(.data), (4 bytes).
    Removing foc.o(.data), (2 bytes).
    Removing foc.o(.data), (1 bytes).
    Removing foc.o(.data), (4 bytes).
    Removing foc.o(.data), (4 bytes).
    Removing foc.o(.data), (4 bytes).
    Removing foc.o(.data), (4 bytes).
    Removing foc.o(.data), (2 bytes).
    Removing foc.o(.data), (4 bytes).
    Removing foc.o(.data), (2 bytes).
    Removing foc.o(.data), (2 bytes).
    Removing foc.o(.data), (2 bytes).
    Removing foc.o(.data), (2 bytes).
    Removing foc.o(.data), (2 bytes).
    Removing foc.o(.data), (2 bytes).
    Removing picontroller.o(.rev16_text), (4 bytes).
    Removing picontroller.o(.revsh_text), (4 bytes).
    Removing picontroller.o(i.init_pi_controller), (22 bytes).
    Removing pll.o(.rev16_text), (4 bytes).
    Removing pll.o(.revsh_text), (4 bytes).
    Removing foc_util.o(.rev16_text), (4 bytes).
    Removing foc_util.o(.revsh_text), (4 bytes).
    Removing foc_util.o(i.new_obs_acc_vel_pos), (340 bytes).
    Removing foc_util.o(.data), (8 bytes).
    Removing foc_util.o(PlaceInRAM), (2 bytes).
    Removing foc_interface.o(.rev16_text), (4 bytes).
    Removing foc_interface.o(.revsh_text), (4 bytes).
    Removing foc_interface.o(i.current_controller), (2 bytes).
    Removing foc_interface.o(.data), (4 bytes).
    Removing foc_interface.o(.data), (4 bytes).
    Removing foc_interface.o(.data), (4 bytes).
    Removing foc_interface.o(.data), (4 bytes).
    Removing foc_interface.o(.data), (4 bytes).
    Removing gpio.o(.rev16_text), (4 bytes).
    Removing gpio.o(.revsh_text), (4 bytes).
    Removing adc.o(.rev16_text), (4 bytes).
    Removing adc.o(.revsh_text), (4 bytes).
    Removing adc.o(i.Init_ADC1), (2 bytes).
    Removing adc.o(i.SingleR_ADCInject_Deal), (2 bytes).
    Removing opa.o(.rev16_text), (4 bytes).
    Removing opa.o(.revsh_text), (4 bytes).
    Removing pwm_drive.o(.rev16_text), (4 bytes).
    Removing pwm_drive.o(.revsh_text), (4 bytes).
    Removing pwm_drive.o(i.PORT_SixDrive_DisEnable), (112 bytes).
    Removing timer.o(.rev16_text), (4 bytes).
    Removing timer.o(.revsh_text), (4 bytes).
    Removing timer.o(i.Cancel_FGTimer), (2 bytes).
    Removing timer.o(i.FGOutput_Timer), (2 bytes).
    Removing cmp.o(.rev16_text), (4 bytes).
    Removing cmp.o(.revsh_text), (4 bytes).
    Removing flash_1.o(.rev16_text), (4 bytes).
    Removing flash_1.o(.revsh_text), (4 bytes).
    Removing flash_1.o(i.Init_Flash), (2 bytes).
    Removing uart.o(.rev16_text), (4 bytes).
    Removing uart.o(.revsh_text), (4 bytes).
    Removing uart.o(i.UART_CFG), (36 bytes).
    Removing uart.o(.bss), (16 bytes).
    Removing swm2x1_port.o(.rev16_text), (4 bytes).
    Removing swm2x1_port.o(.revsh_text), (4 bytes).
    Removing swm2x1_gpio.o(.rev16_text), (4 bytes).
    Removing swm2x1_gpio.o(.revsh_text), (4 bytes).
    Removing swm2x1_gpio.o(i.GPIO_AtomicClrBit), (10 bytes).
    Removing swm2x1_gpio.o(i.GPIO_AtomicClrBits), (28 bytes).
    Removing swm2x1_gpio.o(i.GPIO_AtomicInvBit), (14 bytes).
    Removing swm2x1_gpio.o(i.GPIO_AtomicInvBits), (28 bytes).
    Removing swm2x1_gpio.o(i.GPIO_AtomicSetBit), (10 bytes).
    Removing swm2x1_gpio.o(i.GPIO_AtomicSetBits), (28 bytes).
    Removing swm2x1_gpio.o(i.GPIO_ClrBits), (24 bytes).
    Removing swm2x1_gpio.o(i.GPIO_GetBit), (10 bytes).
    Removing swm2x1_gpio.o(i.GPIO_GetBits), (20 bytes).
    Removing swm2x1_gpio.o(i.GPIO_InvBit), (12 bytes).
    Removing swm2x1_gpio.o(i.GPIO_InvBits), (24 bytes).
    Removing swm2x1_gpio.o(i.GPIO_SetBit), (12 bytes).
    Removing swm2x1_gpio.o(i.GPIO_SetBits), (24 bytes).
    Removing swm2x1_exti.o(.rev16_text), (4 bytes).
    Removing swm2x1_exti.o(.revsh_text), (4 bytes).
    Removing swm2x1_exti.o(i.EXTI_Clear), (8 bytes).
    Removing swm2x1_exti.o(i.EXTI_Close), (12 bytes).
    Removing swm2x1_exti.o(i.EXTI_Init), (98 bytes).
    Removing swm2x1_exti.o(i.EXTI_Open), (12 bytes).
    Removing swm2x1_exti.o(i.EXTI_RawState), (10 bytes).
    Removing swm2x1_exti.o(i.EXTI_State), (10 bytes).
    Removing swm2x1_timr.o(.rev16_text), (4 bytes).
    Removing swm2x1_timr.o(.revsh_text), (4 bytes).
    Removing swm2x1_timr.o(i.TIMR_GetCurValue), (4 bytes).
    Removing swm2x1_timr.o(i.TIMR_Halt), (6 bytes).
    Removing swm2x1_timr.o(i.TIMR_IC_CaptureH_INTClr), (6 bytes).
    Removing swm2x1_timr.o(i.TIMR_IC_CaptureH_INTDis), (10 bytes).
    Removing swm2x1_timr.o(i.TIMR_IC_CaptureH_INTEn), (10 bytes).
    Removing swm2x1_timr.o(i.TIMR_IC_CaptureH_INTStat), (8 bytes).
    Removing swm2x1_timr.o(i.TIMR_IC_CaptureL_INTClr), (6 bytes).
    Removing swm2x1_timr.o(i.TIMR_IC_CaptureL_INTDis), (10 bytes).
    Removing swm2x1_timr.o(i.TIMR_IC_CaptureL_INTEn), (10 bytes).
    Removing swm2x1_timr.o(i.TIMR_IC_CaptureL_INTStat), (8 bytes).
    Removing swm2x1_timr.o(i.TIMR_IC_GetCaptureH), (4 bytes).
    Removing swm2x1_timr.o(i.TIMR_IC_GetCaptureL), (4 bytes).
    Removing swm2x1_timr.o(i.TIMR_IC_Init), (112 bytes).
    Removing swm2x1_timr.o(i.TIMR_INTDis), (10 bytes).
    Removing swm2x1_timr.o(i.TIMR_INTEn), (10 bytes).
    Removing swm2x1_timr.o(i.TIMR_INTStat), (8 bytes).
    Removing swm2x1_timr.o(i.TIMR_OC_GetMatch), (4 bytes).
    Removing swm2x1_timr.o(i.TIMR_OC_INTClr), (6 bytes).
    Removing swm2x1_timr.o(i.TIMR_OC_INTDis), (10 bytes).
    Removing swm2x1_timr.o(i.TIMR_OC_INTEn), (10 bytes).
    Removing swm2x1_timr.o(i.TIMR_OC_INTStat), (8 bytes).
    Removing swm2x1_timr.o(i.TIMR_OC_OutputDis), (32 bytes).
    Removing swm2x1_timr.o(i.TIMR_OC_OutputEn), (10 bytes).
    Removing swm2x1_timr.o(i.TIMR_OC_SetMatch), (4 bytes).
    Removing swm2x1_timr.o(i.TIMR_Resume), (6 bytes).
    Removing swm2x1_uart.o(.rev16_text), (4 bytes).
    Removing swm2x1_uart.o(.revsh_text), (4 bytes).
    Removing swm2x1_uart.o(i.UART_ABRIsDone), (26 bytes).
    Removing swm2x1_uart.o(i.UART_ABRStart), (90 bytes).
    Removing swm2x1_uart.o(i.UART_CTSConfig), (24 bytes).
    Removing swm2x1_uart.o(i.UART_CTSLineState), (8 bytes).
    Removing swm2x1_uart.o(i.UART_Close), (12 bytes).
    Removing swm2x1_uart.o(i.UART_GetBaudrate), (32 bytes).
    Removing swm2x1_uart.o(i.UART_INTRXThresholdDis), (10 bytes).
    Removing swm2x1_uart.o(i.UART_INTRXThresholdEn), (10 bytes).
    Removing swm2x1_uart.o(i.UART_INTRXThresholdStat), (8 bytes).
    Removing swm2x1_uart.o(i.UART_INTTXDoneDis), (10 bytes).
    Removing swm2x1_uart.o(i.UART_INTTXDoneEn), (10 bytes).
    Removing swm2x1_uart.o(i.UART_INTTXDoneStat), (8 bytes).
    Removing swm2x1_uart.o(i.UART_INTTXThresholdDis), (10 bytes).
    Removing swm2x1_uart.o(i.UART_INTTXThresholdEn), (10 bytes).
    Removing swm2x1_uart.o(i.UART_INTTXThresholdStat), (8 bytes).
    Removing swm2x1_uart.o(i.UART_INTTimeoutDis), (12 bytes).
    Removing swm2x1_uart.o(i.UART_INTTimeoutEn), (12 bytes).
    Removing swm2x1_uart.o(i.UART_INTTimeoutStat), (8 bytes).
    Removing swm2x1_uart.o(i.UART_Init), (264 bytes).
    Removing swm2x1_uart.o(i.UART_IsRXFIFOEmpty), (10 bytes).
    Removing swm2x1_uart.o(i.UART_IsTXBusy), (10 bytes).
    Removing swm2x1_uart.o(i.UART_IsTXFIFOFull), (8 bytes).
    Removing swm2x1_uart.o(i.UART_LINConfig), (50 bytes).
    Removing swm2x1_uart.o(i.UART_LINGenerate), (10 bytes).
    Removing swm2x1_uart.o(i.UART_LINIsDetected), (8 bytes).
    Removing swm2x1_uart.o(i.UART_LINIsGenerated), (8 bytes).
    Removing swm2x1_uart.o(i.UART_Open), (12 bytes).
    Removing swm2x1_uart.o(i.UART_RTSConfig), (30 bytes).
    Removing swm2x1_uart.o(i.UART_RTSLineState), (8 bytes).
    Removing swm2x1_uart.o(i.UART_ReadByte), (22 bytes).
    Removing swm2x1_uart.o(i.UART_SetBaudrate), (40 bytes).
    Removing swm2x1_uart.o(i.UART_WriteByte), (4 bytes).
    Removing swm2x1_adc.o(.rev16_text), (4 bytes).
    Removing swm2x1_adc.o(.revsh_text), (4 bytes).
    Removing swm2x1_adc.o(i.ADC_ChnSelect), (24 bytes).
    Removing swm2x1_adc.o(i.ADC_IntEOCClr), (20 bytes).
    Removing swm2x1_adc.o(i.ADC_IntEOCDis), (24 bytes).
    Removing swm2x1_adc.o(i.ADC_IntEOCEn), (24 bytes).
    Removing swm2x1_adc.o(i.ADC_IntEOCStat), (30 bytes).
    Removing swm2x1_adc.o(i.ADC_IntOVFClr), (22 bytes).
    Removing swm2x1_adc.o(i.ADC_IntOVFDis), (26 bytes).
    Removing swm2x1_adc.o(i.ADC_IntOVFEn), (26 bytes).
    Removing swm2x1_adc.o(i.ADC_IntOVFStat), (32 bytes).
    Removing swm2x1_adc.o(i.ADC_Read), (26 bytes).
    Removing swm2x1_adc.o(i.ADC_Stop), (10 bytes).
    Removing swm2x1_i2c.o(.rev16_text), (4 bytes).
    Removing swm2x1_i2c.o(.revsh_text), (4 bytes).
    Removing swm2x1_i2c.o(i.I2C_Close), (10 bytes).
    Removing swm2x1_i2c.o(i.I2C_INTClr), (4 bytes).
    Removing swm2x1_i2c.o(i.I2C_INTDis), (8 bytes).
    Removing swm2x1_i2c.o(i.I2C_INTEn), (8 bytes).
    Removing swm2x1_i2c.o(i.I2C_INTStat), (14 bytes).
    Removing swm2x1_i2c.o(i.I2C_Init), (264 bytes).
    Removing swm2x1_i2c.o(i.I2C_IsAck), (10 bytes).
    Removing swm2x1_i2c.o(i.I2C_Open), (10 bytes).
    Removing swm2x1_i2c.o(i.I2C_Read), (44 bytes).
    Removing swm2x1_i2c.o(i.I2C_ReadDone), (10 bytes).
    Removing swm2x1_i2c.o(i.I2C_Start), (38 bytes).
    Removing swm2x1_i2c.o(i.I2C_StartDone), (10 bytes).
    Removing swm2x1_i2c.o(i.I2C_Stop), (24 bytes).
    Removing swm2x1_i2c.o(i.I2C_StopDone), (10 bytes).
    Removing swm2x1_i2c.o(i.I2C_Write), (38 bytes).
    Removing swm2x1_i2c.o(i.I2C_WriteDone), (10 bytes).
    Removing swm2x1_pwm.o(.rev16_text), (4 bytes).
    Removing swm2x1_pwm.o(.revsh_text), (4 bytes).
    Removing swm2x1_pwm.o(i.PWM_BrkConfig), (106 bytes).
    Removing swm2x1_pwm.o(i.PWM_BrkInPolarity), (28 bytes).
    Removing swm2x1_pwm.o(i.PWM_BrkIntClr), (12 bytes).
    Removing swm2x1_pwm.o(i.PWM_BrkIntDis), (16 bytes).
    Removing swm2x1_pwm.o(i.PWM_BrkIntEn), (16 bytes).
    Removing swm2x1_pwm.o(i.PWM_BrkIntStat), (12 bytes).
    Removing swm2x1_pwm.o(i.PWM_GetDeadzone), (16 bytes).
    Removing swm2x1_pwm.o(i.PWM_GetHDuty), (16 bytes).
    Removing swm2x1_pwm.o(i.PWM_GetHDuty2), (24 bytes).
    Removing swm2x1_pwm.o(i.PWM_GetPeriod), (8 bytes).
    Removing swm2x1_pwm.o(i.PWM_IntDis), (8 bytes).
    Removing swm2x1_pwm.o(i.PWM_IntEn), (8 bytes).
    Removing swm2x1_pwm.o(i.PWM_IntStat), (6 bytes).
    Removing swm2x1_pwm.o(i.PWM_OutMask), (112 bytes).
    Removing swm2x1_pwm.o(i.PWM_OvfTrigger), (12 bytes).
    Removing swm2x1_pwm.o(i.PWM_ReloadDis), (16 bytes).
    Removing swm2x1_pwm.o(i.PWM_ReloadEn), (16 bytes).
    Removing swm2x1_pwm.o(i.PWM_Restart), (12 bytes).
    Removing swm2x1_pwm.o(i.PWM_SetDeadzone), (12 bytes).
    Removing swm2x1_pwm.o(i.PWM_SetHDuty), (12 bytes).
    Removing swm2x1_pwm.o(i.PWM_SetHDuty2), (16 bytes).
    Removing swm2x1_pwm.o(i.PWM_SetPeriod), (6 bytes).
    Removing swm2x1_pwm.o(i.PWM_Stop), (16 bytes).
    Removing swm2x1_wdt.o(.rev16_text), (4 bytes).
    Removing swm2x1_wdt.o(.revsh_text), (4 bytes).
    Removing swm2x1_wdt.o(i.WDT_Feed), (6 bytes).
    Removing swm2x1_wdt.o(i.WDT_INTClr), (6 bytes).
    Removing swm2x1_wdt.o(i.WDT_INTStat), (4 bytes).
    Removing swm2x1_wdt.o(i.WDT_Init), (132 bytes).
    Removing swm2x1_wdt.o(i.WDT_Start), (10 bytes).
    Removing swm2x1_wdt.o(i.WDT_Stop), (10 bytes).
    Removing swm2x1_sleep.o(.rev16_text), (4 bytes).
    Removing swm2x1_sleep.o(.revsh_text), (4 bytes).
    Removing swm2x1_sleep.o(.emb_text), (40 bytes).
    Removing swm2x1_sleep.o(.data), (20 bytes).
    Removing swm2x1_sleep.o(.data), (20 bytes).
    Removing swm2x1_div.o(.rev16_text), (4 bytes).
    Removing swm2x1_div.o(.revsh_text), (4 bytes).
    Removing swm2x1_cordic.o(.rev16_text), (4 bytes).
    Removing swm2x1_cordic.o(.revsh_text), (4 bytes).
    Removing swm2x1_spi.o(.rev16_text), (4 bytes).
    Removing swm2x1_spi.o(.revsh_text), (4 bytes).
    Removing swm2x1_spi.o(i.I2S_Close), (16 bytes).
    Removing swm2x1_spi.o(i.I2S_Init), (260 bytes).
    Removing swm2x1_spi.o(i.I2S_MCLKConfig), (60 bytes).
    Removing swm2x1_spi.o(i.I2S_Open), (16 bytes).
    Removing swm2x1_spi.o(i.SPI_Close), (10 bytes).
    Removing swm2x1_spi.o(i.SPI_INTClr), (4 bytes).
    Removing swm2x1_spi.o(i.SPI_INTDis), (8 bytes).
    Removing swm2x1_spi.o(i.SPI_INTEn), (8 bytes).
    Removing swm2x1_spi.o(i.SPI_INTStat), (14 bytes).
    Removing swm2x1_spi.o(i.SPI_Init), (296 bytes).
    Removing swm2x1_spi.o(i.SPI_IsRXEmpty), (10 bytes).
    Removing swm2x1_spi.o(i.SPI_IsTXEmpty), (8 bytes).
    Removing swm2x1_spi.o(i.SPI_IsTXFull), (10 bytes).
    Removing swm2x1_spi.o(i.SPI_Open), (10 bytes).
    Removing swm2x1_spi.o(i.SPI_Read), (4 bytes).
    Removing swm2x1_spi.o(i.SPI_ReadWrite), (12 bytes).
    Removing swm2x1_spi.o(i.SPI_Write), (4 bytes).
    Removing swm2x1_spi.o(i.SPI_WriteWithWait), (18 bytes).
    Removing swm2x1_qei.o(.rev16_text), (4 bytes).
    Removing swm2x1_qei.o(.revsh_text), (4 bytes).
    Removing swm2x1_qei.o(i.QEI_Init), (116 bytes).
    Removing swm2x1_qei.o(i.QEI_IntClr), (4 bytes).
    Removing swm2x1_qei.o(i.QEI_IntDis), (8 bytes).
    Removing swm2x1_qei.o(i.QEI_IntEn), (28 bytes).
    Removing swm2x1_qei.o(i.QEI_IntStat), (6 bytes).
    Removing swm2x1_qei.o(i.QEI_Start), (10 bytes).
    Removing swm2x1_qei.o(i.QEI_Stop), (10 bytes).
    Removing swm2x1_dma.o(.rev16_text), (4 bytes).
    Removing swm2x1_dma.o(.revsh_text), (4 bytes).
    Removing swm2x1_dma.o(i.DMA_CH_Close), (24 bytes).
    Removing swm2x1_dma.o(i.DMA_CH_INTClr), (16 bytes).
    Removing swm2x1_dma.o(i.DMA_CH_INTDis), (20 bytes).
    Removing swm2x1_dma.o(i.DMA_CH_INTEn), (20 bytes).
    Removing swm2x1_dma.o(i.DMA_CH_INTStat), (24 bytes).
    Removing swm2x1_dma.o(i.DMA_CH_Init), (216 bytes).
    Removing swm2x1_dma.o(i.DMA_CH_Open), (24 bytes).
    Removing swm2x1_can.o(.rev16_text), (4 bytes).
    Removing swm2x1_can.o(.revsh_text), (4 bytes).
    Removing swm2x1_can.o(i.CAN_AbortTransmit), (6 bytes).
    Removing swm2x1_can.o(i.CAN_Close), (10 bytes).
    Removing swm2x1_can.o(i.CAN_INTDis), (8 bytes).
    Removing swm2x1_can.o(i.CAN_INTEn), (8 bytes).
    Removing swm2x1_can.o(i.CAN_INTStat), (4 bytes).
    Removing swm2x1_can.o(i.CAN_Init), (172 bytes).
    Removing swm2x1_can.o(i.CAN_Open), (10 bytes).
    Removing swm2x1_can.o(i.CAN_RXDataAvailable), (8 bytes).
    Removing swm2x1_can.o(i.CAN_Receive), (128 bytes).
    Removing swm2x1_can.o(i.CAN_SetBaudrate), (56 bytes).
    Removing swm2x1_can.o(i.CAN_SetFilter16b), (64 bytes).
    Removing swm2x1_can.o(i.CAN_SetFilter32b), (52 bytes).
    Removing swm2x1_can.o(i.CAN_TXBufferReady), (8 bytes).
    Removing swm2x1_can.o(i.CAN_TXComplete), (8 bytes).
    Removing swm2x1_can.o(i.CAN_TXSuccess), (8 bytes).
    Removing swm2x1_can.o(i.CAN_Transmit), (122 bytes).
    Removing swm2x1_can.o(i.CAN_TransmitRequest), (54 bytes).
    Removing swm211_flash.o(.rev16_text), (4 bytes).
    Removing swm211_flash.o(.revsh_text), (4 bytes).
    Removing system_swm211.o(.rev16_text), (4 bytes).
    Removing system_swm211.o(.revsh_text), (4 bytes).
    Removing system_swm211.o(i.switchTo1M5Hz), (46 bytes).
    Removing system_swm211.o(i.switchTo32KHz), (52 bytes).
    Removing system_swm211.o(i.switchToXTAL), (152 bytes).
    Removing startup_swm211.o(HEAP), (0 bytes).
    Removing fscalb.o(.text), (24 bytes).
    Removing dadd.o(.text), (356 bytes).
    Removing dmul.o(.text), (208 bytes).
    Removing ffixi.o(.text), (50 bytes).
    Removing f2d.o(.text), (40 bytes).
    Removing cdcmple.o(.text), (40 bytes).
    Removing cdrcmple.o(.text), (40 bytes).
    Removing d2f.o(.text), (56 bytes).
    Removing depilogue.o(.text), (192 bytes).
    Removing depilogue.o(i.__ARM_clz), (46 bytes).

420 unused section(s) (total 12722 bytes) removed from the image.

==============================================================================

Adding Veneers to the image

    Adding TT veneer (12 bytes, Long) for call to 'foc_svm_gen' from foc.o(i.foc_init).
    Adding TT veneer (12 bytes, Long) for call to 'LPFFunction' from foc_interface.o(i.foc_speed_ramp).
    Adding TT veneer (12 bytes, Long) for call to 'PWM_IntClr' from interrupt.o(PlaceInRAM).
    Adding TT veneer (12 bytes, Long) for call to '__aeabi_uidivmod' from foc.o(PlaceInRAM).

4 Veneer(s) (total 48 bytes) added to the image.

==============================================================================

Image Symbol Table

    Local Symbols

    Symbol Name                              Value     Ov Type        Size  Object(Section)

    RESET                                    0x00000000   Section      288  startup_swm211.o(RESET)
    ../clib/../cmprslib/zerorunl2.c          0x00000000   Number         0  __dczerorl2.o ABSOLUTE
    ../clib/microlib/division.c              0x00000000   Number         0  idiv.o ABSOLUTE
    ../clib/microlib/division.c              0x00000000   Number         0  uidiv.o ABSOLUTE
    ../clib/microlib/init/entry.s            0x00000000   Number         0  entry8b.o ABSOLUTE
    ../clib/microlib/init/entry.s            0x00000000   Number         0  entry11a.o ABSOLUTE
    ../clib/microlib/init/entry.s            0x00000000   Number         0  entry5.o ABSOLUTE
    ../clib/microlib/init/entry.s            0x00000000   Number         0  entry9b.o ABSOLUTE
    ../clib/microlib/init/entry.s            0x00000000   Number         0  entry9a.o ABSOLUTE
    ../clib/microlib/init/entry.s            0x00000000   Number         0  entry11b.o ABSOLUTE
    ../clib/microlib/init/entry.s            0x00000000   Number         0  entry2.o ABSOLUTE
    ../clib/microlib/init/entry.s            0x00000000   Number         0  entry7a.o ABSOLUTE
    ../clib/microlib/init/entry.s            0x00000000   Number         0  entry7b.o ABSOLUTE
    ../clib/microlib/init/entry.s            0x00000000   Number         0  entry.o ABSOLUTE
    ../clib/microlib/init/entry.s            0x00000000   Number         0  entry8a.o ABSOLUTE
    ../clib/microlib/init/entry.s            0x00000000   Number         0  entry10b.o ABSOLUTE
    ../clib/microlib/init/entry.s            0x00000000   Number         0  entry10a.o ABSOLUTE
    ../clib/microlib/longlong.c              0x00000000   Number         0  llushr.o ABSOLUTE
    ../clib/microlib/longlong.c              0x00000000   Number         0  llsshr.o ABSOLUTE
    ../clib/microlib/longlong.c              0x00000000   Number         0  llshl.o ABSOLUTE
    ../clib/microlib/string/memset.c         0x00000000   Number         0  memseta.o ABSOLUTE
    ../clib/microlib/stubs.s                 0x00000000   Number         0  iusefp.o ABSOLUTE
    ../fplib/microlib/d2f.c                  0x00000000   Number         0  d2f.o ABSOLUTE
    ../fplib/microlib/f2d.c                  0x00000000   Number         0  f2d.o ABSOLUTE
    ../fplib/microlib/fpadd.c                0x00000000   Number         0  dadd.o ABSOLUTE
    ../fplib/microlib/fpadd.c                0x00000000   Number         0  fadd.o ABSOLUTE
    ../fplib/microlib/fpdiv.c                0x00000000   Number         0  fdiv.o ABSOLUTE
    ../fplib/microlib/fpepilogue.c           0x00000000   Number         0  fepilogue.o ABSOLUTE
    ../fplib/microlib/fpepilogue.c           0x00000000   Number         0  depilogue.o ABSOLUTE
    ../fplib/microlib/fpfix.c                0x00000000   Number         0  ffixi.o ABSOLUTE
    ../fplib/microlib/fpfix.c                0x00000000   Number         0  ffixui.o ABSOLUTE
    ../fplib/microlib/fpflt.c                0x00000000   Number         0  ffltui.o ABSOLUTE
    ../fplib/microlib/fpmul.c                0x00000000   Number         0  dmul.o ABSOLUTE
    ../fplib/microlib/fpmul.c                0x00000000   Number         0  fmul.o ABSOLUTE
    ../fplib/microlib/fpscalb.c              0x00000000   Number         0  fscalb.o ABSOLUTE
    APP\\source\\Application\\Flash.c        0x00000000   Number         0  flash.o ABSOLUTE
    APP\\source\\Application\\IRControl.c    0x00000000   Number         0  ircontrol.o ABSOLUTE
    APP\\source\\Application\\IRScan.c       0x00000000   Number         0  irscan.o ABSOLUTE
    APP\\source\\Application\\Interrupt.c    0x00000000   Number         0  interrupt.o ABSOLUTE
    APP\\source\\Application\\fan.c          0x00000000   Number         0  fan.o ABSOLUTE
    APP\\source\\Application\\main.c         0x00000000   Number         0  main.o ABSOLUTE
    APP\\source\\Application\\main_light.c   0x00000000   Number         0  main_light.o ABSOLUTE
    APP\\source\\Application\\mills_app.c    0x00000000   Number         0  mills_app.o ABSOLUTE
    APP\\source\\Application\\retarget.c     0x00000000   Number         0  retarget.o ABSOLUTE
    APP\\source\\Application\\rgb.c          0x00000000   Number         0  rgb.o ABSOLUTE
    APP\\source\\Application\\software_pwm.c 0x00000000   Number         0  software_pwm.o ABSOLUTE
    APP\\source\\Application\\test.c         0x00000000   Number         0  test.o ABSOLUTE
    APP\\source\\Application\\util.c         0x00000000   Number         0  util.o ABSOLUTE
    APP\\source\\FOC\\Foc.c                  0x00000000   Number         0  foc.o ABSOLUTE
    APP\\source\\FOC\\PiController.c         0x00000000   Number         0  picontroller.o ABSOLUTE
    APP\\source\\FOC\\Pll.c                  0x00000000   Number         0  pll.o ABSOLUTE
    APP\\source\\FOC\\foc_interface.c        0x00000000   Number         0  foc_interface.o ABSOLUTE
    APP\\source\\FOC\\foc_util.c             0x00000000   Number         0  foc_util.o ABSOLUTE
    APP\\source\\Hardware\\ADC.c             0x00000000   Number         0  adc.o ABSOLUTE
    APP\\source\\Hardware\\CMP.c             0x00000000   Number         0  cmp.o ABSOLUTE
    APP\\source\\Hardware\\FLASH.c           0x00000000   Number         0  flash_1.o ABSOLUTE
    APP\\source\\Hardware\\GPIO.c            0x00000000   Number         0  gpio.o ABSOLUTE
    APP\\source\\Hardware\\OPA.c             0x00000000   Number         0  opa.o ABSOLUTE
    APP\\source\\Hardware\\PWM_DRIVE.c       0x00000000   Number         0  pwm_drive.o ABSOLUTE
    APP\\source\\Hardware\\TIMER.c           0x00000000   Number         0  timer.o ABSOLUTE
    APP\\source\\Hardware\\UART.c            0x00000000   Number         0  uart.o ABSOLUTE
    APP\source\Application\Flash.c           0x00000000   Number         0  flash.o ABSOLUTE
    APP\source\Application\IRControl.c       0x00000000   Number         0  ircontrol.o ABSOLUTE
    APP\source\Application\IRScan.c          0x00000000   Number         0  irscan.o ABSOLUTE
    APP\source\Application\Interrupt.c       0x00000000   Number         0  interrupt.o ABSOLUTE
    APP\source\Application\fan.c             0x00000000   Number         0  fan.o ABSOLUTE
    APP\source\Application\main.c            0x00000000   Number         0  main.o ABSOLUTE
    APP\source\Application\main_light.c      0x00000000   Number         0  main_light.o ABSOLUTE
    APP\source\Application\mills_app.c       0x00000000   Number         0  mills_app.o ABSOLUTE
    APP\source\Application\retarget.c        0x00000000   Number         0  retarget.o ABSOLUTE
    APP\source\Application\rgb.c             0x00000000   Number         0  rgb.o ABSOLUTE
    APP\source\Application\software_pwm.c    0x00000000   Number         0  software_pwm.o ABSOLUTE
    APP\source\Application\test.c            0x00000000   Number         0  test.o ABSOLUTE
    APP\source\Application\util.c            0x00000000   Number         0  util.o ABSOLUTE
    APP\source\FOC\Foc.c                     0x00000000   Number         0  foc.o ABSOLUTE
    APP\source\FOC\PiController.c            0x00000000   Number         0  picontroller.o ABSOLUTE
    APP\source\FOC\Pll.c                     0x00000000   Number         0  pll.o ABSOLUTE
    APP\source\FOC\foc_interface.c           0x00000000   Number         0  foc_interface.o ABSOLUTE
    APP\source\FOC\foc_util.c                0x00000000   Number         0  foc_util.o ABSOLUTE
    APP\source\Hardware\ADC.c                0x00000000   Number         0  adc.o ABSOLUTE
    APP\source\Hardware\CMP.c                0x00000000   Number         0  cmp.o ABSOLUTE
    APP\source\Hardware\FLASH.c              0x00000000   Number         0  flash_1.o ABSOLUTE
    APP\source\Hardware\GPIO.c               0x00000000   Number         0  gpio.o ABSOLUTE
    APP\source\Hardware\OPA.c                0x00000000   Number         0  opa.o ABSOLUTE
    APP\source\Hardware\PWM_DRIVE.c          0x00000000   Number         0  pwm_drive.o ABSOLUTE
    APP\source\Hardware\TIMER.c              0x00000000   Number         0  timer.o ABSOLUTE
    APP\source\Hardware\UART.c               0x00000000   Number         0  uart.o ABSOLUTE
    CSL\CMSIS\DeviceSupport\startup\arm\startup_SWM211.s 0x00000000   Number         0  startup_swm211.o ABSOLUTE
    CSL\CMSIS\DeviceSupport\system_SWM211.c  0x00000000   Number         0  system_swm211.o ABSOLUTE
    CSL\SWM2X1_StdPeriph_Driver\SWM201_flash.c 0x00000000   Number         0  swm201_flash.o ABSOLUTE
    CSL\SWM2X1_StdPeriph_Driver\SWM211_flash.c 0x00000000   Number         0  swm211_flash.o ABSOLUTE
    CSL\SWM2X1_StdPeriph_Driver\SWM2X1_adc.c 0x00000000   Number         0  swm2x1_adc.o ABSOLUTE
    CSL\SWM2X1_StdPeriph_Driver\SWM2X1_can.c 0x00000000   Number         0  swm2x1_can.o ABSOLUTE
    CSL\SWM2X1_StdPeriph_Driver\SWM2X1_cordic.c 0x00000000   Number         0  swm2x1_cordic.o ABSOLUTE
    CSL\SWM2X1_StdPeriph_Driver\SWM2X1_div.c 0x00000000   Number         0  swm2x1_div.o ABSOLUTE
    CSL\SWM2X1_StdPeriph_Driver\SWM2X1_dma.c 0x00000000   Number         0  swm2x1_dma.o ABSOLUTE
    CSL\SWM2X1_StdPeriph_Driver\SWM2X1_exti.c 0x00000000   Number         0  swm2x1_exti.o ABSOLUTE
    CSL\SWM2X1_StdPeriph_Driver\SWM2X1_gpio.c 0x00000000   Number         0  swm2x1_gpio.o ABSOLUTE
    CSL\SWM2X1_StdPeriph_Driver\SWM2X1_i2c.c 0x00000000   Number         0  swm2x1_i2c.o ABSOLUTE
    CSL\SWM2X1_StdPeriph_Driver\SWM2X1_port.c 0x00000000   Number         0  swm2x1_port.o ABSOLUTE
    CSL\SWM2X1_StdPeriph_Driver\SWM2X1_pwm.c 0x00000000   Number         0  swm2x1_pwm.o ABSOLUTE
    CSL\SWM2X1_StdPeriph_Driver\SWM2X1_qei.c 0x00000000   Number         0  swm2x1_qei.o ABSOLUTE
    CSL\SWM2X1_StdPeriph_Driver\SWM2X1_rtc.c 0x00000000   Number         0  swm2x1_rtc.o ABSOLUTE
    CSL\SWM2X1_StdPeriph_Driver\SWM2X1_sleep.c 0x00000000   Number         0  swm2x1_sleep.o ABSOLUTE
    CSL\SWM2X1_StdPeriph_Driver\SWM2X1_spi.c 0x00000000   Number         0  swm2x1_spi.o ABSOLUTE
    CSL\SWM2X1_StdPeriph_Driver\SWM2X1_timr.c 0x00000000   Number         0  swm2x1_timr.o ABSOLUTE
    CSL\SWM2X1_StdPeriph_Driver\SWM2X1_uart.c 0x00000000   Number         0  swm2x1_uart.o ABSOLUTE
    CSL\SWM2X1_StdPeriph_Driver\SWM2X1_wdt.c 0x00000000   Number         0  swm2x1_wdt.o ABSOLUTE
    CSL\\CMSIS\\DeviceSupport\\system_SWM211.c 0x00000000   Number         0  system_swm211.o ABSOLUTE
    CSL\\SWM2X1_StdPeriph_Driver\\SWM211_flash.c 0x00000000   Number         0  swm211_flash.o ABSOLUTE
    CSL\\SWM2X1_StdPeriph_Driver\\SWM2X1_adc.c 0x00000000   Number         0  swm2x1_adc.o ABSOLUTE
    CSL\\SWM2X1_StdPeriph_Driver\\SWM2X1_can.c 0x00000000   Number         0  swm2x1_can.o ABSOLUTE
    CSL\\SWM2X1_StdPeriph_Driver\\SWM2X1_cordic.c 0x00000000   Number         0  swm2x1_cordic.o ABSOLUTE
    CSL\\SWM2X1_StdPeriph_Driver\\SWM2X1_div.c 0x00000000   Number         0  swm2x1_div.o ABSOLUTE
    CSL\\SWM2X1_StdPeriph_Driver\\SWM2X1_dma.c 0x00000000   Number         0  swm2x1_dma.o ABSOLUTE
    CSL\\SWM2X1_StdPeriph_Driver\\SWM2X1_exti.c 0x00000000   Number         0  swm2x1_exti.o ABSOLUTE
    CSL\\SWM2X1_StdPeriph_Driver\\SWM2X1_gpio.c 0x00000000   Number         0  swm2x1_gpio.o ABSOLUTE
    CSL\\SWM2X1_StdPeriph_Driver\\SWM2X1_i2c.c 0x00000000   Number         0  swm2x1_i2c.o ABSOLUTE
    CSL\\SWM2X1_StdPeriph_Driver\\SWM2X1_port.c 0x00000000   Number         0  swm2x1_port.o ABSOLUTE
    CSL\\SWM2X1_StdPeriph_Driver\\SWM2X1_pwm.c 0x00000000   Number         0  swm2x1_pwm.o ABSOLUTE
    CSL\\SWM2X1_StdPeriph_Driver\\SWM2X1_qei.c 0x00000000   Number         0  swm2x1_qei.o ABSOLUTE
    CSL\\SWM2X1_StdPeriph_Driver\\SWM2X1_sleep.c 0x00000000   Number         0  swm2x1_sleep.o ABSOLUTE
    CSL\\SWM2X1_StdPeriph_Driver\\SWM2X1_spi.c 0x00000000   Number         0  swm2x1_spi.o ABSOLUTE
    CSL\\SWM2X1_StdPeriph_Driver\\SWM2X1_timr.c 0x00000000   Number         0  swm2x1_timr.o ABSOLUTE
    CSL\\SWM2X1_StdPeriph_Driver\\SWM2X1_uart.c 0x00000000   Number         0  swm2x1_uart.o ABSOLUTE
    CSL\\SWM2X1_StdPeriph_Driver\\SWM2X1_wdt.c 0x00000000   Number         0  swm2x1_wdt.o ABSOLUTE
    cdcmple.s                                0x00000000   Number         0  cdcmple.o ABSOLUTE
    cdrcmple.s                               0x00000000   Number         0  cdrcmple.o ABSOLUTE
    cfcmple.s                                0x00000000   Number         0  cfcmple.o ABSOLUTE
    cfrcmple.s                               0x00000000   Number         0  cfrcmple.o ABSOLUTE
    dc.s                                     0x00000000   Number         0  dc.o ABSOLUTE
    handlers.s                               0x00000000   Number         0  handlers.o ABSOLUTE
    init.s                                   0x00000000   Number         0  init.o ABSOLUTE
    .ARM.Collect$$$$00000000                 0x00000120   Section        0  entry.o(.ARM.Collect$$$$00000000)
    .ARM.Collect$$$$00000001                 0x00000120   Section        4  entry2.o(.ARM.Collect$$$$00000001)
    .ARM.Collect$$$$00000004                 0x00000124   Section        4  entry5.o(.ARM.Collect$$$$00000004)
    .ARM.Collect$$$$00000008                 0x00000128   Section        0  entry7b.o(.ARM.Collect$$$$00000008)
    .ARM.Collect$$$$0000000A                 0x00000128   Section        0  entry8b.o(.ARM.Collect$$$$0000000A)
    .ARM.Collect$$$$0000000B                 0x00000128   Section        8  entry9a.o(.ARM.Collect$$$$0000000B)
    .ARM.Collect$$$$0000000D                 0x00000130   Section        0  entry10a.o(.ARM.Collect$$$$0000000D)
    .ARM.Collect$$$$0000000F                 0x00000130   Section        0  entry11a.o(.ARM.Collect$$$$0000000F)
    .ARM.Collect$$$$00002712                 0x00000130   Section        4  entry2.o(.ARM.Collect$$$$00002712)
    __lit__00000000                          0x00000130   Data           4  entry2.o(.ARM.Collect$$$$00002712)
    .text                                    0x00000134   Section        0  uidiv.o(.text)
    .text                                    0x00000160   Section        0  memseta.o(.text)
    .text                                    0x00000184   Section        0  fadd.o(.text)
    .text                                    0x00000236   Section        0  fmul.o(.text)
    .text                                    0x000002b0   Section        0  fdiv.o(.text)
    .text                                    0x0000032c   Section        0  ffltui.o(.text)
    .text                                    0x0000033a   Section        0  ffixui.o(.text)
    .text                                    0x00000364   Section       20  cfcmple.o(.text)
    .text                                    0x00000378   Section       20  cfrcmple.o(.text)
    .text                                    0x0000038c   Section        0  iusefp.o(.text)
    .text                                    0x0000038c   Section        0  fepilogue.o(.text)
    .text                                    0x00000410   Section       36  init.o(.text)
    .text                                    0x00000434   Section        0  __dczerorl2.o(.text)
    i.ACMP_Handler                           0x000004a4   Section        0  interrupt.o(i.ACMP_Handler)
    i.ADC_Close                              0x000004bc   Section        0  swm2x1_adc.o(i.ADC_Close)
    i.ADC_Init                               0x000004c8   Section        0  swm2x1_adc.o(i.ADC_Init)
    i.ADC_IsEOC                              0x00000724   Section        0  swm2x1_adc.o(i.ADC_IsEOC)
    i.ADC_Open                               0x0000073a   Section        0  swm2x1_adc.o(i.ADC_Open)
    i.ADC_Start                              0x00000746   Section        0  swm2x1_adc.o(i.ADC_Start)
    i.BOD_Handler                            0x0000074c   Section        0  interrupt.o(i.BOD_Handler)
    i.BTIMR2_Handler                         0x00000770   Section        0  interrupt.o(i.BTIMR2_Handler)
    i.CORDIC_Init                            0x0000077c   Section        0  swm2x1_cordic.o(i.CORDIC_Init)
    i.DIV_Init                               0x0000079c   Section        0  swm2x1_div.o(i.DIV_Init)
    i.FLASH_Erase                            0x000007b4   Section        0  swm211_flash.o(i.FLASH_Erase)
    i.FLASH_Write                            0x000007e0   Section        0  swm211_flash.o(i.FLASH_Write)
    i.Flash_Find_Offset                      0x00000804   Section        0  flash.o(i.Flash_Find_Offset)
    i.Flash_Param_at_xMHz                    0x00000824   Section        0  swm211_flash.o(i.Flash_Param_at_xMHz)
    i.Flash_ReadDate                         0x0000085c   Section        0  flash.o(i.Flash_ReadDate)
    i.GPIO_ClrBit                            0x000008cc   Section        0  swm2x1_gpio.o(i.GPIO_ClrBit)
    i.GPIO_Init                              0x000008d8   Section        0  swm2x1_gpio.o(i.GPIO_Init)
    i.HardwareInit                           0x000009b0   Section        0  main.o(i.HardwareInit)
    i.Init_ADC                               0x00000a24   Section        0  adc.o(i.Init_ADC)
    i.Init_BOD                               0x00000afc   Section        0  main.o(i.Init_BOD)
    i.Init_CMP                               0x00000b24   Section        0  cmp.o(i.Init_CMP)
    i.Init_GPIO                              0x00000bac   Section        0  gpio.o(i.Init_GPIO)
    i.Init_OPA                               0x00000cb0   Section        0  opa.o(i.Init_OPA)
    i.Init_PWM_Drive                         0x00000cfc   Section        0  pwm_drive.o(i.Init_PWM_Drive)
    i.Init_Timer                             0x00000db4   Section        0  timer.o(i.Init_Timer)
    i.Init_Uart                              0x00000e08   Section        0  uart.o(i.Init_Uart)
    i.PLLInit                                0x00000e0c   Section        0  system_swm211.o(i.PLLInit)
    i.PORT_Init                              0x00000e54   Section        0  swm2x1_port.o(i.PORT_Init)
    i.PORT_SixDrive_Enable                   0x00000ea8   Section        0  pwm_drive.o(i.PORT_SixDrive_Enable)
    i.PWM_CmpTrigger                         0x00000efc   Section        0  swm2x1_pwm.o(i.PWM_CmpTrigger)
    i.PWM_Init                               0x00000f20   Section        0  swm2x1_pwm.o(i.PWM_Init)
    i.PWM_IntClr                             0x0000108c   Section        0  swm2x1_pwm.o(i.PWM_IntClr)
    i.PWM_Start                              0x00001090   Section        0  swm2x1_pwm.o(i.PWM_Start)
    i.PowerOff_Save                          0x000010a0   Section        0  flash.o(i.PowerOff_Save)
    i.PowerOn_Read                           0x00001178   Section        0  flash.o(i.PowerOn_Read)
    i.SoftwareInit                           0x000012d0   Section        0  main.o(i.SoftwareInit)
    i.SysTick_Handler                        0x000012fc   Section        0  interrupt.o(i.SysTick_Handler)
    i.SystemCoreClockUpdate                  0x0000131c   Section        0  system_swm211.o(i.SystemCoreClockUpdate)
    i.SystemInit                             0x000013a4   Section        0  system_swm211.o(i.SystemInit)
    i.TIMR0_Handler                          0x00001458   Section        0  interrupt.o(i.TIMR0_Handler)
    i.TIMR1_Handler                          0x00001464   Section        0  interrupt.o(i.TIMR1_Handler)
    i.TIMR_INTClr                            0x00001474   Section        0  swm2x1_timr.o(i.TIMR_INTClr)
    i.TIMR_Init                              0x0000147c   Section        0  swm2x1_timr.o(i.TIMR_Init)
    i.TIMR_OC_Init                           0x000015b0   Section        0  swm2x1_timr.o(i.TIMR_OC_Init)
    i.TIMR_Start                             0x00001610   Section        0  swm2x1_timr.o(i.TIMR_Start)
    i.TIMR_Stop                              0x00001698   Section        0  swm2x1_timr.o(i.TIMR_Stop)
    i.__scatterload_copy                     0x00001724   Section       14  handlers.o(i.__scatterload_copy)
    i.__scatterload_null                     0x00001732   Section        2  handlers.o(i.__scatterload_null)
    i.__scatterload_zeroinit                 0x00001734   Section       14  handlers.o(i.__scatterload_zeroinit)
    i.anti_integral_windup_pi_controller     0x00001744   Section        0  picontroller.o(i.anti_integral_windup_pi_controller)
    i.chn2idx                                0x0000178c   Section        0  swm2x1_adc.o(i.chn2idx)
    chn2idx                                  0x0000178d   Thumb Code   118  swm2x1_adc.o(i.chn2idx)
    i.debug_gpio_init                        0x00001804   Section        0  util.o(i.debug_gpio_init)
    i.foc_cur_ramp                           0x00001824   Section        0  foc_interface.o(i.foc_cur_ramp)
    i.foc_cur_set                            0x00001888   Section        0  foc.o(i.foc_cur_set)
    i.foc_if_charge                          0x00001894   Section        0  foc_interface.o(i.foc_if_charge)
    i.foc_if_init                            0x00001944   Section        0  foc_interface.o(i.foc_if_init)
    i.foc_if_loop                            0x0000197c   Section        0  foc_interface.o(i.foc_if_loop)
    i.foc_if_measure_ibus_offset             0x00001a58   Section        0  foc_interface.o(i.foc_if_measure_ibus_offset)
    i.foc_if_run                             0x00001b6c   Section        0  foc_interface.o(i.foc_if_run)
    i.foc_init                               0x00001b9c   Section        0  foc.o(i.foc_init)
    i.foc_make_dir                           0x00001cb4   Section        0  foc_interface.o(i.foc_make_dir)
    i.foc_speed_ramp                         0x00001cf0   Section        0  foc_interface.o(i.foc_speed_ramp)
    i.light_breath_loop                      0x00001da4   Section        0  main_light.o(i.light_breath_loop)
    i.light_loop                             0x00001e68   Section        0  main_light.o(i.light_loop)
    i.light_pwm_jump_to_target               0x00002000   Section        0  main_light.o(i.light_pwm_jump_to_target)
    i.light_pwm_update                       0x0000201c   Section        0  main_light.o(i.light_pwm_update)
    i.light_step_change                      0x00002094   Section        0  main_light.o(i.light_step_change)
    i.light_wall_switch                      0x000020f4   Section        0  main_light.o(i.light_wall_switch)
    i.main                                   0x00002130   Section        0  main.o(i.main)
    i.rgb_onoff_set                          0x00002180   Section        0  rgb.o(i.rgb_onoff_set)
    i.software_pwm_update                    0x000021bc   Section        0  software_pwm.o(i.software_pwm_update)
    i.switchTo12MHz                          0x000021d8   Section        0  system_swm211.o(i.switchTo12MHz)
    i.switchToPLL                            0x000021ec   Section        0  system_swm211.o(i.switchToPLL)
    i.user_1ms_task                          0x0000222c   Section        0  main.o(i.user_1ms_task)
    PlaceInRAM                               0x20000000   Section        0  interrupt.o(PlaceInRAM)
    PlaceInRAM                               0x20000040   Section        0  foc.o(PlaceInRAM)
    PlaceInRAM                               0x20000698   Section        0  picontroller.o(PlaceInRAM)
    PlaceInRAM                               0x20000710   Section        0  pll.o(PlaceInRAM)
    PlaceInRAM                               0x2000082c   Section        0  foc_util.o(PlaceInRAM)
    .data                                    0x20000950   Section        8  flash.o(.data)
    .data                                    0x20000958   Section        4  util.o(.data)
    .data                                    0x2000095c   Section       48  rgb.o(.data)
    .data                                    0x2000098c   Section       20  main_light.o(.data)
    .data                                    0x200009a0   Section       44  mills_app.o(.data)
    countdown_ms                             0x200009b4   Data           4  mills_app.o(.data)
    T_low_cnt                                0x200009b8   Data           4  mills_app.o(.data)
    T_high_cnt                               0x200009bc   Data           4  mills_app.o(.data)
    software_countdown_ms                    0x200009c0   Data           4  mills_app.o(.data)
    .data                                    0x200009cc   Section      268  foc.o(.data)
    .data                                    0x20000ad8   Section        2  foc.o(.data)
    .data                                    0x20000ada   Section        1  foc.o(.data)
    .data                                    0x20000adc   Section      108  foc_interface.o(.data)
    speed_ip_LastErr                         0x20000af2   Data           2  foc_interface.o(.data)
    delay_on                                 0x20000af8   Data           4  foc_interface.o(.data)
    tailwindHfiErr                           0x20000afc   Data           4  foc_interface.o(.data)
    cnt                                      0x20000b00   Data           4  foc_interface.o(.data)
    sum_u                                    0x20000b04   Data           4  foc_interface.o(.data)
    sum_v                                    0x20000b08   Data           4  foc_interface.o(.data)
    sum_w                                    0x20000b0c   Data           4  foc_interface.o(.data)
    offset_u                                 0x20000b10   Data           4  foc_interface.o(.data)
    offset_v                                 0x20000b14   Data           4  foc_interface.o(.data)
    offset_w                                 0x20000b18   Data           4  foc_interface.o(.data)
    speed_ip_out                             0x20000b1c   Data           4  foc_interface.o(.data)
    .data                                    0x20000b48   Section        8  cmp.o(.data)
    .data                                    0x20000b50   Section       12  swm2x1_adc.o(.data)
    ADC3V6                                   0x20000b50   Data           4  swm2x1_adc.o(.data)
    ADC3V6_K                                 0x20000b54   Data           4  swm2x1_adc.o(.data)
    ADC3V6_Offset                            0x20000b58   Data           4  swm2x1_adc.o(.data)
    .data                                    0x20000b5c   Section        1  swm2x1_cordic.o(.data)
    .data                                    0x20000b60   Section       12  swm211_flash.o(.data)
    .data                                    0x20000b6c   Section        8  system_swm211.o(.data)
    .bss                                     0x20000b74   Section      256  flash.o(.bss)
    .bss                                     0x20000c74   Section       60  irscan.o(.bss)
    .bss                                     0x20000cb0   Section       44  ircontrol.o(.bss)
    .bss                                     0x20000cdc   Section       96  software_pwm.o(.bss)
    sp_array                                 0x20000cdc   Data          96  software_pwm.o(.bss)
    .bss                                     0x20000d3c   Section       12  foc_interface.o(.bss)
    STACK                                    0x20000d48   Section     1024  startup_swm211.o(STACK)

    Global Symbols

    Symbol Name                              Value     Ov Type        Size  Object(Section)

    BuildAttributes$$THM_ISAv3M$S$PE$A:L22$X:L11$S22$IEEE1$IW$USESV6$~STKCKD$USESV7$~SHL$OTIME$ROPI$EBA8$MICROLIB$REQ8$EABIv2 0x00000000   Number         0  anon$$obj.o ABSOLUTE
    __ARM_use_no_argv                        0x00000000   Number         0  main.o ABSOLUTE
    __Vectors                                0x00000000   Data           4  startup_swm211.o(RESET)
    __cpp_initialize__aeabi_                  - Undefined Weak Reference
    __cxa_finalize                            - Undefined Weak Reference
    _clock_init                               - Undefined Weak Reference
    _microlib_exit                            - Undefined Weak Reference
    Reset_Handler                            0x000000c1   Thumb Code    10  startup_swm211.o(RESET)
    __Vectors_End                            0x000000c1   Thumb Code     0  startup_swm211.o(RESET)
    __Vectors_Size                           0x000000c0   Number         0  startup_swm211.o ABSOLUTE
    NMI_Handler                              0x000000cb   Thumb Code     2  startup_swm211.o(RESET)
    HardFault_Handler                        0x000000cd   Thumb Code     2  startup_swm211.o(RESET)
    SVC_Handler                              0x000000cf   Thumb Code     2  startup_swm211.o(RESET)
    PendSV_Handler                           0x000000d1   Thumb Code     2  startup_swm211.o(RESET)
    UART0_Handler                            0x000000d5   Thumb Code     2  startup_swm211.o(RESET)
    CORDIC_Handler                           0x000000d9   Thumb Code     2  startup_swm211.o(RESET)
    UART1_Handler                            0x000000db   Thumb Code     2  startup_swm211.o(RESET)
    PWM1_Handler                             0x000000dd   Thumb Code     2  startup_swm211.o(RESET)
    HALL_Handler                             0x000000e1   Thumb Code     2  startup_swm211.o(RESET)
    PWMBRK_Handler                           0x000000e7   Thumb Code     2  startup_swm211.o(RESET)
    WDT_Handler                              0x000000e9   Thumb Code     2  startup_swm211.o(RESET)
    I2C0_Handler                             0x000000eb   Thumb Code     2  startup_swm211.o(RESET)
    XTALSTOP_Handler                         0x000000ed   Thumb Code     2  startup_swm211.o(RESET)
    BTIMR0_Handler                           0x000000f3   Thumb Code     2  startup_swm211.o(RESET)
    BTIMR1_Handler                           0x000000f5   Thumb Code     2  startup_swm211.o(RESET)
    BTIMR3_Handler                           0x000000f9   Thumb Code     2  startup_swm211.o(RESET)
    GPIOA_Handler                            0x000000fb   Thumb Code     2  startup_swm211.o(RESET)
    GPIOB_Handler                            0x000000fd   Thumb Code     2  startup_swm211.o(RESET)
    GPIOM_Handler                            0x000000ff   Thumb Code     2  startup_swm211.o(RESET)
    GPIOA0_GPIOM0_SPI1_Handler               0x00000101   Thumb Code     2  startup_swm211.o(RESET)
    GPIOA1_GPIOM1_MPU_Handler                0x00000103   Thumb Code     2  startup_swm211.o(RESET)
    GPIOA2_GPIOM2_Handler                    0x00000105   Thumb Code     2  startup_swm211.o(RESET)
    GPIOA3_GPIOM3_Handler                    0x00000107   Thumb Code     2  startup_swm211.o(RESET)
    GPIOB0_GPIOA8_TIMR2_Handler              0x00000109   Thumb Code     2  startup_swm211.o(RESET)
    GPIOB1_GPIOA9_DMA_Handler                0x0000010b   Thumb Code     2  startup_swm211.o(RESET)
    GPIOB2_GPIOA10_CAN0_Handler              0x0000010d   Thumb Code     2  startup_swm211.o(RESET)
    GPIOB3_GPIOA11_SPI0_Handler              0x0000010f   Thumb Code     2  startup_swm211.o(RESET)
    GPIOB4_GPIOB10_QEI_Handler               0x00000111   Thumb Code     2  startup_swm211.o(RESET)
    __main                                   0x00000121   Thumb Code     0  entry.o(.ARM.Collect$$$$00000000)
    _main_stk                                0x00000121   Thumb Code     0  entry2.o(.ARM.Collect$$$$00000001)
    _main_scatterload                        0x00000125   Thumb Code     0  entry5.o(.ARM.Collect$$$$00000004)
    __main_after_scatterload                 0x00000129   Thumb Code     0  entry5.o(.ARM.Collect$$$$00000004)
    _main_clock                              0x00000129   Thumb Code     0  entry7b.o(.ARM.Collect$$$$00000008)
    _main_cpp_init                           0x00000129   Thumb Code     0  entry8b.o(.ARM.Collect$$$$0000000A)
    _main_init                               0x00000129   Thumb Code     0  entry9a.o(.ARM.Collect$$$$0000000B)
    __rt_final_cpp                           0x00000131   Thumb Code     0  entry10a.o(.ARM.Collect$$$$0000000D)
    __rt_final_exit                          0x00000131   Thumb Code     0  entry11a.o(.ARM.Collect$$$$0000000F)
    __aeabi_uidiv                            0x00000135   Thumb Code     0  uidiv.o(.text)
    __aeabi_uidivmod                         0x00000135   Thumb Code    44  uidiv.o(.text)
    __aeabi_memset                           0x00000161   Thumb Code    14  memseta.o(.text)
    __aeabi_memset4                          0x00000161   Thumb Code     0  memseta.o(.text)
    __aeabi_memset8                          0x00000161   Thumb Code     0  memseta.o(.text)
    __aeabi_memclr                           0x0000016f   Thumb Code     4  memseta.o(.text)
    __aeabi_memclr4                          0x0000016f   Thumb Code     0  memseta.o(.text)
    __aeabi_memclr8                          0x0000016f   Thumb Code     0  memseta.o(.text)
    _memset$wrapper                          0x00000173   Thumb Code    18  memseta.o(.text)
    __aeabi_fadd                             0x00000185   Thumb Code   162  fadd.o(.text)
    __aeabi_fsub                             0x00000227   Thumb Code     8  fadd.o(.text)
    __aeabi_frsub                            0x0000022f   Thumb Code     8  fadd.o(.text)
    __aeabi_fmul                             0x00000237   Thumb Code   122  fmul.o(.text)
    __aeabi_fdiv                             0x000002b1   Thumb Code   124  fdiv.o(.text)
    __aeabi_ui2f                             0x0000032d   Thumb Code    14  ffltui.o(.text)
    __aeabi_f2uiz                            0x0000033b   Thumb Code    40  ffixui.o(.text)
    __aeabi_cfcmpeq                          0x00000365   Thumb Code     0  cfcmple.o(.text)
    __aeabi_cfcmple                          0x00000365   Thumb Code    20  cfcmple.o(.text)
    __aeabi_cfrcmple                         0x00000379   Thumb Code    20  cfrcmple.o(.text)
    __I$use$fp                               0x0000038d   Thumb Code     0  iusefp.o(.text)
    _float_round                             0x0000038d   Thumb Code    16  fepilogue.o(.text)
    _float_epilogue                          0x0000039d   Thumb Code   116  fepilogue.o(.text)
    __scatterload                            0x00000411   Thumb Code    28  init.o(.text)
    __scatterload_rt2                        0x00000411   Thumb Code     0  init.o(.text)
    __decompress                             0x00000435   Thumb Code     0  __dczerorl2.o(.text)
    __decompress1                            0x00000435   Thumb Code    86  __dczerorl2.o(.text)
    Long Thumb to Thumb Veneer to foc_svm_gen 0x0000048d   Thumb Code    12  anon$$obj.o(Veneer$$Code)
    Long Thumb to Thumb Veneer to LPFFunction 0x00000499   Thumb Code    12  anon$$obj.o(Veneer$$Code)
    ACMP_Handler                             0x000004a5   Thumb Code    18  interrupt.o(i.ACMP_Handler)
    ADC_Close                                0x000004bd   Thumb Code    12  swm2x1_adc.o(i.ADC_Close)
    ADC_Init                                 0x000004c9   Thumb Code   562  swm2x1_adc.o(i.ADC_Init)
    ADC_IsEOC                                0x00000725   Thumb Code    22  swm2x1_adc.o(i.ADC_IsEOC)
    ADC_Open                                 0x0000073b   Thumb Code    12  swm2x1_adc.o(i.ADC_Open)
    ADC_Start                                0x00000747   Thumb Code     6  swm2x1_adc.o(i.ADC_Start)
    BOD_Handler                              0x0000074d   Thumb Code    22  interrupt.o(i.BOD_Handler)
    BTIMR2_Handler                           0x00000771   Thumb Code     8  interrupt.o(i.BTIMR2_Handler)
    CORDIC_Init                              0x0000077d   Thumb Code    24  swm2x1_cordic.o(i.CORDIC_Init)
    DIV_Init                                 0x0000079d   Thumb Code    18  swm2x1_div.o(i.DIV_Init)
    FLASH_Erase                              0x000007b5   Thumb Code    32  swm211_flash.o(i.FLASH_Erase)
    FLASH_Write                              0x000007e1   Thumb Code    26  swm211_flash.o(i.FLASH_Write)
    Flash_Find_Offset                        0x00000805   Thumb Code    30  flash.o(i.Flash_Find_Offset)
    Flash_Param_at_xMHz                      0x00000825   Thumb Code    40  swm211_flash.o(i.Flash_Param_at_xMHz)
    Flash_ReadDate                           0x0000085d   Thumb Code    92  flash.o(i.Flash_ReadDate)
    GPIO_ClrBit                              0x000008cd   Thumb Code    12  swm2x1_gpio.o(i.GPIO_ClrBit)
    GPIO_Init                                0x000008d9   Thumb Code   198  swm2x1_gpio.o(i.GPIO_Init)
    HardwareInit                             0x000009b1   Thumb Code    90  main.o(i.HardwareInit)
    Init_ADC                                 0x00000a25   Thumb Code   180  adc.o(i.Init_ADC)
    Init_BOD                                 0x00000afd   Thumb Code    26  main.o(i.Init_BOD)
    Init_CMP                                 0x00000b25   Thumb Code    96  cmp.o(i.Init_CMP)
    Init_GPIO                                0x00000bad   Thumb Code   244  gpio.o(i.Init_GPIO)
    Init_OPA                                 0x00000cb1   Thumb Code    64  opa.o(i.Init_OPA)
    Init_PWM_Drive                           0x00000cfd   Thumb Code   146  pwm_drive.o(i.Init_PWM_Drive)
    Init_Timer                               0x00000db5   Thumb Code    66  timer.o(i.Init_Timer)
    Init_Uart                                0x00000e09   Thumb Code     2  uart.o(i.Init_Uart)
    PLLInit                                  0x00000e0d   Thumb Code    54  system_swm211.o(i.PLLInit)
    PORT_Init                                0x00000e55   Thumb Code    84  swm2x1_port.o(i.PORT_Init)
    PORT_SixDrive_Enable                     0x00000ea9   Thumb Code    78  pwm_drive.o(i.PORT_SixDrive_Enable)
    PWM_CmpTrigger                           0x00000efd   Thumb Code    34  swm2x1_pwm.o(i.PWM_CmpTrigger)
    PWM_Init                                 0x00000f21   Thumb Code   352  swm2x1_pwm.o(i.PWM_Init)
    PWM_IntClr                               0x0000108d   Thumb Code     4  swm2x1_pwm.o(i.PWM_IntClr)
    PWM_Start                                0x00001091   Thumb Code    10  swm2x1_pwm.o(i.PWM_Start)
    PowerOff_Save                            0x000010a1   Thumb Code   180  flash.o(i.PowerOff_Save)
    PowerOn_Read                             0x00001179   Thumb Code   306  flash.o(i.PowerOn_Read)
    SoftwareInit                             0x000012d1   Thumb Code    34  main.o(i.SoftwareInit)
    SysTick_Handler                          0x000012fd   Thumb Code    26  interrupt.o(i.SysTick_Handler)
    SystemCoreClockUpdate                    0x0000131d   Thumb Code   114  system_swm211.o(i.SystemCoreClockUpdate)
    SystemInit                               0x000013a5   Thumb Code   152  system_swm211.o(i.SystemInit)
    TIMR0_Handler                            0x00001459   Thumb Code     8  interrupt.o(i.TIMR0_Handler)
    TIMR1_Handler                            0x00001465   Thumb Code    10  interrupt.o(i.TIMR1_Handler)
    TIMR_INTClr                              0x00001475   Thumb Code     6  swm2x1_timr.o(i.TIMR_INTClr)
    TIMR_Init                                0x0000147d   Thumb Code   272  swm2x1_timr.o(i.TIMR_Init)
    TIMR_OC_Init                             0x000015b1   Thumb Code    86  swm2x1_timr.o(i.TIMR_OC_Init)
    TIMR_Start                               0x00001611   Thumb Code   120  swm2x1_timr.o(i.TIMR_Start)
    TIMR_Stop                                0x00001699   Thumb Code   122  swm2x1_timr.o(i.TIMR_Stop)
    __scatterload_copy                       0x00001725   Thumb Code    14  handlers.o(i.__scatterload_copy)
    __scatterload_null                       0x00001733   Thumb Code     2  handlers.o(i.__scatterload_null)
    __scatterload_zeroinit                   0x00001735   Thumb Code    14  handlers.o(i.__scatterload_zeroinit)
    anti_integral_windup_pi_controller       0x00001745   Thumb Code    66  picontroller.o(i.anti_integral_windup_pi_controller)
    debug_gpio_init                          0x00001805   Thumb Code    26  util.o(i.debug_gpio_init)
    foc_cur_ramp                             0x00001825   Thumb Code    92  foc_interface.o(i.foc_cur_ramp)
    foc_cur_set                              0x00001889   Thumb Code     8  foc.o(i.foc_cur_set)
    foc_if_charge                            0x00001895   Thumb Code   150  foc_interface.o(i.foc_if_charge)
    foc_if_init                              0x00001945   Thumb Code    48  foc_interface.o(i.foc_if_init)
    foc_if_loop                              0x0000197d   Thumb Code   186  foc_interface.o(i.foc_if_loop)
    foc_if_measure_ibus_offset               0x00001a59   Thumb Code   236  foc_interface.o(i.foc_if_measure_ibus_offset)
    foc_if_run                               0x00001b6d   Thumb Code    38  foc_interface.o(i.foc_if_run)
    foc_init                                 0x00001b9d   Thumb Code   230  foc.o(i.foc_init)
    foc_make_dir                             0x00001cb5   Thumb Code    58  foc_interface.o(i.foc_make_dir)
    foc_speed_ramp                           0x00001cf1   Thumb Code   144  foc_interface.o(i.foc_speed_ramp)
    light_breath_loop                        0x00001da5   Thumb Code   182  main_light.o(i.light_breath_loop)
    light_loop                               0x00001e69   Thumb Code   392  main_light.o(i.light_loop)
    light_pwm_jump_to_target                 0x00002001   Thumb Code    22  main_light.o(i.light_pwm_jump_to_target)
    light_pwm_update                         0x0000201d   Thumb Code   104  main_light.o(i.light_pwm_update)
    light_step_change                        0x00002095   Thumb Code    78  main_light.o(i.light_step_change)
    light_wall_switch                        0x000020f5   Thumb Code    50  main_light.o(i.light_wall_switch)
    main                                     0x00002131   Thumb Code    72  main.o(i.main)
    rgb_onoff_set                            0x00002181   Thumb Code    56  rgb.o(i.rgb_onoff_set)
    software_pwm_update                      0x000021bd   Thumb Code    24  software_pwm.o(i.software_pwm_update)
    switchTo12MHz                            0x000021d9   Thumb Code    16  system_swm211.o(i.switchTo12MHz)
    switchToPLL                              0x000021ed   Thumb Code    64  system_swm211.o(i.switchToPLL)
    user_1ms_task                            0x0000222d   Thumb Code     2  main.o(i.user_1ms_task)
    Region$$Table$$Base                      0x00002230   Number         0  anon$$obj.o(Region$$Table)
    Region$$Table$$Limit                     0x00002260   Number         0  anon$$obj.o(Region$$Table)
    PWM0_Handler                             0x20000001   Thumb Code    12  interrupt.o(PlaceInRAM)
    ADC0_Handler                             0x2000000d   Thumb Code    34  interrupt.o(PlaceInRAM)
    foc_svm_gen                              0x20000041   Thumb Code   598  foc.o(PlaceInRAM)
    Udq_2_Uab                                0x20000297   Thumb Code    60  foc.o(PlaceInRAM)
    alpha_beta_2_dq                          0x200002d3   Thumb Code    60  foc.o(PlaceInRAM)
    foc_loop_isr                             0x2000030f   Thumb Code   610  foc.o(PlaceInRAM)
    foc_observer_update                      0x20000571   Thumb Code   214  foc.o(PlaceInRAM)
    pi_controller                            0x20000699   Thumb Code   120  picontroller.o(PlaceInRAM)
    pll                                      0x20000711   Thumb Code   256  pll.o(PlaceInRAM)
    LPFFunction                              0x2000082d   Thumb Code    12  foc_util.o(PlaceInRAM)
    HPFFunction                              0x20000839   Thumb Code    12  foc_util.o(PlaceInRAM)
    theta_to_sin                             0x20000845   Thumb Code    88  foc_util.o(PlaceInRAM)
    theta_to_sin_and_cos                     0x2000089d   Thumb Code   132  foc_util.o(PlaceInRAM)
    Long Thumb to Thumb Veneer to PWM_IntClr 0x20000939   Thumb Code    12  anon$$obj.o(Veneer$$Code)
    Long Thumb to Thumb Veneer to __aeabi_uidivmod 0x20000945   Thumb Code    12  anon$$obj.o(Veneer$$Code)
    erase_flag                               0x20000950   Data           4  flash.o(.data)
    progm_flag                               0x20000954   Data           4  flash.o(.data)
    user_delay_cnt                           0x20000958   Data           4  util.o(.data)
    rgb_onoff                                0x2000095c   Data           1  rgb.o(.data)
    breath_state                             0x2000095d   Data           1  rgb.o(.data)
    last_rgb_mode                            0x2000095e   Data           1  rgb.o(.data)
    rgb_mode                                 0x2000095f   Data           1  rgb.o(.data)
    hue                                      0x20000960   Data           4  rgb.o(.data)
    hue_time_cnt                             0x20000964   Data           4  rgb.o(.data)
    r_software_pwm_indx                      0x20000968   Data           4  rgb.o(.data)
    g_software_pwm_indx                      0x2000096c   Data           4  rgb.o(.data)
    b_software_pwm_indx                      0x20000970   Data           4  rgb.o(.data)
    r_bef                                    0x20000974   Data           8  rgb.o(.data)
    g_bef                                    0x2000097c   Data           8  rgb.o(.data)
    b_bef                                    0x20000984   Data           8  rgb.o(.data)
    light_breath                             0x2000098c   Data           1  main_light.o(.data)
    light_breath_cnt                         0x2000098d   Data           1  main_light.o(.data)
    light_breath_dir                         0x2000098e   Data           1  main_light.o(.data)
    light_breath_save_last_led_state         0x2000098f   Data           1  main_light.o(.data)
    light_breath_cw                          0x20000990   Data           2  main_light.o(.data)
    light_breath_cy                          0x20000992   Data           2  main_light.o(.data)
    change_step_scale                        0x20000994   Data           4  main_light.o(.data)
    change_step                              0x20000998   Data           4  main_light.o(.data)
    light_breath_total_target                0x2000099c   Data           4  main_light.o(.data)
    T_level                                  0x200009a0   Data           1  mills_app.o(.data)
    T_off_time_flag                          0x200009a1   Data           1  mills_app.o(.data)
    T_low_flag                               0x200009a2   Data           1  mills_app.o(.data)
    T_high_flag                              0x200009a3   Data           1  mills_app.o(.data)
    delay_save_set                           0x200009a4   Data           1  mills_app.o(.data)
    T_low_cnt                                0x200009a8   Data           4  mills_app.o(.data)
    T_high_cnt                               0x200009ac   Data           4  mills_app.o(.data)
    delay_save_time                          0x200009b0   Data           4  mills_app.o(.data)
    timing_pwr_down                          0x200009c4   Data           8  mills_app.o(.data)
    mcBrakeFlag                              0x200009cc   Data           1  foc.o(.data)
    theta_est_mode                           0x200009cd   Data           1  foc.o(.data)
    working_theta_align_done                 0x200009ce   Data           1  foc.o(.data)
    gamma_half                               0x200009d0   Data           2  foc.o(.data)
    sq_lambda                                0x200009d2   Data           2  foc.o(.data)
    Rs                                       0x200009d4   Data           2  foc.o(.data)
    L                                        0x200009d6   Data           2  foc.o(.data)
    adc_sp1                                  0x200009d8   Data           2  foc.o(.data)
    adc_sp2                                  0x200009da   Data           2  foc.o(.data)
    Ia                                       0x200009dc   Data           2  foc.o(.data)
    Ib                                       0x200009de   Data           2  foc.o(.data)
    Ic                                       0x200009e0   Data           2  foc.o(.data)
    Ialpha_sp                                0x200009e2   Data           2  foc.o(.data)
    Ibeta_sp                                 0x200009e4   Data           2  foc.o(.data)
    Ialpha                                   0x200009e6   Data           2  foc.o(.data)
    Ibeta                                    0x200009e8   Data           2  foc.o(.data)
    Ialpha_lpf                               0x200009ea   Data           2  foc.o(.data)
    Ibeta_lpf                                0x200009ec   Data           2  foc.o(.data)
    Ualpha                                   0x200009ee   Data           2  foc.o(.data)
    Ubeta                                    0x200009f0   Data           2  foc.o(.data)
    Id                                       0x200009f2   Data           2  foc.o(.data)
    Iq                                       0x200009f4   Data           2  foc.o(.data)
    Ud                                       0x200009f6   Data           2  foc.o(.data)
    Uq                                       0x200009f8   Data           2  foc.o(.data)
    id_ref                                   0x200009fa   Data           2  foc.o(.data)
    iq_ref                                   0x200009fc   Data           2  foc.o(.data)
    linear_hall_0_raw                        0x200009fe   Data           2  foc.o(.data)
    linear_hall_1_raw                        0x20000a00   Data           2  foc.o(.data)
    sin_of_theta                             0x20000a02   Data           2  foc.o(.data)
    cos_of_theta                             0x20000a04   Data           2  foc.o(.data)
    theta_phase                              0x20000a06   Data           2  foc.o(.data)
    flux_sin                                 0x20000a08   Data           2  foc.o(.data)
    flux_cos                                 0x20000a0a   Data           2  foc.o(.data)
    lear_hall_speed_est                      0x20000a0c   Data           2  foc.o(.data)
    L_ia                                     0x20000a0e   Data           2  foc.o(.data)
    L_ib                                     0x20000a10   Data           2  foc.o(.data)
    R_ia                                     0x20000a12   Data           2  foc.o(.data)
    R_ib                                     0x20000a14   Data           2  foc.o(.data)
    x1_min_L_ia                              0x20000a16   Data           2  foc.o(.data)
    x2_min_L_ib                              0x20000a18   Data           2  foc.o(.data)
    sq_x1_L_ia                               0x20000a1a   Data           2  foc.o(.data)
    sq_x2_L_ib                               0x20000a1c   Data           2  foc.o(.data)
    svm_sector                               0x20000a1e   Data           2  foc.o(.data)
    tAout                                    0x20000a20   Data           2  foc.o(.data)
    tBout                                    0x20000a22   Data           2  foc.o(.data)
    tCout                                    0x20000a24   Data           2  foc.o(.data)
    tFAout                                   0x20000a26   Data           2  foc.o(.data)
    tFBout                                   0x20000a28   Data           2  foc.o(.data)
    tFCout                                   0x20000a2a   Data           2  foc.o(.data)
    over_module_cnt                          0x20000a2c   Data           4  foc.o(.data)
    working_theta_align_cnt                  0x20000a30   Data           4  foc.o(.data)
    working_theta_align_sum                  0x20000a34   Data           4  foc.o(.data)
    working_theta_align                      0x20000a38   Data           4  foc.o(.data)
    working_theta                            0x20000a3c   Data           4  foc.o(.data)
    __working_theta                          0x20000a40   Data           4  foc.o(.data)
    tmp1                                     0x20000a44   Data           4  foc.o(.data)
    tmp2                                     0x20000a48   Data           4  foc.o(.data)
    lear_hall_theta_est                      0x20000a4c   Data           4  foc.o(.data)
    sq_obs_err                               0x20000a50   Data           4  foc.o(.data)
    obs_err                                  0x20000a54   Data           4  foc.o(.data)
    x1_dot                                   0x20000a58   Data           4  foc.o(.data)
    x2_dot                                   0x20000a5c   Data           4  foc.o(.data)
    linear_hall_pll_pi                       0x20000a60   Data          40  foc.o(.data)
    iq_pi                                    0x20000a88   Data          40  foc.o(.data)
    id_pi                                    0x20000ab0   Data          40  foc.o(.data)
    nlm_obs_speed_est_lpf                    0x20000ad8   Data           2  foc.o(.data)
    hfi_theta_use                            0x20000ada   Data           1  foc.o(.data)
    mcstate                                  0x20000adc   Data           1  foc_interface.o(.data)
    mcCurOffsetFlag                          0x20000add   Data           1  foc_interface.o(.data)
    mcCurOffsetState                         0x20000ade   Data           1  foc_interface.o(.data)
    mcChargeState                            0x20000adf   Data           1  foc_interface.o(.data)
    mcTaiwindState                           0x20000ae0   Data           1  foc_interface.o(.data)
    mcIpdState                               0x20000ae1   Data           1  foc_interface.o(.data)
    id_ref_ramp                              0x20000ae2   Data           2  foc_interface.o(.data)
    iq_ref_ramp                              0x20000ae4   Data           2  foc_interface.o(.data)
    speed_ramp                               0x20000ae6   Data           2  foc_interface.o(.data)
    mcCurOffset_u                            0x20000ae8   Data           2  foc_interface.o(.data)
    mcCurOffset_v                            0x20000aea   Data           2  foc_interface.o(.data)
    mcCurOffset_w                            0x20000aec   Data           2  foc_interface.o(.data)
    mcChargeCnt                              0x20000aee   Data           2  foc_interface.o(.data)
    speed_loop_lpf                           0x20000af0   Data           2  foc_interface.o(.data)
    speed_pi_loop_cnt                        0x20000af4   Data           4  foc_interface.o(.data)
    speed_pi                                 0x20000b20   Data          40  foc_interface.o(.data)
    Debug_DAC_Offset                         0x20000b48   Data           2  cmp.o(.data)
    Debug_DAC2V                              0x20000b4c   Data           4  cmp.o(.data)
    cordic_lock                              0x20000b5c   Data           1  swm2x1_cordic.o(.data)
    IAP_Flash_Param                          0x20000b60   Data           4  swm211_flash.o(.data)
    IAP_Flash_Erase                          0x20000b64   Data           4  swm211_flash.o(.data)
    IAP_Flash_Write                          0x20000b68   Data           4  swm211_flash.o(.data)
    SystemCoreClock                          0x20000b6c   Data           4  system_swm211.o(.data)
    CyclesPerUs                              0x20000b70   Data           4  system_swm211.o(.data)
    DataReadBuffer                           0x20000b74   Data         128  flash.o(.bss)
    DataWriteBuffer                          0x20000bf4   Data         128  flash.o(.bss)
    RF                                       0x20000c74   Data          60  irscan.o(.bss)
    IRControl                                0x20000cb0   Data          44  ircontrol.o(.bss)
    mcCtrl                                   0x20000d3c   Data          12  foc_interface.o(.bss)
    __initial_sp                             0x20001148   Data           0  startup_swm211.o(STACK)



==============================================================================

Memory Map of the image

  Image Entry point : 0x00000121

  Load Region LR_IROM1 (Base: 0x00000000, Size: 0x00002dd4, Max: 0x00010000, ABSOLUTE, COMPRESSED[0x00002c34])

    Execution Region ER_IROM1 (Exec base: 0x00000000, Load base: 0x00000000, Size: 0x00002260, Max: 0x00010000, ABSOLUTE)

    Exec Addr    Load Addr    Size         Type   Attr      Idx    E Section Name        Object

    0x00000000   0x00000000   0x00000120   Code   RO         3055    RESET               startup_swm211.o
    0x00000120   0x00000120   0x00000000   Code   RO         3059  * .ARM.Collect$$$$00000000  mc_p.l(entry.o)
    0x00000120   0x00000120   0x00000004   Code   RO         3098    .ARM.Collect$$$$00000001  mc_p.l(entry2.o)
    0x00000124   0x00000124   0x00000004   Code   RO         3101    .ARM.Collect$$$$00000004  mc_p.l(entry5.o)
    0x00000128   0x00000128   0x00000000   Code   RO         3103    .ARM.Collect$$$$00000008  mc_p.l(entry7b.o)
    0x00000128   0x00000128   0x00000000   Code   RO         3105    .ARM.Collect$$$$0000000A  mc_p.l(entry8b.o)
    0x00000128   0x00000128   0x00000008   Code   RO         3106    .ARM.Collect$$$$0000000B  mc_p.l(entry9a.o)
    0x00000130   0x00000130   0x00000000   Code   RO         3108    .ARM.Collect$$$$0000000D  mc_p.l(entry10a.o)
    0x00000130   0x00000130   0x00000000   Code   RO         3110    .ARM.Collect$$$$0000000F  mc_p.l(entry11a.o)
    0x00000130   0x00000130   0x00000004   Code   RO         3099    .ARM.Collect$$$$00002712  mc_p.l(entry2.o)
    0x00000134   0x00000134   0x0000002c   Code   RO         3062    .text               mc_p.l(uidiv.o)
    0x00000160   0x00000160   0x00000024   Code   RO         3066    .text               mc_p.l(memseta.o)
    0x00000184   0x00000184   0x000000b2   Code   RO         3068    .text               mf_p.l(fadd.o)
    0x00000236   0x00000236   0x0000007a   Code   RO         3070    .text               mf_p.l(fmul.o)
    0x000002b0   0x000002b0   0x0000007c   Code   RO         3072    .text               mf_p.l(fdiv.o)
    0x0000032c   0x0000032c   0x0000000e   Code   RO         3080    .text               mf_p.l(ffltui.o)
    0x0000033a   0x0000033a   0x00000028   Code   RO         3084    .text               mf_p.l(ffixui.o)
    0x00000362   0x00000362   0x00000002   PAD
    0x00000364   0x00000364   0x00000014   Code   RO         3094    .text               mf_p.l(cfcmple.o)
    0x00000378   0x00000378   0x00000014   Code   RO         3096    .text               mf_p.l(cfrcmple.o)
    0x0000038c   0x0000038c   0x00000000   Code   RO         3116    .text               mc_p.l(iusefp.o)
    0x0000038c   0x0000038c   0x00000084   Code   RO         3117    .text               mf_p.l(fepilogue.o)
    0x00000410   0x00000410   0x00000024   Code   RO         3123    .text               mc_p.l(init.o)
    0x00000434   0x00000434   0x00000056   Code   RO         3135    .text               mc_p.l(__dczerorl2.o)
    0x0000048a   0x0000048a   0x00000002   PAD
    0x0000048c   0x0000048c   0x0000000c   Ven    RO         3137    Veneer$$Code        anon$$obj.o
    0x00000498   0x00000498   0x0000000c   Ven    RO         3138    Veneer$$Code        anon$$obj.o
    0x000004a4   0x000004a4   0x00000018   Code   RO          264    i.ACMP_Handler      interrupt.o
    0x000004bc   0x000004bc   0x0000000c   Code   RO         2070    i.ADC_Close         swm2x1_adc.o
    0x000004c8   0x000004c8   0x0000025c   Code   RO         2071    i.ADC_Init          swm2x1_adc.o
    0x00000724   0x00000724   0x00000016   Code   RO         2080    i.ADC_IsEOC         swm2x1_adc.o
    0x0000073a   0x0000073a   0x0000000c   Code   RO         2081    i.ADC_Open          swm2x1_adc.o
    0x00000746   0x00000746   0x00000006   Code   RO         2083    i.ADC_Start         swm2x1_adc.o
    0x0000074c   0x0000074c   0x00000024   Code   RO          265    i.BOD_Handler       interrupt.o
    0x00000770   0x00000770   0x0000000c   Code   RO          266    i.BTIMR2_Handler    interrupt.o
    0x0000077c   0x0000077c   0x00000020   Code   RO         2567    i.CORDIC_Init       swm2x1_cordic.o
    0x0000079c   0x0000079c   0x00000018   Code   RO         2547    i.DIV_Init          swm2x1_div.o
    0x000007b4   0x000007b4   0x0000002c   Code   RO         2946    i.FLASH_Erase       swm211_flash.o
    0x000007e0   0x000007e0   0x00000024   Code   RO         2947    i.FLASH_Write       swm211_flash.o
    0x00000804   0x00000804   0x0000001e   Code   RO          325    i.Flash_Find_Offset  flash.o
    0x00000822   0x00000822   0x00000002   PAD
    0x00000824   0x00000824   0x00000038   Code   RO         2948    i.Flash_Param_at_xMHz  swm211_flash.o
    0x0000085c   0x0000085c   0x00000070   Code   RO          326    i.Flash_ReadDate    flash.o
    0x000008cc   0x000008cc   0x0000000c   Code   RO         1518    i.GPIO_ClrBit       swm2x1_gpio.o
    0x000008d8   0x000008d8   0x000000d8   Code   RO         1522    i.GPIO_Init         swm2x1_gpio.o
    0x000009b0   0x000009b0   0x00000074   Code   RO            3    i.HardwareInit      main.o
    0x00000a24   0x00000a24   0x000000d8   Code   RO         1280    i.Init_ADC          adc.o
    0x00000afc   0x00000afc   0x00000028   Code   RO            4    i.Init_BOD          main.o
    0x00000b24   0x00000b24   0x00000088   Code   RO         1405    i.Init_CMP          cmp.o
    0x00000bac   0x00000bac   0x00000104   Code   RO         1260    i.Init_GPIO         gpio.o
    0x00000cb0   0x00000cb0   0x0000004c   Code   RO         1315    i.Init_OPA          opa.o
    0x00000cfc   0x00000cfc   0x000000b8   Code   RO         1335    i.Init_PWM_Drive    pwm_drive.o
    0x00000db4   0x00000db4   0x00000054   Code   RO         1372    i.Init_Timer        timer.o
    0x00000e08   0x00000e08   0x00000002   Code   RO         1454    i.Init_Uart         uart.o
    0x00000e0a   0x00000e0a   0x00000002   PAD
    0x00000e0c   0x00000e0c   0x00000048   Code   RO         2981    i.PLLInit           system_swm211.o
    0x00000e54   0x00000e54   0x00000054   Code   RO         1489    i.PORT_Init         swm2x1_port.o
    0x00000ea8   0x00000ea8   0x00000054   Code   RO         1337    i.PORT_SixDrive_Enable  pwm_drive.o
    0x00000efc   0x00000efc   0x00000022   Code   RO         2302    i.PWM_CmpTrigger    swm2x1_pwm.o
    0x00000f1e   0x00000f1e   0x00000002   PAD
    0x00000f20   0x00000f20   0x0000016c   Code   RO         2307    i.PWM_Init          swm2x1_pwm.o
    0x0000108c   0x0000108c   0x00000004   Code   RO         2308    i.PWM_IntClr        swm2x1_pwm.o
    0x00001090   0x00001090   0x00000010   Code   RO         2321    i.PWM_Start         swm2x1_pwm.o
    0x000010a0   0x000010a0   0x000000d8   Code   RO          327    i.PowerOff_Save     flash.o
    0x00001178   0x00001178   0x00000158   Code   RO          328    i.PowerOn_Read      flash.o
    0x000012d0   0x000012d0   0x0000002c   Code   RO            5    i.SoftwareInit      main.o
    0x000012fc   0x000012fc   0x00000020   Code   RO          267    i.SysTick_Handler   interrupt.o
    0x0000131c   0x0000131c   0x00000088   Code   RO         2982    i.SystemCoreClockUpdate  system_swm211.o
    0x000013a4   0x000013a4   0x000000b4   Code   RO         2983    i.SystemInit        system_swm211.o
    0x00001458   0x00001458   0x0000000c   Code   RO          268    i.TIMR0_Handler     interrupt.o
    0x00001464   0x00001464   0x00000010   Code   RO          269    i.TIMR1_Handler     interrupt.o
    0x00001474   0x00001474   0x00000006   Code   RO         1679    i.TIMR_INTClr       swm2x1_timr.o
    0x0000147a   0x0000147a   0x00000002   PAD
    0x0000147c   0x0000147c   0x00000134   Code   RO         1683    i.TIMR_Init         swm2x1_timr.o
    0x000015b0   0x000015b0   0x00000060   Code   RO         1689    i.TIMR_OC_Init      swm2x1_timr.o
    0x00001610   0x00001610   0x00000088   Code   RO         1694    i.TIMR_Start        swm2x1_timr.o
    0x00001698   0x00001698   0x0000008c   Code   RO         1695    i.TIMR_Stop         swm2x1_timr.o
    0x00001724   0x00001724   0x0000000e   Code   RO         3129    i.__scatterload_copy  mc_p.l(handlers.o)
    0x00001732   0x00001732   0x00000002   Code   RO         3130    i.__scatterload_null  mc_p.l(handlers.o)
    0x00001734   0x00001734   0x0000000e   Code   RO         3131    i.__scatterload_zeroinit  mc_p.l(handlers.o)
    0x00001742   0x00001742   0x00000002   PAD
    0x00001744   0x00001744   0x00000048   Code   RO          994    i.anti_integral_windup_pi_controller  picontroller.o
    0x0000178c   0x0000178c   0x00000076   Code   RO         2085    i.chn2idx           swm2x1_adc.o
    0x00001802   0x00001802   0x00000002   PAD
    0x00001804   0x00001804   0x00000020   Code   RO          400    i.debug_gpio_init   util.o
    0x00001824   0x00001824   0x00000064   Code   RO         1177    i.foc_cur_ramp      foc_interface.o
    0x00001888   0x00001888   0x0000000c   Code   RO          887    i.foc_cur_set       foc.o
    0x00001894   0x00001894   0x000000b0   Code   RO         1178    i.foc_if_charge     foc_interface.o
    0x00001944   0x00001944   0x00000038   Code   RO         1179    i.foc_if_init       foc_interface.o
    0x0000197c   0x0000197c   0x000000dc   Code   RO         1180    i.foc_if_loop       foc_interface.o
    0x00001a58   0x00001a58   0x00000114   Code   RO         1181    i.foc_if_measure_ibus_offset  foc_interface.o
    0x00001b6c   0x00001b6c   0x00000030   Code   RO         1182    i.foc_if_run        foc_interface.o
    0x00001b9c   0x00001b9c   0x00000118   Code   RO          888    i.foc_init          foc.o
    0x00001cb4   0x00001cb4   0x0000003a   Code   RO         1183    i.foc_make_dir      foc_interface.o
    0x00001cee   0x00001cee   0x00000002   PAD
    0x00001cf0   0x00001cf0   0x000000b4   Code   RO         1184    i.foc_speed_ramp    foc_interface.o
    0x00001da4   0x00001da4   0x000000c4   Code   RO          761    i.light_breath_loop  main_light.o
    0x00001e68   0x00001e68   0x00000198   Code   RO          763    i.light_loop        main_light.o
    0x00002000   0x00002000   0x0000001c   Code   RO          765    i.light_pwm_jump_to_target  main_light.o
    0x0000201c   0x0000201c   0x00000078   Code   RO          766    i.light_pwm_update  main_light.o
    0x00002094   0x00002094   0x00000060   Code   RO          767    i.light_step_change  main_light.o
    0x000020f4   0x000020f4   0x0000003c   Code   RO          768    i.light_wall_switch  main_light.o
    0x00002130   0x00002130   0x00000050   Code   RO            7    i.main              main.o
    0x00002180   0x00002180   0x0000003c   Code   RO          664    i.rgb_onoff_set     rgb.o
    0x000021bc   0x000021bc   0x0000001c   Code   RO          621    i.software_pwm_update  software_pwm.o
    0x000021d8   0x000021d8   0x00000014   Code   RO         2984    i.switchTo12MHz     system_swm211.o
    0x000021ec   0x000021ec   0x00000040   Code   RO         2987    i.switchToPLL       system_swm211.o
    0x0000222c   0x0000222c   0x00000002   Code   RO           11    i.user_1ms_task     main.o
    0x0000222e   0x0000222e   0x00000002   PAD
    0x00002230   0x00002230   0x00000030   Data   RO         3127    Region$$Table       anon$$obj.o


    Execution Region RW_IRAM1 (Exec base: 0x20000000, Load base: 0x00002260, Size: 0x00001148, Max: 0x00002000, ABSOLUTE, COMPRESSED[0x00000084])

    Exec Addr    Load Addr    Size         Type   Attr      Idx    E Section Name        Object

    0x20000000   0x00002260   0x00000040   Code   RO          263    PlaceInRAM          interrupt.o
    0x20000040   0x000022a0   0x00000658   Code   RO          886    PlaceInRAM          foc.o
    0x20000698   0x000028f8   0x00000078   Code   RO          993    PlaceInRAM          picontroller.o
    0x20000710   0x00002970   0x0000011c   Code   RO         1119    PlaceInRAM          pll.o
    0x2000082c   0x00002a8c   0x0000010c   Code   RO         1146    PlaceInRAM          foc_util.o
    0x20000938   0x00002b98   0x0000000c   Ven    RO         3139    Veneer$$Code        anon$$obj.o
    0x20000944   0x00002ba4   0x0000000c   Ven    RO         3140    Veneer$$Code        anon$$obj.o
    0x20000950   COMPRESSED   0x00000008   Data   RW          331    .data               flash.o
    0x20000958   COMPRESSED   0x00000004   Data   RW          403    .data               util.o
    0x2000095c   COMPRESSED   0x00000030   Data   RW          674    .data               rgb.o
    0x2000098c   COMPRESSED   0x00000014   Data   RW          770    .data               main_light.o
    0x200009a0   COMPRESSED   0x0000002c   Data   RW          841    .data               mills_app.o
    0x200009cc   COMPRESSED   0x0000010c   Data   RW          890    .data               foc.o
    0x20000ad8   COMPRESSED   0x00000002   Data   RW          904    .data               foc.o
    0x20000ada   COMPRESSED   0x00000001   Data   RW          909    .data               foc.o
    0x20000adb   COMPRESSED   0x00000001   PAD
    0x20000adc   COMPRESSED   0x0000006c   Data   RW         1186    .data               foc_interface.o
    0x20000b48   COMPRESSED   0x00000008   Data   RW         1406    .data               cmp.o
    0x20000b50   COMPRESSED   0x0000000c   Data   RW         2086    .data               swm2x1_adc.o
    0x20000b5c   COMPRESSED   0x00000001   Data   RW         2568    .data               swm2x1_cordic.o
    0x20000b5d   COMPRESSED   0x00000003   PAD
    0x20000b60   COMPRESSED   0x0000000c   Data   RW         2949    .data               swm211_flash.o
    0x20000b6c   COMPRESSED   0x00000008   Data   RW         2989    .data               system_swm211.o
    0x20000b74        -       0x00000100   Zero   RW          330    .bss                flash.o
    0x20000c74        -       0x0000003c   Zero   RW          484    .bss                irscan.o
    0x20000cb0        -       0x0000002c   Zero   RW          512    .bss                ircontrol.o
    0x20000cdc        -       0x00000060   Zero   RW          622    .bss                software_pwm.o
    0x20000d3c        -       0x0000000c   Zero   RW         1185    .bss                foc_interface.o
    0x20000d48        -       0x00000400   Zero   RW         3053    STACK               startup_swm211.o


==============================================================================

Image component sizes


      Code (inc. data)   RO Data    RW Data    ZI Data      Debug   Object Name

       216         36          0          0          0       6295   adc.o
       136         40          0          8          0       6466   cmp.o
       702         94          0          8        256       3395   flash.o
      1916        238          0        271          0      19998   foc.o
      1114        172          0        108         12      15377   foc_interface.o
       268         24          0          0          0       2700   foc_util.o
       260         16          0          0          0        512   gpio.o
       196         58          0          0          0       8748   interrupt.o
         0          0          0          0         44        983   ircontrol.o
         0          0          0          0         60       2753   irscan.o
       282         58          0          0          0      79384   main.o
       908         80          0         20          0       4079   main_light.o
         0          0          0         44          0       1551   mills_app.o
        76         12          0          0          0        419   opa.o
       192          6          0          0          0      65113   picontroller.o
       284         28          0          0          0       4024   pll.o
       268         44          0          0          0       1148   pwm_drive.o
        60          4          0         48          0       2452   rgb.o
        28          4          0          0         96       1058   software_pwm.o
       288        206          0          0       1024       1900   startup_swm211.o
       136         38          0         12          0       2408   swm211_flash.o
       774         42          0         12          0       4014   swm2x1_adc.o
        32          8          0          1          0        996   swm2x1_cordic.o
        24          6          0          0          0        763   swm2x1_div.o
       228         18          0          0          0       1734   swm2x1_gpio.o
        84          0          0          0          0        984   swm2x1_port.o
       418         18          0          0          0       2845   swm2x1_pwm.o
       686         80          0          0          0      10214   swm2x1_timr.o
       472         72          0          8          0       2671   system_swm211.o
        84         18          0          0          0        425   timer.o
         2          0          0          0          0        368   uart.o
        32          6          0          4          0       2677   util.o

    ----------------------------------------------------------------------
     10228       1442         48        548       1492     258454   Object Totals
        48         16         48          0          0          0   (incl. Generated)
        14          0          0          4          0          0   (incl. Padding)

    ----------------------------------------------------------------------

      Code (inc. data)   RO Data    RW Data    ZI Data      Debug   Library Member Name

        86          0          0          0          0          0   __dczerorl2.o
         0          0          0          0          0          0   entry.o
         0          0          0          0          0          0   entry10a.o
         0          0          0          0          0          0   entry11a.o
         8          4          0          0          0          0   entry2.o
         4          0          0          0          0          0   entry5.o
         0          0          0          0          0          0   entry7b.o
         0          0          0          0          0          0   entry8b.o
         8          4          0          0          0          0   entry9a.o
        30          0          0          0          0          0   handlers.o
        36          8          0          0          0         68   init.o
         0          0          0          0          0          0   iusefp.o
        36          0          0          0          0        100   memseta.o
        44          0          0          0          0         72   uidiv.o
        20          0          0          0          0         68   cfcmple.o
        20          0          0          0          0         68   cfrcmple.o
       178          0          0          0          0        108   fadd.o
       124          0          0          0          0         72   fdiv.o
       132          0          0          0          0        144   fepilogue.o
        40          0          0          0          0         60   ffixui.o
        14          0          0          0          0         68   ffltui.o
       122          0          0          0          0         72   fmul.o

    ----------------------------------------------------------------------
       908         16          0          0          0        900   Library Totals
         6          0          0          0          0          0   (incl. Padding)

    ----------------------------------------------------------------------

      Code (inc. data)   RO Data    RW Data    ZI Data      Debug   Library Name

       252         16          0          0          0        240   mc_p.l
       650          0          0          0          0        660   mf_p.l

    ----------------------------------------------------------------------
       908         16          0          0          0        900   Library Totals

    ----------------------------------------------------------------------

==============================================================================


      Code (inc. data)   RO Data    RW Data    ZI Data      Debug   

     11136       1458         48        548       1492     255722   Grand Totals
     11136       1458         48        132       1492     255722   ELF Image Totals (compressed)
     11136       1458         48        132          0          0   ROM Totals

==============================================================================

    Total RO  Size (Code + RO Data)                11184 (  10.92kB)
    Total RW  Size (RW Data + ZI Data)              2040 (   1.99kB)
    Total ROM Size (Code + RO Data + RW Data)      11316 (  11.05kB)

==============================================================================

