<html>
<body>
<pre>
<h1>µVision Build Log</h1>
<h2>Tool Versions:</h2>
IDE-Version: ¶ÃVision V5.25.3.0
Copyright (C) 2018 ARM Ltd and ARM Germany GmbH. All rights reserved.
License Information: LU csp, LU, LIC=9WSKC-738IW-RAQDM-XUMAR-1KVDH-CDB8R
 
Tool Versions:
Toolchain:       MDK-ARM Plus  Version: 5.0.5.0
Toolchain Path:  C:\Keil\ARM\ARMCC\Bin
C Compiler:      Armcc.exe V5.03 [Build 76]
Assembler:       Armasm.exe V5.03.0.76
Linker/Locator:  ArmLink.exe V5.03.0.76
Library Manager: ArmAr.exe V5.03.0.76
Hex Converter:   FromElf.exe V5.03.0.76
CPU DLL:         SARMCM3.DLL V5.0.5.0
Dialog DLL:      DARMCM1.DLL V1.11.00.0
Target DLL:      Segger\JL2CM3.dll V2.88.0.0
Dialog DLL:      TARMCM1.DLL V1.08.00.0
 
<h2>Project:</h2>
D:\ø≠¥¥µ√\…®∂Ø—¿À¢\src\LKSMC3207X\LKS074DO-BRUSH-V.01\LK_StdPeriph.uvprojx
Project File Date:  03/27/2024

<h2>Output:</h2>
*** Using Compiler 'V5.03 [Build 76]', folder: 'C:\Keil\ARM\ARMCC\Bin'
Build target 'Linko 07x Project'
compiling hardware_init.c...
linking...
Program Size: Code=11892 RO-data=224 RW-data=480 ZI-data=1456  
FromELF: creating hex file...
".\Objects\LK_StdPeriph.axf" - 0 Error(s), 0 Warning(s).

<h2>Software Packages used:</h2>

Package Vendor: ARM
                http://www.keil.com/pack/ARM.CMSIS.3.20.3.pack
                ARM.CMSIS.3.20.3
                Cortex Microcontroller Software Interface Standard (CMSIS) CORE, DSP, RTOS, Driver
   * Component: CORE Version: 3.20.0

Package Vendor: Linko
                https://www.lksmcu.com/index.php/LKS07Series/Linko.LKS07x.1.1.2.pack
                Linko.LKS07x.1.1.2
                LKS07 Device Family Pack

<h2>Collection of Component include folders:</h2>
  .\RTE\_Linko_07x_Project
  C:\Keil\ARM\PACK\ARM\CMSIS\3.20.3\CMSIS\Include
  C:\Keil\ARM\PACK\Linko\LKS07x\1.1.2\Device\Include

<h2>Collection of Component Files used:</h2>

   * Component: ARM::CMSIS:CORE:3.20.0
Build Time Elapsed:  00:00:01
</pre>
</body>
</html>
