ARM Linker, 5.03 [Build 76] [MDK-ARM Standard]

==============================================================================

Section Cross References

    main.o(i.HardwareInit) refers to cmp.o(i.Init_CMP) for Init_CMP
    main.o(i.HardwareInit) refers to pwm_drive.o(i.Init_PWM_Drive) for Init_PWM_Drive
    main.o(i.HardwareInit) refers to gpio.o(i.Init_GPIO) for Init_GPIO
    main.o(i.HardwareInit) refers to swm2x1_div.o(i.DIV_Init) for DIV_Init
    main.o(i.HardwareInit) refers to swm2x1_cordic.o(i.CORDIC_Init) for CORDIC_Init
    main.o(i.HardwareInit) refers to adc.o(i.Init_ADC) for Init_ADC
    main.o(i.HardwareInit) refers to timer.o(i.Init_Timer) for Init_Timer
    main.o(i.HardwareInit) refers to opa.o(i.Init_OPA) for Init_OPA
    main.o(i.HardwareInit) refers to uidiv.o(.text) for __aeabi_uidivmod
    main.o(i.HardwareInit) refers to system_swm211.o(.data) for SystemCoreClock
    main.o(i.SoftwareInit) refers to htr_led.o(i.htr_led_init) for htr_led_init
    main.o(i.SoftwareInit) refers to foc_state.o(i.fif_init) for fif_init
    main.o(i.SoftwareInit) refers to protocol.o(i.protocol_init) for protocol_init
    main.o(i.SoftwareInit) refers to app.o(i.app_init) for app_init
    main.o(i.main) refers to system_swm211.o(i.SystemInit) for SystemInit
    main.o(i.main) refers to main.o(i.Init_BOD) for Init_BOD
    main.o(i.main) refers to main.o(i.HardwareInit) for HardwareInit
    main.o(i.main) refers to main.o(i.SoftwareInit) for SoftwareInit
    main.o(i.user_1ms_task) refers to htr_led.o(i.led_gear_loop) for led_gear_loop
    main.o(i.user_1ms_task) refers to app.o(i.app_cali_demon_loop) for app_cali_demon_loop
    interrupt.o(PlaceInRAM) refers to foc.o(PlaceInRAM) for foc_core_isr_loop
    interrupt.o(i.CirBuf_Full) refers to interrupt.o(i.CirBuf_Space) for CirBuf_Space
    interrupt.o(i.CirBuf_Write) refers to memcpya.o(.text) for __aeabi_memcpy
    interrupt.o(i.CirBuf_Write) refers to interrupt.o(i.CirBuf_Full) for CirBuf_Full
    interrupt.o(i.CirBuf_Write) refers to interrupt.o(i.CirBuf_Space) for CirBuf_Space
    interrupt.o(i.SysTick_Handler) refers to foc_state.o(i.fif_loop) for fif_loop
    interrupt.o(i.SysTick_Handler) refers to main.o(i.user_1ms_task) for user_1ms_task
    interrupt.o(i.SysTick_Handler) refers to util.o(.data) for user_delay_cnt
    interrupt.o(i.TIMR1_Handler) refers to swm2x1_timr.o(i.TIMR_INTClr) for TIMR_INTClr
    interrupt.o(i.UART0_Handler) refers to swm2x1_uart.o(i.UART_INTStat) for UART_INTStat
    interrupt.o(i.UART0_Handler) refers to swm2x1_uart.o(i.UART_IsRXFIFOEmpty) for UART_IsRXFIFOEmpty
    interrupt.o(i.UART0_Handler) refers to swm2x1_uart.o(i.UART_ReadByte) for UART_ReadByte
    interrupt.o(i.UART0_Handler) refers to interrupt.o(i.CirBuf_Write) for CirBuf_Write
    interrupt.o(i.UART0_Handler) refers to swm2x1_uart.o(i.UART_INTClr) for UART_INTClr
    interrupt.o(i.UART0_Handler) refers to uart_if.o(.bss) for CirBuf
    retarget.o(i.fputc) refers to swm2x1_uart.o(i.UART_IsTXFIFOFull) for UART_IsTXFIFOFull
    retarget.o(i.fputc) refers to swm2x1_uart.o(i.UART_WriteByte) for UART_WriteByte
    util.o(i.alpha_bata_gen) refers to f2d.o(.text) for __aeabi_f2d
    util.o(i.alpha_bata_gen) refers to dadd.o(.text) for __aeabi_drsub
    util.o(i.alpha_bata_gen) refers to d2f.o(.text) for __aeabi_d2f
    util.o(i.alpha_bata_gen) refers to fscalb.o(.text) for __ARM_scalbnf
    util.o(i.alpha_bata_gen) refers to ffixui.o(.text) for __aeabi_f2uiz
    util.o(i.alpha_bata_gen) refers to ffltui.o(.text) for __aeabi_ui2f
    util.o(i.alpha_bata_gen) refers to fadd.o(.text) for __aeabi_fadd
    util.o(i.debug_gpio_init) refers to swm2x1_gpio.o(i.GPIO_Init) for GPIO_Init
    util.o(i.delay_ms) refers to util.o(.data) for .data
    util.o(i.utils_fast_atan2) refers to f2d.o(.text) for __aeabi_f2d
    util.o(i.utils_fast_atan2) refers to dadd.o(.text) for __aeabi_dadd
    util.o(i.utils_fast_atan2) refers to d2f.o(.text) for __aeabi_d2f
    util.o(i.utils_fast_atan2) refers to fadd.o(.text) for __aeabi_fadd
    util.o(i.utils_fast_atan2) refers to fdiv.o(.text) for __aeabi_fdiv
    util.o(i.utils_fast_atan2) refers to fmul.o(.text) for __aeabi_fmul
    util.o(i.utils_fast_atan2) refers to dmul.o(.text) for __aeabi_dmul
    util.o(i.utils_fast_atan2) refers to cfcmple.o(.text) for __aeabi_cfcmpeq
    flash.o(i.Flash_WriteData) refers to swm211_flash.o(i.FLASH_Write) for FLASH_Write
    app.o(i.app_cali_demon_loop) refers to foc_state.o(i.fif_get_state) for fif_get_state
    app.o(i.app_cali_demon_loop) refers to app.o(i.open_drive_test) for open_drive_test
    app.o(i.app_ctrl_demon_loop) refers to foc_state.o(i.fif_get_state) for fif_get_state
    app.o(i.app_ctrl_demon_loop) refers to app.o(i.button_proc) for button_proc
    app.o(i.app_init) refers to printfa.o(i.__0printf) for __2printf
    app.o(i.app_init) refers to app.o(i.app_set_sv_config) for app_set_sv_config
    app.o(i.app_init) refers to swm2x1_gpio.o(i.GPIO_Init) for GPIO_Init
[...]
    Removing swm2x1_can.o(i.CAN_Init), (172 bytes).
    Removing swm2x1_can.o(i.CAN_Open), (10 bytes).
    Removing swm2x1_can.o(i.CAN_RXDataAvailable), (8 bytes).
    Removing swm2x1_can.o(i.CAN_Receive), (128 bytes).
    Removing swm2x1_can.o(i.CAN_SetBaudrate), (56 bytes).
    Removing swm2x1_can.o(i.CAN_SetFilter16b), (64 bytes).
    Removing swm2x1_can.o(i.CAN_SetFilter32b), (52 bytes).
    Removing swm2x1_can.o(i.CAN_TXBufferReady), (8 bytes).
    Removing swm2x1_can.o(i.CAN_TXComplete), (8 bytes).
    Removing swm2x1_can.o(i.CAN_TXSuccess), (8 bytes).
    Removing swm2x1_can.o(i.CAN_Transmit), (122 bytes).
    Removing swm2x1_can.o(i.CAN_TransmitRequest), (54 bytes).
    Removing swm211_flash.o(.rev16_text), (4 bytes).
    Removing swm211_flash.o(.revsh_text), (4 bytes).
    Removing swm211_flash.o(i.FLASH_Erase), (44 bytes).
    Removing swm211_flash.o(i.FLASH_Write), (40 bytes).
    Removing system_swm211.o(.rev16_text), (4 bytes).
    Removing system_swm211.o(.revsh_text), (4 bytes).
    Removing system_swm211.o(i.switchTo1M5Hz), (46 bytes).
    Removing system_swm211.o(i.switchTo32KHz), (52 bytes).
    Removing system_swm211.o(i.switchToXTAL), (152 bytes).
    Removing startup_swm211.o(HEAP), (0 bytes).
    Removing fadd.o(.text), (178 bytes).
    Removing fmul.o(.text), (122 bytes).
    Removing fdiv.o(.text), (124 bytes).
    Removing fscalb.o(.text), (24 bytes).
    Removing ffltui.o(.text), (14 bytes).
    Removing ffixui.o(.text), (40 bytes).
    Removing f2d.o(.text), (40 bytes).
    Removing d2f.o(.text), (56 bytes).
    Removing cfcmple.o(.text), (20 bytes).
    Removing fepilogue.o(.text), (132 bytes).

345 unused section(s) (total 11641 bytes) removed from the image.

==============================================================================

Adding Veneers to the image

    Adding TT veneer (12 bytes, Long) for call to 'butter_bandpass_220_reset' from foc.o(i.foc_core_init).
    Adding TT veneer (12 bytes, Long) for call to 'notch_filter_220_reset' from foc.o(i.foc_core_init).
    Adding TT veneer (12 bytes, Long) for call to 'butter_bandpass_550_reset' from foc.o(i.foc_core_init).
    Adding TT veneer (12 bytes, Long) for call to 'notch_filter_550_reset' from foc.o(i.foc_core_init).
    Adding TT veneer (12 bytes, Long) for call to 'foc_svm_gen' from foc.o(i.foc_core_init).
    Adding TT veneer (12 bytes, Long) for call to 'm_theta_to_e_theta' from foc.o(i.foc_core_set_swing_base_m_theta).
    Adding TT veneer (12 bytes, Long) for call to 'mode_theta' from foc.o(i.foc_core_set_zero_m_theta_align).
    Adding TT veneer (12 bytes, Long) for call to 'DIV_SDiv_Result' from foc.o(PlaceInRAM).
    Adding TT veneer (12 bytes, Long) for call to '__aeabi_i2d' from foc.o(PlaceInRAM).
    Adding TT veneer (12 bytes, Long) for call to '__aeabi_dadd' from foc.o(PlaceInRAM).
    Adding TT veneer (12 bytes, Long) for call to '__aeabi_d2iz' from foc.o(PlaceInRAM).
    Adding TT veneer (12 bytes, Long) for call to '__aeabi_dsub' from foc.o(PlaceInRAM).
    Adding TT veneer (12 bytes, Long) for call to 'sw_vibration_proc' from foc.o(PlaceInRAM).

13 Veneer(s) (total 156 bytes) added to the image.

==============================================================================

Image Symbol Table

    Local Symbols

    Symbol Name                              Value     Ov Type        Size  Object(Section)

    RESET                                    0x00000000   Section      288  startup_swm211.o(RESET)
    ../clib/../cmprslib/zerorunl2.c          0x00000000   Number         0  __dczerorl2.o ABSOLUTE
    ../clib/microlib/division.c              0x00000000   Number         0  uldiv.o ABSOLUTE
    ../clib/microlib/division.c              0x00000000   Number         0  uidiv.o ABSOLUTE
    ../clib/microlib/division.c              0x00000000   Number         0  idiv.o ABSOLUTE
    ../clib/microlib/init/entry.s            0x00000000   Number         0  entry10a.o ABSOLUTE
    ../clib/microlib/init/entry.s            0x00000000   Number         0  entry7a.o ABSOLUTE
    ../clib/microlib/init/entry.s            0x00000000   Number         0  entry8b.o ABSOLUTE
    ../clib/microlib/init/entry.s            0x00000000   Number         0  entry11a.o ABSOLUTE
    ../clib/microlib/init/entry.s            0x00000000   Number         0  entry10b.o ABSOLUTE
    ../clib/microlib/init/entry.s            0x00000000   Number         0  entry11b.o ABSOLUTE
    ../clib/microlib/init/entry.s            0x00000000   Number         0  entry8a.o ABSOLUTE
    ../clib/microlib/init/entry.s            0x00000000   Number         0  entry9b.o ABSOLUTE
    ../clib/microlib/init/entry.s            0x00000000   Number         0  entry2.o ABSOLUTE
    ../clib/microlib/init/entry.s            0x00000000   Number         0  entry7b.o ABSOLUTE
    ../clib/microlib/init/entry.s            0x00000000   Number         0  entry.o ABSOLUTE
    ../clib/microlib/init/entry.s            0x00000000   Number         0  entry5.o ABSOLUTE
    ../clib/microlib/init/entry.s            0x00000000   Number         0  entry9a.o ABSOLUTE
    ../clib/microlib/longlong.c              0x00000000   Number         0  llushr.o ABSOLUTE
    ../clib/microlib/longlong.c              0x00000000   Number         0  llsshr.o ABSOLUTE
    ../clib/microlib/longlong.c              0x00000000   Number         0  llshl.o ABSOLUTE
    ../clib/microlib/printf/printf.c         0x00000000   Number         0  printf7.o ABSOLUTE
    ../clib/microlib/printf/printf.c         0x00000000   Number         0  printf8.o ABSOLUTE
    ../clib/microlib/printf/printf.c         0x00000000   Number         0  printfa.o ABSOLUTE
    ../clib/microlib/printf/printf.c         0x00000000   Number         0  printf5.o ABSOLUTE
    ../clib/microlib/printf/printf.c         0x00000000   Number         0  printfb.o ABSOLUTE
    ../clib/microlib/printf/printf.c         0x00000000   Number         0  printf0.o ABSOLUTE
    ../clib/microlib/printf/printf.c         0x00000000   Number         0  printf1.o ABSOLUTE
    ../clib/microlib/printf/printf.c         0x00000000   Number         0  printf2.o ABSOLUTE
    ../clib/microlib/printf/printf.c         0x00000000   Number         0  printf3.o ABSOLUTE
    ../clib/microlib/printf/printf.c         0x00000000   Number         0  printf4.o ABSOLUTE
    ../clib/microlib/printf/printf.c         0x00000000   Number         0  printf6.o ABSOLUTE
    ../clib/microlib/printf/stubs.s          0x00000000   Number         0  stubs.o ABSOLUTE
    ../clib/microlib/stdio/streams.c         0x00000000   Number         0  stdout.o ABSOLUTE
    ../clib/microlib/string/memcpy.c         0x00000000   Number         0  memcpyb.o ABSOLUTE
    ../clib/microlib/string/memcpy.c         0x00000000   Number         0  memcpya.o ABSOLUTE
    ../clib/microlib/string/strlen.c         0x00000000   Number         0  strlen.o ABSOLUTE
    ../clib/microlib/stubs.s                 0x00000000   Number         0  iusefp.o ABSOLUTE
    ../fplib/microlib/d2f.c                  0x00000000   Number         0  d2f.o ABSOLUTE
    ../fplib/microlib/f2d.c                  0x00000000   Number         0  f2d.o ABSOLUTE
    ../fplib/microlib/fpadd.c                0x00000000   Number         0  fadd.o ABSOLUTE
    ../fplib/microlib/fpadd.c                0x00000000   Number         0  dadd.o ABSOLUTE
    ../fplib/microlib/fpdiv.c                0x00000000   Number         0  fdiv.o ABSOLUTE
    ../fplib/microlib/fpdiv.c                0x00000000   Number         0  ddiv.o ABSOLUTE
    ../fplib/microlib/fpepilogue.c           0x00000000   Number         0  depilogue.o ABSOLUTE
    ../fplib/microlib/fpepilogue.c           0x00000000   Number         0  fepilogue.o ABSOLUTE
    ../fplib/microlib/fpfix.c                0x00000000   Number         0  dfixul.o ABSOLUTE
    ../fplib/microlib/fpfix.c                0x00000000   Number         0  ffixui.o ABSOLUTE
    ../fplib/microlib/fpfix.c                0x00000000   Number         0  dfixui.o ABSOLUTE
    ../fplib/microlib/fpfix.c                0x00000000   Number         0  dfixi.o ABSOLUTE
    ../fplib/microlib/fpflt.c                0x00000000   Number         0  ffltui.o ABSOLUTE
    ../fplib/microlib/fpflt.c                0x00000000   Number         0  dfltui.o ABSOLUTE
    ../fplib/microlib/fpflt.c                0x00000000   Number         0  dflti.o ABSOLUTE
    ../fplib/microlib/fpmul.c                0x00000000   Number         0  fmul.o ABSOLUTE
    ../fplib/microlib/fpmul.c                0x00000000   Number         0  dmul.o ABSOLUTE
    ../fplib/microlib/fpscalb.c              0x00000000   Number         0  dscalb.o ABSOLUTE
    ../fplib/microlib/fpscalb.c              0x00000000   Number         0  fscalb.o ABSOLUTE
    APP\\source\\Application\\App.c          0x00000000   Number         0  app.o ABSOLUTE
    APP\\source\\Application\\Flash.c        0x00000000   Number         0  flash.o ABSOLUTE
    APP\\source\\Application\\HTR_LED.c      0x00000000   Number         0  htr_led.o ABSOLUTE
    APP\\source\\Application\\Interrupt.c    0x00000000   Number         0  interrupt.o ABSOLUTE
    APP\\source\\Application\\main.c         0x00000000   Number         0  main.o ABSOLUTE
    APP\\source\\Application\\protocol.c     0x00000000   Number         0  protocol.o ABSOLUTE
    APP\\source\\Application\\retarget.c     0x00000000   Number         0  retarget.o ABSOLUTE
    APP\\source\\Application\\uart_if.c      0x00000000   Number         0  uart_if.o ABSOLUTE
    APP\\source\\Application\\util.c         0x00000000   Number         0  util.o ABSOLUTE
    APP\\source\\FOC\\Foc.c                  0x00000000   Number         0  foc.o ABSOLUTE
    APP\\source\\FOC\\PiController.c         0x00000000   Number         0  picontroller.o ABSOLUTE
    APP\\source\\FOC\\Pll.c                  0x00000000   Number         0  pll.o ABSOLUTE
    APP\\source\\FOC\\foc_state.c            0x00000000   Number         0  foc_state.o ABSOLUTE
    APP\\source\\FOC\\foc_util.c             0x00000000   Number         0  foc_util.o ABSOLUTE
    APP\\source\\Hardware\\ADC.c             0x00000000   Number         0  adc.o ABSOLUTE
    APP\\source\\Hardware\\CMP.c             0x00000000   Number         0  cmp.o ABSOLUTE
    APP\\source\\Hardware\\FLASH.c           0x00000000   Number         0  flash_1.o ABSOLUTE
    APP\\source\\Hardware\\GPIO.c            0x00000000   Number         0  gpio.o ABSOLUTE
    APP\\source\\Hardware\\OPA.c             0x00000000   Number         0  opa.o ABSOLUTE
    APP\\source\\Hardware\\PWM_DRIVE.c       0x00000000   Number         0  pwm_drive.o ABSOLUTE
    APP\\source\\Hardware\\TIMER.c           0x00000000   Number         0  timer.o ABSOLUTE
    APP\\source\\Hardware\\UART.c            0x00000000   Number         0  uart.o ABSOLUTE
    APP\source\Application\App.c             0x00000000   Number         0  app.o ABSOLUTE
    APP\source\Application\Flash.c           0x00000000   Number         0  flash.o ABSOLUTE
    APP\source\Application\HTR_LED.c         0x00000000   Number         0  htr_led.o ABSOLUTE
    APP\source\Application\Interrupt.c       0x00000000   Number         0  interrupt.o ABSOLUTE
    APP\source\Application\main.c            0x00000000   Number         0  main.o ABSOLUTE
    APP\source\Application\protocol.c        0x00000000   Number         0  protocol.o ABSOLUTE
    APP\source\Application\retarget.c        0x00000000   Number         0  retarget.o ABSOLUTE
    APP\source\Application\uart_if.c         0x00000000   Number         0  uart_if.o ABSOLUTE
    APP\source\Application\util.c            0x00000000   Number         0  util.o ABSOLUTE
    APP\source\FOC\Foc.c                     0x00000000   Number         0  foc.o ABSOLUTE
    APP\source\FOC\PiController.c            0x00000000   Number         0  picontroller.o ABSOLUTE
    APP\source\FOC\Pll.c                     0x00000000   Number         0  pll.o ABSOLUTE
    APP\source\FOC\foc_state.c               0x00000000   Number         0  foc_state.o ABSOLUTE
    APP\source\FOC\foc_util.c                0x00000000   Number         0  foc_util.o ABSOLUTE
    APP\source\Hardware\ADC.c                0x00000000   Number         0  adc.o ABSOLUTE
    APP\source\Hardware\CMP.c                0x00000000   Number         0  cmp.o ABSOLUTE
    APP\source\Hardware\FLASH.c              0x00000000   Number         0  flash_1.o ABSOLUTE
    APP\source\Hardware\GPIO.c               0x00000000   Number         0  gpio.o ABSOLUTE
    APP\source\Hardware\OPA.c                0x00000000   Number         0  opa.o ABSOLUTE
    APP\source\Hardware\PWM_DRIVE.c          0x00000000   Number         0  pwm_drive.o ABSOLUTE
    APP\source\Hardware\TIMER.c              0x00000000   Number         0  timer.o ABSOLUTE
    APP\source\Hardware\UART.c               0x00000000   Number         0  uart.o ABSOLUTE
    CSL\CMSIS\DeviceSupport\startup\arm\startup_SWM211.s 0x00000000   Number         0  startup_swm211.o ABSOLUTE
    CSL\CMSIS\DeviceSupport\system_SWM211.c  0x00000000   Number         0  system_swm211.o ABSOLUTE
    CSL\SWM2X1_StdPeriph_Driver\SWM201_flash.c 0x00000000   Number         0  swm201_flash.o ABSOLUTE
    CSL\SWM2X1_StdPeriph_Driver\SWM211_flash.c 0x00000000   Number         0  swm211_flash.o ABSOLUTE
    CSL\SWM2X1_StdPeriph_Driver\SWM2X1_adc.c 0x00000000   Number         0  swm2x1_adc.o ABSOLUTE
    CSL\SWM2X1_StdPeriph_Driver\SWM2X1_can.c 0x00000000   Number         0  swm2x1_can.o ABSOLUTE
    CSL\SWM2X1_StdPeriph_Driver\SWM2X1_cordic.c 0x00000000   Number         0  swm2x1_cordic.o ABSOLUTE
    CSL\SWM2X1_StdPeriph_Driver\SWM2X1_div.c 0x00000000   Number         0  swm2x1_div.o ABSOLUTE
    CSL\SWM2X1_StdPeriph_Driver\SWM2X1_dma.c 0x00000000   Number         0  swm2x1_dma.o ABSOLUTE
    CSL\SWM2X1_StdPeriph_Driver\SWM2X1_exti.c 0x00000000   Number         0  swm2x1_exti.o ABSOLUTE
    CSL\SWM2X1_StdPeriph_Driver\SWM2X1_gpio.c 0x00000000   Number         0  swm2x1_gpio.o ABSOLUTE
    CSL\SWM2X1_StdPeriph_Driver\SWM2X1_i2c.c 0x00000000   Number         0  swm2x1_i2c.o ABSOLUTE
    CSL\SWM2X1_StdPeriph_Driver\SWM2X1_port.c 0x00000000   Number         0  swm2x1_port.o ABSOLUTE
    CSL\SWM2X1_StdPeriph_Driver\SWM2X1_pwm.c 0x00000000   Number         0  swm2x1_pwm.o ABSOLUTE
    CSL\SWM2X1_StdPeriph_Driver\SWM2X1_qei.c 0x00000000   Number         0  swm2x1_qei.o ABSOLUTE
    CSL\SWM2X1_StdPeriph_Driver\SWM2X1_rtc.c 0x00000000   Number         0  swm2x1_rtc.o ABSOLUTE
    CSL\SWM2X1_StdPeriph_Driver\SWM2X1_sleep.c 0x00000000   Number         0  swm2x1_sleep.o ABSOLUTE
    CSL\SWM2X1_StdPeriph_Driver\SWM2X1_spi.c 0x00000000   Number         0  swm2x1_spi.o ABSOLUTE
    CSL\SWM2X1_StdPeriph_Driver\SWM2X1_timr.c 0x00000000   Number         0  swm2x1_timr.o ABSOLUTE
    CSL\SWM2X1_StdPeriph_Driver\SWM2X1_uart.c 0x00000000   Number         0  swm2x1_uart.o ABSOLUTE
    CSL\SWM2X1_StdPeriph_Driver\SWM2X1_wdt.c 0x00000000   Number         0  swm2x1_wdt.o ABSOLUTE
    CSL\\CMSIS\\DeviceSupport\\system_SWM211.c 0x00000000   Number         0  system_swm211.o ABSOLUTE
    CSL\\SWM2X1_StdPeriph_Driver\\SWM211_flash.c 0x00000000   Number         0  swm211_flash.o ABSOLUTE
    CSL\\SWM2X1_StdPeriph_Driver\\SWM2X1_adc.c 0x00000000   Number         0  swm2x1_adc.o ABSOLUTE
    CSL\\SWM2X1_StdPeriph_Driver\\SWM2X1_can.c 0x00000000   Number         0  swm2x1_can.o ABSOLUTE
    CSL\\SWM2X1_StdPeriph_Driver\\SWM2X1_cordic.c 0x00000000   Number         0  swm2x1_cordic.o ABSOLUTE
    CSL\\SWM2X1_StdPeriph_Driver\\SWM2X1_div.c 0x00000000   Number         0  swm2x1_div.o ABSOLUTE
    CSL\\SWM2X1_StdPeriph_Driver\\SWM2X1_dma.c 0x00000000   Number         0  swm2x1_dma.o ABSOLUTE
    CSL\\SWM2X1_StdPeriph_Driver\\SWM2X1_exti.c 0x00000000   Number         0  swm2x1_exti.o ABSOLUTE
    CSL\\SWM2X1_StdPeriph_Driver\\SWM2X1_gpio.c 0x00000000   Number         0  swm2x1_gpio.o ABSOLUTE
    CSL\\SWM2X1_StdPeriph_Driver\\SWM2X1_i2c.c 0x00000000   Number         0  swm2x1_i2c.o ABSOLUTE
    CSL\\SWM2X1_StdPeriph_Driver\\SWM2X1_port.c 0x00000000   Number         0  swm2x1_port.o ABSOLUTE
    CSL\\SWM2X1_StdPeriph_Driver\\SWM2X1_pwm.c 0x00000000   Number         0  swm2x1_pwm.o ABSOLUTE
    CSL\\SWM2X1_StdPeriph_Driver\\SWM2X1_qei.c 0x00000000   Number         0  swm2x1_qei.o ABSOLUTE
    CSL\\SWM2X1_StdPeriph_Driver\\SWM2X1_sleep.c 0x00000000   Number         0  swm2x1_sleep.o ABSOLUTE
    CSL\\SWM2X1_StdPeriph_Driver\\SWM2X1_spi.c 0x00000000   Number         0  swm2x1_spi.o ABSOLUTE
    CSL\\SWM2X1_StdPeriph_Driver\\SWM2X1_timr.c 0x00000000   Number         0  swm2x1_timr.o ABSOLUTE
    CSL\\SWM2X1_StdPeriph_Driver\\SWM2X1_uart.c 0x00000000   Number         0  swm2x1_uart.o ABSOLUTE
    CSL\\SWM2X1_StdPeriph_Driver\\SWM2X1_wdt.c 0x00000000   Number         0  swm2x1_wdt.o ABSOLUTE
    cdrcmple.s                               0x00000000   Number         0  cdrcmple.o ABSOLUTE
    cfcmple.s                                0x00000000   Number         0  cfcmple.o ABSOLUTE
    dc.s                                     0x00000000   Number         0  dc.o ABSOLUTE
    handlers.s                               0x00000000   Number         0  handlers.o ABSOLUTE
    init.s                                   0x00000000   Number         0  init.o ABSOLUTE
    .ARM.Collect$$$$00000000                 0x00000120   Section        0  entry.o(.ARM.Collect$$$$00000000)
    .ARM.Collect$$$$00000001                 0x00000120   Section        4  entry2.o(.ARM.Collect$$$$00000001)
    .ARM.Collect$$$$00000004                 0x00000124   Section        4  entry5.o(.ARM.Collect$$$$00000004)
    .ARM.Collect$$$$00000008                 0x00000128   Section        0  entry7b.o(.ARM.Collect$$$$00000008)
    .ARM.Collect$$$$0000000A                 0x00000128   Section        0  entry8b.o(.ARM.Collect$$$$0000000A)
    .ARM.Collect$$$$0000000B                 0x00000128   Section        8  entry9a.o(.ARM.Collect$$$$0000000B)
    .ARM.Collect$$$$0000000D                 0x00000130   Section        0  entry10a.o(.ARM.Collect$$$$0000000D)
    .ARM.Collect$$$$0000000F                 0x00000130   Section        0  entry11a.o(.ARM.Collect$$$$0000000F)
    .ARM.Collect$$$$00002712                 0x00000130   Section        4  entry2.o(.ARM.Collect$$$$00002712)
    __lit__00000000                          0x00000130   Data           4  entry2.o(.ARM.Collect$$$$00002712)
    .text                                    0x00000134   Section        0  uidiv.o(.text)
    .text                                    0x00000160   Section        0  idiv.o(.text)
    .text                                    0x00000188   Section        0  memcpya.o(.text)
    .text                                    0x000001ac   Section        0  dadd.o(.text)
    .text                                    0x00000310   Section        0  dmul.o(.text)
    .text                                    0x000003e0   Section        0  ddiv.o(.text)
    .text                                    0x000004d0   Section        0  dscalb.o(.text)
    .text                                    0x000004fc   Section        0  dflti.o(.text)
    .text                                    0x00000524   Section        0  dfltui.o(.text)
    .text                                    0x00000540   Section        0  dfixi.o(.text)
    .text                                    0x00000588   Section        0  dfixui.o(.text)
    .text                                    0x000005c4   Section        0  uldiv.o(.text)
    .text                                    0x00000624   Section        0  llshl.o(.text)
    .text                                    0x00000644   Section        0  llushr.o(.text)
    .text                                    0x00000666   Section        0  llsshr.o(.text)
    .text                                    0x0000068c   Section        0  iusefp.o(.text)
    .text                                    0x0000068c   Section        0  depilogue.o(.text)
    .text                                    0x0000074c   Section        0  dfixul.o(.text)
    .text                                    0x0000078c   Section       40  cdrcmple.o(.text)
    .text                                    0x000007b4   Section       36  init.o(.text)
    .text                                    0x000007d8   Section        0  __dczerorl2.o(.text)
    i.ACMP_Handler                           0x00000884   Section        0  interrupt.o(i.ACMP_Handler)
    i.ADC_Close                              0x0000089c   Section        0  swm2x1_adc.o(i.ADC_Close)
    i.ADC_Init                               0x000008a8   Section        0  swm2x1_adc.o(i.ADC_Init)
    i.ADC_IsEOC                              0x00000b9c   Section        0  swm2x1_adc.o(i.ADC_IsEOC)
    i.ADC_Open                               0x00000bb2   Section        0  swm2x1_adc.o(i.ADC_Open)
    i.ADC_Start                              0x00000bbe   Section        0  swm2x1_adc.o(i.ADC_Start)
    i.BOD_Handler                            0x00000bc4   Section        0  interrupt.o(i.BOD_Handler)
    i.BTIMR2_Handler                         0x00000be8   Section        0  interrupt.o(i.BTIMR2_Handler)
    i.CORDIC_Init                            0x00000bf4   Section        0  swm2x1_cordic.o(i.CORDIC_Init)
    i.CirBuf_Full                            0x00000c0c   Section        0  interrupt.o(i.CirBuf_Full)
    CirBuf_Full                              0x00000c0d   Thumb Code    18  interrupt.o(i.CirBuf_Full)
    i.CirBuf_Space                           0x00000c1e   Section        0  interrupt.o(i.CirBuf_Space)
    CirBuf_Space                             0x00000c1f   Thumb Code    16  interrupt.o(i.CirBuf_Space)
    i.CirBuf_Write                           0x00000c2e   Section        0  interrupt.o(i.CirBuf_Write)
    CirBuf_Write                             0x00000c2f   Thumb Code   136  interrupt.o(i.CirBuf_Write)
    i.DIV_Init                               0x00000cb8   Section        0  swm2x1_div.o(i.DIV_Init)
    i.DIV_SDiv_Result                        0x00000cd0   Section        0  foc.o(i.DIV_SDiv_Result)
    DIV_SDiv_Result                          0x00000cd1   Thumb Code    44  foc.o(i.DIV_SDiv_Result)
    i.Flash_Param_at_xMHz                    0x00000d00   Section        0  swm211_flash.o(i.Flash_Param_at_xMHz)
    i.GPIO_GetBit                            0x00000d38   Section        0  swm2x1_gpio.o(i.GPIO_GetBit)
    i.GPIO_Init                              0x00000d40   Section        0  swm2x1_gpio.o(i.GPIO_Init)
    i.HardwareInit                           0x00000e18   Section        0  main.o(i.HardwareInit)
    i.I2C_Close                              0x00000e88   Section        0  swm2x1_i2c.o(i.I2C_Close)
    i.I2C_Init                               0x00000e94   Section        0  swm2x1_i2c.o(i.I2C_Init)
    i.I2C_Mst_Init                           0x00000fc4   Section        0  htr_led.o(i.I2C_Mst_Init)
    i.I2C_Mst_write                          0x00001048   Section        0  htr_led.o(i.I2C_Mst_write)
    i.I2C_Open                               0x000010b0   Section        0  swm2x1_i2c.o(i.I2C_Open)
    i.I2C_Start                              0x000010ba   Section        0  swm2x1_i2c.o(i.I2C_Start)
    i.I2C_Stop                               0x000010e0   Section        0  swm2x1_i2c.o(i.I2C_Stop)
    i.I2C_Write                              0x000010f8   Section        0  swm2x1_i2c.o(i.I2C_Write)
    i.Init_ADC                               0x00001120   Section        0  adc.o(i.Init_ADC)
    i.Init_BOD                               0x000011ac   Section        0  main.o(i.Init_BOD)
    i.Init_CMP                               0x000011d4   Section        0  cmp.o(i.Init_CMP)
    i.Init_GPIO                              0x00001210   Section        0  gpio.o(i.Init_GPIO)
    i.Init_OPA                               0x00001214   Section        0  opa.o(i.Init_OPA)
    i.Init_PWM_Drive                         0x000012ac   Section        0  pwm_drive.o(i.Init_PWM_Drive)
    i.Init_Timer                             0x00001364   Section        0  timer.o(i.Init_Timer)
    i.PLLInit                                0x00001368   Section        0  system_swm211.o(i.PLLInit)
    i.PORT_Init                              0x000013b0   Section        0  swm2x1_port.o(i.PORT_Init)
    i.PORT_SixDrive_Enable                   0x00001404   Section        0  pwm_drive.o(i.PORT_SixDrive_Enable)
    i.PWM_CmpTrigger                         0x00001458   Section        0  swm2x1_pwm.o(i.PWM_CmpTrigger)
    i.PWM_Init                               0x00001480   Section        0  swm2x1_pwm.o(i.PWM_Init)
    i.PWM_Start                              0x000015ec   Section        0  swm2x1_pwm.o(i.PWM_Start)
    i.SoftwareInit                           0x000015fc   Section        0  main.o(i.SoftwareInit)
    i.SysTick_Handler                        0x00001610   Section        0  interrupt.o(i.SysTick_Handler)
    i.SystemCoreClockUpdate                  0x00001630   Section        0  system_swm211.o(i.SystemCoreClockUpdate)
    i.SystemInit                             0x000016a8   Section        0  system_swm211.o(i.SystemInit)
    i.TIMR0_Handler                          0x0000176c   Section        0  interrupt.o(i.TIMR0_Handler)
    i.TIMR1_Handler                          0x00001778   Section        0  interrupt.o(i.TIMR1_Handler)
    i.TIMR_INTClr                            0x00001788   Section        0  swm2x1_timr.o(i.TIMR_INTClr)
    i.UART0_Handler                          0x00001790   Section        0  interrupt.o(i.UART0_Handler)
    i.UART_INTClr                            0x000017f0   Section        0  swm2x1_uart.o(i.UART_INTClr)
    i.UART_INTStat                           0x00001802   Section        0  swm2x1_uart.o(i.UART_INTStat)
    i.UART_IsRXFIFOEmpty                     0x00001834   Section        0  swm2x1_uart.o(i.UART_IsRXFIFOEmpty)
    i.UART_IsTXFIFOFull                      0x0000183e   Section        0  swm2x1_uart.o(i.UART_IsTXFIFOFull)
    i.UART_ReadByte                          0x00001846   Section        0  swm2x1_uart.o(i.UART_ReadByte)
    i.UART_WriteByte                         0x0000185c   Section        0  swm2x1_uart.o(i.UART_WriteByte)
    i.__0printf                              0x00001860   Section        0  printfa.o(i.__0printf)
    i.__ARM_clz                              0x00001880   Section        0  depilogue.o(i.__ARM_clz)
    i.__scatterload_copy                     0x000018ae   Section       14  handlers.o(i.__scatterload_copy)
    i.__scatterload_null                     0x000018bc   Section        2  handlers.o(i.__scatterload_null)
    i.__scatterload_zeroinit                 0x000018be   Section       14  handlers.o(i.__scatterload_zeroinit)
    i._fp_digits                             0x000018cc   Section        0  printfa.o(i._fp_digits)
    _fp_digits                               0x000018cd   Thumb Code   314  printfa.o(i._fp_digits)
    i._printf_core                           0x00001a24   Section        0  printfa.o(i._printf_core)
    _printf_core                             0x00001a25   Thumb Code  1766  printfa.o(i._printf_core)
    i._printf_post_padding                   0x0000211c   Section        0  printfa.o(i._printf_post_padding)
    _printf_post_padding                     0x0000211d   Thumb Code    32  printfa.o(i._printf_post_padding)
    i._printf_pre_padding                    0x0000213c   Section        0  printfa.o(i._printf_pre_padding)
    _printf_pre_padding                      0x0000213d   Thumb Code    44  printfa.o(i._printf_pre_padding)
    i.app_cali_demon_loop                    0x00002168   Section        0  app.o(i.app_cali_demon_loop)
    i.app_init                               0x00002178   Section        0  app.o(i.app_init)
    i.app_set_sv_config                      0x000021c8   Section        0  app.o(i.app_set_sv_config)
    i.chn2idx                                0x00002218   Section        0  swm2x1_adc.o(i.chn2idx)
    chn2idx                                  0x00002219   Thumb Code   118  swm2x1_adc.o(i.chn2idx)
    i.fif_charge                             0x00002290   Section        0  foc_state.o(i.fif_charge)
    i.fif_get_state                          0x0000233c   Section        0  foc_state.o(i.fif_get_state)
    i.fif_ibus_adc_offset                    0x00002348   Section        0  foc_state.o(i.fif_ibus_adc_offset)
    i.fif_init                               0x0000250c   Section        0  foc_state.o(i.fif_init)
    i.fif_loop                               0x00002528   Section        0  foc_state.o(i.fif_loop)
    i.foc_core_init                          0x0000258c   Section        0  foc.o(i.foc_core_init)
    i.foc_core_set_abc_cur_adc_offset        0x000027a8   Section        0  foc.o(i.foc_core_set_abc_cur_adc_offset)
    i.foc_core_set_lh_adc_offset             0x000027b8   Section        0  foc.o(i.foc_core_set_lh_adc_offset)
    i.foc_core_set_max_abc_current           0x000027c4   Section        0  foc.o(i.foc_core_set_max_abc_current)
    i.foc_core_set_max_overload              0x000027d0   Section        0  foc.o(i.foc_core_set_max_overload)
    i.foc_core_set_open_drive_mode           0x000027e4   Section        0  foc.o(i.foc_core_set_open_drive_mode)
    i.foc_core_set_swing_base_m_theta        0x00002808   Section        0  foc.o(i.foc_core_set_swing_base_m_theta)
    i.foc_core_set_zero_m_theta_align        0x0000281c   Section        0  foc.o(i.foc_core_set_zero_m_theta_align)
    i.fputc                                  0x00002834   Section        0  retarget.o(i.fputc)
    i.gsensor_detect_init                    0x00002854   Section        0  htr_led.o(i.gsensor_detect_init)
    i.htr_led_init                           0x00002860   Section        0  htr_led.o(i.htr_led_init)
    i.led_gear_loop                          0x0000286c   Section        0  htr_led.o(i.led_gear_loop)
    i.led_htr_update                         0x00002918   Section        0  htr_led.o(i.led_htr_update)
    i.main                                   0x00002978   Section        0  main.o(i.main)
    i.open_drive_test                        0x000029b0   Section        0  app.o(i.open_drive_test)
    i.protocol_init                          0x000029ec   Section        0  protocol.o(i.protocol_init)
    i.sw_vibration_proc                      0x00002a0c   Section        0  foc.o(i.sw_vibration_proc)
    i.switchTo12MHz                          0x00002a98   Section        0  system_swm211.o(i.switchTo12MHz)
    i.switchToPLL                            0x00002aac   Section        0  system_swm211.o(i.switchToPLL)
    i.user_1ms_task                          0x00002aec   Section        0  main.o(i.user_1ms_task)
    .constdata                               0x00002af8   Section       12  htr_led.o(.constdata)
    PlaceInRAM                               0x20000000   Section        0  interrupt.o(PlaceInRAM)
    PlaceInRAM                               0x20000020   Section        0  foc.o(PlaceInRAM)
    PlaceInRAM                               0x20000f0c   Section        0  foc_util.o(PlaceInRAM)
    PlaceInRAM                               0x20001178   Section        0  picontroller.o(PlaceInRAM)
    PlaceInRAM                               0x2000128c   Section        0  pll.o(PlaceInRAM)
    Long Thumb to Thumb Veneer to DIV_SDiv_Result 0x20001371   Thumb Code    12  anon$$obj.o(Veneer$$Code)
    .data                                    0x200013b8   Section        4  util.o(.data)
    .data                                    0x200013bc   Section       40  app.o(.data)
    phase                                    0x200013bc   Data           1  app.o(.data)
    phase                                    0x200013bd   Data           1  app.o(.data)
    phase                                    0x200013be   Data           1  app.o(.data)
    phase                                    0x200013bf   Data           1  app.o(.data)
    duty                                     0x200013c6   Data           2  app.o(.data)
    wait_cnt                                 0x200013c8   Data           4  app.o(.data)
    wait_cnt                                 0x200013cc   Data           4  app.o(.data)
    wait                                     0x200013d0   Data           4  app.o(.data)
    wait                                     0x200013d4   Data           4  app.o(.data)
    theta                                    0x200013d8   Data           4  app.o(.data)
    btn_cnt                                  0x200013dc   Data           4  app.o(.data)
    loop_ctrl_ms                             0x200013e0   Data           4  app.o(.data)
    .data                                    0x200013e4   Section        4  protocol.o(.data)
    input_len                                0x200013e4   Data           4  protocol.o(.data)
    .data                                    0x200013e8   Section       38  htr_led.o(.data)
    brct                                     0x200013e9   Data           1  htr_led.o(.data)
    acc_x                                    0x200013ee   Data           2  htr_led.o(.data)
    acc_y                                    0x200013f0   Data           2  htr_led.o(.data)
    acc_z                                    0x200013f2   Data           2  htr_led.o(.data)
    acc_x_last                               0x200013f4   Data           2  htr_led.o(.data)
    acc_y_last                               0x200013f6   Data           2  htr_led.o(.data)
    acc_z_last                               0x200013f8   Data           2  htr_led.o(.data)
    valid_cd                                 0x200013fc   Data           4  htr_led.o(.data)
    .data                                    0x20001410   Section      452  foc.o(.data)
    .data                                    0x200015d4   Section       24  foc_util.o(.data)
    .data                                    0x200015ec   Section       36  foc_state.o(.data)
    cnt                                      0x200015f8   Data           4  foc_state.o(.data)
    sum_v                                    0x200015fc   Data           4  foc_state.o(.data)
    sum_w                                    0x20001600   Data           4  foc_state.o(.data)
    offset_u                                 0x20001604   Data           4  foc_state.o(.data)
    offset_v                                 0x20001608   Data           4  foc_state.o(.data)
    offset_w                                 0x2000160c   Data           4  foc_state.o(.data)
    .data                                    0x20001610   Section        8  cmp.o(.data)
    .data                                    0x20001618   Section       20  swm2x1_adc.o(.data)
    VERSION_F                                0x20001618   Data           4  swm2x1_adc.o(.data)
    VDD3V3                                   0x2000161c   Data           4  swm2x1_adc.o(.data)
    ADC3V6                                   0x20001620   Data           4  swm2x1_adc.o(.data)
    ADC_K                                    0x20001624   Data           4  swm2x1_adc.o(.data)
    ADC_Offset                               0x20001628   Data           4  swm2x1_adc.o(.data)
    .data                                    0x2000162c   Section       12  swm211_flash.o(.data)
    .data                                    0x20001638   Section        8  system_swm211.o(.data)
    .data                                    0x20001640   Section        4  stdout.o(.data)
    PlaceInRAM                               0x20001644   Section        8  foc_util.o(PlaceInRAM)
    .bss                                     0x2000164c   Section       12  app.o(.bss)
    .bss                                     0x20001658   Section      136  uart_if.o(.bss)
    .bss                                     0x200016e0   Section      832  protocol.o(.bss)
    cmd_tab                                  0x200016e0   Data         800  protocol.o(.bss)
    input_str_buffer                         0x20001a00   Data          32  protocol.o(.bss)
    .bss                                     0x20001a20   Section       12  htr_led.o(.bss)
    .bss                                     0x20001a2c   Section      416  foc.o(.bss)
    STACK                                    0x20001bd0   Section     1024  startup_swm211.o(STACK)

    Global Symbols

    Symbol Name                              Value     Ov Type        Size  Object(Section)

    BuildAttributes$$THM_ISAv3M$S$PE$A:L22$X:L11$S22$IEEE1$IW$USESV6$~STKCKD$USESV7$~SHL$OTIME$ROPI$EBA8$MICROLIB$REQ8$EABIv2 0x00000000   Number         0  anon$$obj.o ABSOLUTE
    __ARM_use_no_argv                        0x00000000   Number         0  main.o ABSOLUTE
    __Vectors                                0x00000000   Data           4  startup_swm211.o(RESET)
    _printf_a                                0x00000000   Number         0  stubs.o ABSOLUTE
    _printf_c                                0x00000000   Number         0  stubs.o ABSOLUTE
    _printf_charcount                        0x00000000   Number         0  stubs.o ABSOLUTE
    _printf_d                                0x00000000   Number         0  stubs.o ABSOLUTE
    _printf_e                                0x00000000   Number         0  stubs.o ABSOLUTE
    _printf_f                                0x00000000   Number         0  stubs.o ABSOLUTE
    _printf_flags                            0x00000000   Number         0  stubs.o ABSOLUTE
    _printf_fp_dec                           0x00000000   Number         0  stubs.o ABSOLUTE
    _printf_fp_hex                           0x00000000   Number         0  stubs.o ABSOLUTE
    _printf_g                                0x00000000   Number         0  stubs.o ABSOLUTE
    _printf_i                                0x00000000   Number         0  stubs.o ABSOLUTE
    _printf_int_dec                          0x00000000   Number         0  stubs.o ABSOLUTE
    _printf_l                                0x00000000   Number         0  stubs.o ABSOLUTE
    _printf_lc                               0x00000000   Number         0  stubs.o ABSOLUTE
    _printf_ll                               0x00000000   Number         0  stubs.o ABSOLUTE
    _printf_lld                              0x00000000   Number         0  stubs.o ABSOLUTE
    _printf_lli                              0x00000000   Number         0  stubs.o ABSOLUTE
    _printf_llo                              0x00000000   Number         0  stubs.o ABSOLUTE
    _printf_llu                              0x00000000   Number         0  stubs.o ABSOLUTE
    _printf_llx                              0x00000000   Number         0  stubs.o ABSOLUTE
    _printf_longlong_dec                     0x00000000   Number         0  stubs.o ABSOLUTE
    _printf_longlong_hex                     0x00000000   Number         0  stubs.o ABSOLUTE
    _printf_longlong_oct                     0x00000000   Number         0  stubs.o ABSOLUTE
    _printf_ls                               0x00000000   Number         0  stubs.o ABSOLUTE
    _printf_mbtowc                           0x00000000   Number         0  stubs.o ABSOLUTE
    _printf_n                                0x00000000   Number         0  stubs.o ABSOLUTE
    _printf_o                                0x00000000   Number         0  stubs.o ABSOLUTE
    _printf_p                                0x00000000   Number         0  stubs.o ABSOLUTE
    _printf_percent                          0x00000000   Number         0  stubs.o ABSOLUTE
    _printf_pre_padding                      0x00000000   Number         0  stubs.o ABSOLUTE
    _printf_return_value                     0x00000000   Number         0  stubs.o ABSOLUTE
    _printf_s                                0x00000000   Number         0  stubs.o ABSOLUTE
    _printf_sizespec                         0x00000000   Number         0  stubs.o ABSOLUTE
    _printf_str                              0x00000000   Number         0  stubs.o ABSOLUTE
    _printf_truncate_signed                  0x00000000   Number         0  stubs.o ABSOLUTE
    _printf_truncate_unsigned                0x00000000   Number         0  stubs.o ABSOLUTE
    _printf_u                                0x00000000   Number         0  stubs.o ABSOLUTE
    _printf_wc                               0x00000000   Number         0  stubs.o ABSOLUTE
    _printf_wctomb                           0x00000000   Number         0  stubs.o ABSOLUTE
    _printf_widthprec                        0x00000000   Number         0  stubs.o ABSOLUTE
    _printf_x                                0x00000000   Number         0  stubs.o ABSOLUTE
    __cpp_initialize__aeabi_                  - Undefined Weak Reference
    __cxa_finalize                            - Undefined Weak Reference
    _clock_init                               - Undefined Weak Reference
    _microlib_exit                            - Undefined Weak Reference
    Reset_Handler                            0x000000c1   Thumb Code    10  startup_swm211.o(RESET)
    __Vectors_End                            0x000000c1   Thumb Code     0  startup_swm211.o(RESET)
    __Vectors_Size                           0x000000c0   Number         0  startup_swm211.o ABSOLUTE
    NMI_Handler                              0x000000cb   Thumb Code     2  startup_swm211.o(RESET)
    HardFault_Handler                        0x000000cd   Thumb Code     2  startup_swm211.o(RESET)
    SVC_Handler                              0x000000cf   Thumb Code     2  startup_swm211.o(RESET)
    PendSV_Handler                           0x000000d1   Thumb Code     2  startup_swm211.o(RESET)
    CORDIC_Handler                           0x000000d9   Thumb Code     2  startup_swm211.o(RESET)
    UART1_Handler                            0x000000db   Thumb Code     2  startup_swm211.o(RESET)
    PWM1_Handler                             0x000000dd   Thumb Code     2  startup_swm211.o(RESET)
    HALL_Handler                             0x000000e1   Thumb Code     2  startup_swm211.o(RESET)
    PWMBRK_Handler                           0x000000e7   Thumb Code     2  startup_swm211.o(RESET)
    WDT_Handler                              0x000000e9   Thumb Code     2  startup_swm211.o(RESET)
    I2C0_Handler                             0x000000eb   Thumb Code     2  startup_swm211.o(RESET)
    XTALSTOP_Handler                         0x000000ed   Thumb Code     2  startup_swm211.o(RESET)
    BTIMR0_Handler                           0x000000f3   Thumb Code     2  startup_swm211.o(RESET)
    BTIMR1_Handler                           0x000000f5   Thumb Code     2  startup_swm211.o(RESET)
    BTIMR3_Handler                           0x000000f9   Thumb Code     2  startup_swm211.o(RESET)
    GPIOA_Handler                            0x000000fb   Thumb Code     2  startup_swm211.o(RESET)
    GPIOB_Handler                            0x000000fd   Thumb Code     2  startup_swm211.o(RESET)
    GPIOM_Handler                            0x000000ff   Thumb Code     2  startup_swm211.o(RESET)
    GPIOA0_GPIOM0_SPI1_Handler               0x00000101   Thumb Code     2  startup_swm211.o(RESET)
    GPIOA1_GPIOM1_MPU_Handler                0x00000103   Thumb Code     2  startup_swm211.o(RESET)
    GPIOA2_GPIOM2_Handler                    0x00000105   Thumb Code     2  startup_swm211.o(RESET)
    GPIOA3_GPIOM3_Handler                    0x00000107   Thumb Code     2  startup_swm211.o(RESET)
    GPIOB0_GPIOA8_TIMR2_Handler              0x00000109   Thumb Code     2  startup_swm211.o(RESET)
    GPIOB1_GPIOA9_DMA_Handler                0x0000010b   Thumb Code     2  startup_swm211.o(RESET)
    GPIOB2_GPIOA10_CAN0_Handler              0x0000010d   Thumb Code     2  startup_swm211.o(RESET)
    GPIOB3_GPIOA11_SPI0_Handler              0x0000010f   Thumb Code     2  startup_swm211.o(RESET)
    GPIOB4_GPIOB10_QEI_Handler               0x00000111   Thumb Code     2  startup_swm211.o(RESET)
    __main                                   0x00000121   Thumb Code     0  entry.o(.ARM.Collect$$$$00000000)
    _main_stk                                0x00000121   Thumb Code     0  entry2.o(.ARM.Collect$$$$00000001)
    _main_scatterload                        0x00000125   Thumb Code     0  entry5.o(.ARM.Collect$$$$00000004)
    __main_after_scatterload                 0x00000129   Thumb Code     0  entry5.o(.ARM.Collect$$$$00000004)
    _main_clock                              0x00000129   Thumb Code     0  entry7b.o(.ARM.Collect$$$$00000008)
    _main_cpp_init                           0x00000129   Thumb Code     0  entry8b.o(.ARM.Collect$$$$0000000A)
    _main_init                               0x00000129   Thumb Code     0  entry9a.o(.ARM.Collect$$$$0000000B)
    __rt_final_cpp                           0x00000131   Thumb Code     0  entry10a.o(.ARM.Collect$$$$0000000D)
    __rt_final_exit                          0x00000131   Thumb Code     0  entry11a.o(.ARM.Collect$$$$0000000F)
    __aeabi_uidiv                            0x00000135   Thumb Code     0  uidiv.o(.text)
    __aeabi_uidivmod                         0x00000135   Thumb Code    44  uidiv.o(.text)
    __aeabi_idiv                             0x00000161   Thumb Code     0  idiv.o(.text)
    __aeabi_idivmod                          0x00000161   Thumb Code    40  idiv.o(.text)
    __aeabi_memcpy                           0x00000189   Thumb Code    36  memcpya.o(.text)
    __aeabi_memcpy4                          0x00000189   Thumb Code     0  memcpya.o(.text)
    __aeabi_memcpy8                          0x00000189   Thumb Code     0  memcpya.o(.text)
    __aeabi_dadd                             0x000001ad   Thumb Code   326  dadd.o(.text)
    __aeabi_dsub                             0x000002f3   Thumb Code    12  dadd.o(.text)
    __aeabi_drsub                            0x000002ff   Thumb Code    12  dadd.o(.text)
    __aeabi_dmul                             0x00000311   Thumb Code   202  dmul.o(.text)
    __aeabi_ddiv                             0x000003e1   Thumb Code   234  ddiv.o(.text)
    __ARM_scalbn                             0x000004d1   Thumb Code    44  dscalb.o(.text)
    scalbn                                   0x000004d1   Thumb Code     0  dscalb.o(.text)
    __aeabi_i2d                              0x000004fd   Thumb Code    34  dflti.o(.text)
    __aeabi_ui2d                             0x00000525   Thumb Code    24  dfltui.o(.text)
    __aeabi_d2iz                             0x00000541   Thumb Code    62  dfixi.o(.text)
    __aeabi_d2uiz                            0x00000589   Thumb Code    50  dfixui.o(.text)
    __aeabi_uldivmod                         0x000005c5   Thumb Code    96  uldiv.o(.text)
    __aeabi_llsl                             0x00000625   Thumb Code    32  llshl.o(.text)
    _ll_shift_l                              0x00000625   Thumb Code     0  llshl.o(.text)
    __aeabi_llsr                             0x00000645   Thumb Code    34  llushr.o(.text)
    _ll_ushift_r                             0x00000645   Thumb Code     0  llushr.o(.text)
    __aeabi_lasr                             0x00000667   Thumb Code    38  llsshr.o(.text)
    _ll_sshift_r                             0x00000667   Thumb Code     0  llsshr.o(.text)
    __I$use$fp                               0x0000068d   Thumb Code     0  iusefp.o(.text)
    _double_round                            0x0000068d   Thumb Code    26  depilogue.o(.text)
    _double_epilogue                         0x000006a7   Thumb Code   166  depilogue.o(.text)
    __aeabi_d2ulz                            0x0000074d   Thumb Code    54  dfixul.o(.text)
    __aeabi_cdrcmple                         0x0000078d   Thumb Code    38  cdrcmple.o(.text)
    __scatterload                            0x000007b5   Thumb Code    28  init.o(.text)
    __scatterload_rt2                        0x000007b5   Thumb Code     0  init.o(.text)
    __decompress                             0x000007d9   Thumb Code     0  __dczerorl2.o(.text)
    __decompress1                            0x000007d9   Thumb Code    86  __dczerorl2.o(.text)
    Long Thumb to Thumb Veneer to butter_bandpass_220_reset 0x00000831   Thumb Code    12  anon$$obj.o(Veneer$$Code)
    Long Thumb to Thumb Veneer to notch_filter_220_reset 0x0000083d   Thumb Code    12  anon$$obj.o(Veneer$$Code)
    Long Thumb to Thumb Veneer to butter_bandpass_550_reset 0x00000849   Thumb Code    12  anon$$obj.o(Veneer$$Code)
    Long Thumb to Thumb Veneer to notch_filter_550_reset 0x00000855   Thumb Code    12  anon$$obj.o(Veneer$$Code)
    Long Thumb to Thumb Veneer to foc_svm_gen 0x00000861   Thumb Code    12  anon$$obj.o(Veneer$$Code)
    Long Thumb to Thumb Veneer to m_theta_to_e_theta 0x0000086d   Thumb Code    12  anon$$obj.o(Veneer$$Code)
    Long Thumb to Thumb Veneer to mode_theta 0x00000879   Thumb Code    12  anon$$obj.o(Veneer$$Code)
    ACMP_Handler                             0x00000885   Thumb Code    18  interrupt.o(i.ACMP_Handler)
    ADC_Close                                0x0000089d   Thumb Code    12  swm2x1_adc.o(i.ADC_Close)
    ADC_Init                                 0x000008a9   Thumb Code   704  swm2x1_adc.o(i.ADC_Init)
    ADC_IsEOC                                0x00000b9d   Thumb Code    22  swm2x1_adc.o(i.ADC_IsEOC)
    ADC_Open                                 0x00000bb3   Thumb Code    12  swm2x1_adc.o(i.ADC_Open)
    ADC_Start                                0x00000bbf   Thumb Code     6  swm2x1_adc.o(i.ADC_Start)
    BOD_Handler                              0x00000bc5   Thumb Code    22  interrupt.o(i.BOD_Handler)
    BTIMR2_Handler                           0x00000be9   Thumb Code     8  interrupt.o(i.BTIMR2_Handler)
    CORDIC_Init                              0x00000bf5   Thumb Code    18  swm2x1_cordic.o(i.CORDIC_Init)
    DIV_Init                                 0x00000cb9   Thumb Code    18  swm2x1_div.o(i.DIV_Init)
    Flash_Param_at_xMHz                      0x00000d01   Thumb Code    40  swm211_flash.o(i.Flash_Param_at_xMHz)
    GPIO_GetBit                              0x00000d39   Thumb Code     8  swm2x1_gpio.o(i.GPIO_GetBit)
    GPIO_Init                                0x00000d41   Thumb Code   198  swm2x1_gpio.o(i.GPIO_Init)
    HardwareInit                             0x00000e19   Thumb Code    86  main.o(i.HardwareInit)
    I2C_Close                                0x00000e89   Thumb Code    10  swm2x1_i2c.o(i.I2C_Close)
    I2C_Init                                 0x00000e95   Thumb Code   288  swm2x1_i2c.o(i.I2C_Init)
    I2C_Mst_Init                             0x00000fc5   Thumb Code   104  htr_led.o(i.I2C_Mst_Init)
    I2C_Mst_write                            0x00001049   Thumb Code    98  htr_led.o(i.I2C_Mst_write)
    I2C_Open                                 0x000010b1   Thumb Code    10  swm2x1_i2c.o(i.I2C_Open)
    I2C_Start                                0x000010bb   Thumb Code    38  swm2x1_i2c.o(i.I2C_Start)
    I2C_Stop                                 0x000010e1   Thumb Code    24  swm2x1_i2c.o(i.I2C_Stop)
    I2C_Write                                0x000010f9   Thumb Code    38  swm2x1_i2c.o(i.I2C_Write)
    Init_ADC                                 0x00001121   Thumb Code   124  adc.o(i.Init_ADC)
    Init_BOD                                 0x000011ad   Thumb Code    26  main.o(i.Init_BOD)
    Init_CMP                                 0x000011d5   Thumb Code    38  cmp.o(i.Init_CMP)
    Init_GPIO                                0x00001211   Thumb Code     2  gpio.o(i.Init_GPIO)
    Init_OPA                                 0x00001215   Thumb Code   138  opa.o(i.Init_OPA)
    Init_PWM_Drive                           0x000012ad   Thumb Code   146  pwm_drive.o(i.Init_PWM_Drive)
    Init_Timer                               0x00001365   Thumb Code     2  timer.o(i.Init_Timer)
    PLLInit                                  0x00001369   Thumb Code    54  system_swm211.o(i.PLLInit)
    PORT_Init                                0x000013b1   Thumb Code    84  swm2x1_port.o(i.PORT_Init)
    PORT_SixDrive_Enable                     0x00001405   Thumb Code    78  pwm_drive.o(i.PORT_SixDrive_Enable)
    PWM_CmpTrigger                           0x00001459   Thumb Code    40  swm2x1_pwm.o(i.PWM_CmpTrigger)
    PWM_Init                                 0x00001481   Thumb Code   352  swm2x1_pwm.o(i.PWM_Init)
    PWM_Start                                0x000015ed   Thumb Code    10  swm2x1_pwm.o(i.PWM_Start)
    SoftwareInit                             0x000015fd   Thumb Code    20  main.o(i.SoftwareInit)
    SysTick_Handler                          0x00001611   Thumb Code    26  interrupt.o(i.SysTick_Handler)
    SystemCoreClockUpdate                    0x00001631   Thumb Code   100  system_swm211.o(i.SystemCoreClockUpdate)
    SystemInit                               0x000016a9   Thumb Code   164  system_swm211.o(i.SystemInit)
    TIMR0_Handler                            0x0000176d   Thumb Code     8  interrupt.o(i.TIMR0_Handler)
    TIMR1_Handler                            0x00001779   Thumb Code    10  interrupt.o(i.TIMR1_Handler)
    TIMR_INTClr                              0x00001789   Thumb Code     6  swm2x1_timr.o(i.TIMR_INTClr)
    UART0_Handler                            0x00001791   Thumb Code    84  interrupt.o(i.UART0_Handler)
    UART_INTClr                              0x000017f1   Thumb Code    18  swm2x1_uart.o(i.UART_INTClr)
    UART_INTStat                             0x00001803   Thumb Code    50  swm2x1_uart.o(i.UART_INTStat)
    UART_IsRXFIFOEmpty                       0x00001835   Thumb Code    10  swm2x1_uart.o(i.UART_IsRXFIFOEmpty)
    UART_IsTXFIFOFull                        0x0000183f   Thumb Code     8  swm2x1_uart.o(i.UART_IsTXFIFOFull)
    UART_ReadByte                            0x00001847   Thumb Code    22  swm2x1_uart.o(i.UART_ReadByte)
    UART_WriteByte                           0x0000185d   Thumb Code     4  swm2x1_uart.o(i.UART_WriteByte)
    __0printf                                0x00001861   Thumb Code    24  printfa.o(i.__0printf)
    __1printf                                0x00001861   Thumb Code     0  printfa.o(i.__0printf)
    __2printf                                0x00001861   Thumb Code     0  printfa.o(i.__0printf)
    __c89printf                              0x00001861   Thumb Code     0  printfa.o(i.__0printf)
    printf                                   0x00001861   Thumb Code     0  printfa.o(i.__0printf)
    __ARM_clz                                0x00001881   Thumb Code    46  depilogue.o(i.__ARM_clz)
    __scatterload_copy                       0x000018af   Thumb Code    14  handlers.o(i.__scatterload_copy)
    __scatterload_null                       0x000018bd   Thumb Code     2  handlers.o(i.__scatterload_null)
    __scatterload_zeroinit                   0x000018bf   Thumb Code    14  handlers.o(i.__scatterload_zeroinit)
    app_cali_demon_loop                      0x00002169   Thumb Code    16  app.o(i.app_cali_demon_loop)
    app_init                                 0x00002179   Thumb Code    58  app.o(i.app_init)
    app_set_sv_config                        0x000021c9   Thumb Code    56  app.o(i.app_set_sv_config)
    fif_charge                               0x00002291   Thumb Code   150  foc_state.o(i.fif_charge)
    fif_get_state                            0x0000233d   Thumb Code     6  foc_state.o(i.fif_get_state)
    fif_ibus_adc_offset                      0x00002349   Thumb Code   340  foc_state.o(i.fif_ibus_adc_offset)
    fif_init                                 0x0000250d   Thumb Code    22  foc_state.o(i.fif_init)
    fif_loop                                 0x00002529   Thumb Code    88  foc_state.o(i.fif_loop)
    foc_core_init                            0x0000258d   Thumb Code   412  foc.o(i.foc_core_init)
    foc_core_set_abc_cur_adc_offset          0x000027a9   Thumb Code    10  foc.o(i.foc_core_set_abc_cur_adc_offset)
    foc_core_set_lh_adc_offset               0x000027b9   Thumb Code     8  foc.o(i.foc_core_set_lh_adc_offset)
    foc_core_set_max_abc_current             0x000027c5   Thumb Code     8  foc.o(i.foc_core_set_max_abc_current)
    foc_core_set_max_overload                0x000027d1   Thumb Code    16  foc.o(i.foc_core_set_max_overload)
    foc_core_set_open_drive_mode             0x000027e5   Thumb Code    22  foc.o(i.foc_core_set_open_drive_mode)
    foc_core_set_swing_base_m_theta          0x00002809   Thumb Code    14  foc.o(i.foc_core_set_swing_base_m_theta)
    foc_core_set_zero_m_theta_align          0x0000281d   Thumb Code    18  foc.o(i.foc_core_set_zero_m_theta_align)
    fputc                                    0x00002835   Thumb Code    28  retarget.o(i.fputc)
    gsensor_detect_init                      0x00002855   Thumb Code     8  htr_led.o(i.gsensor_detect_init)
    htr_led_init                             0x00002861   Thumb Code    12  htr_led.o(i.htr_led_init)
    led_gear_loop                            0x0000286d   Thumb Code   164  htr_led.o(i.led_gear_loop)
    led_htr_update                           0x00002919   Thumb Code    86  htr_led.o(i.led_htr_update)
    main                                     0x00002979   Thumb Code    52  main.o(i.main)
    open_drive_test                          0x000029b1   Thumb Code    46  app.o(i.open_drive_test)
    protocol_init                            0x000029ed   Thumb Code    24  protocol.o(i.protocol_init)
    sw_vibration_proc                        0x00002a0d   Thumb Code   122  foc.o(i.sw_vibration_proc)
    switchTo12MHz                            0x00002a99   Thumb Code    16  system_swm211.o(i.switchTo12MHz)
    switchToPLL                              0x00002aad   Thumb Code    64  system_swm211.o(i.switchToPLL)
    user_1ms_task                            0x00002aed   Thumb Code    12  main.o(i.user_1ms_task)
    Region$$Table$$Base                      0x00002b04   Number         0  anon$$obj.o(Region$$Table)
    Region$$Table$$Limit                     0x00002b34   Number         0  anon$$obj.o(Region$$Table)
    PWM0_Handler                             0x20000001   Thumb Code    14  interrupt.o(PlaceInRAM)
    ADC0_Handler                             0x2000000f   Thumb Code    10  interrupt.o(PlaceInRAM)
    foc_svm_gen                              0x20000021   Thumb Code   856  foc.o(PlaceInRAM)
    Udq_2_Uab                                0x20000379   Thumb Code    60  foc.o(PlaceInRAM)
    foc_reset                                0x200003b5   Thumb Code    62  foc.o(PlaceInRAM)
    pos_speed_loop                           0x200003f3   Thumb Code   446  foc.o(PlaceInRAM)
    sw_work_proc                             0x200005b1   Thumb Code   384  foc.o(PlaceInRAM)
    m_theta_to_e_theta                       0x20000731   Thumb Code    16  foc.o(PlaceInRAM)
    sw_vb_set_base_proc                      0x20000741   Thumb Code   112  foc.o(PlaceInRAM)
    sw_vb_pullback_proc                      0x200007b1   Thumb Code   766  foc.o(PlaceInRAM)
    sw_vb_m_theta_align_proc                 0x20000aaf   Thumb Code   136  foc.o(PlaceInRAM)
    sw_vb_lh_adc_offset_proc                 0x20000b37   Thumb Code   210  foc.o(PlaceInRAM)
    open_dirve_proc                          0x20000c09   Thumb Code    20  foc.o(PlaceInRAM)
    alpha_beta_2_dq                          0x20000c1d   Thumb Code    60  foc.o(PlaceInRAM)
    foc_core_isr_loop                        0x20000c59   Thumb Code   632  foc.o(PlaceInRAM)
    mode_theta                               0x20000f0d   Thumb Code    48  foc_util.o(PlaceInRAM)
    LPFFunction                              0x20000f3d   Thumb Code    12  foc_util.o(PlaceInRAM)
    LPFFunction_HR                           0x20000f49   Thumb Code    22  foc_util.o(PlaceInRAM)
    LPFFunction_HR_2                         0x20000f5f   Thumb Code    20  foc_util.o(PlaceInRAM)
    LPFFunction_HR_3                         0x20000f73   Thumb Code    14  foc_util.o(PlaceInRAM)
    HPFFunction                              0x20000f81   Thumb Code    12  foc_util.o(PlaceInRAM)
    theta_to_sin                             0x20000f8d   Thumb Code    94  foc_util.o(PlaceInRAM)
    theta_to_sin_and_cos                     0x20000feb   Thumb Code   132  foc_util.o(PlaceInRAM)
    notch_filter_220_reset                   0x2000106f   Thumb Code    16  foc_util.o(PlaceInRAM)
    notch_filter_550_reset                   0x2000107f   Thumb Code    16  foc_util.o(PlaceInRAM)
    butter_bandpass_220                      0x2000108f   Thumb Code    64  foc_util.o(PlaceInRAM)
    butter_bandpass_220_reset                0x200010cf   Thumb Code    14  foc_util.o(PlaceInRAM)
    butter_bandpass_550                      0x200010dd   Thumb Code    64  foc_util.o(PlaceInRAM)
    butter_bandpass_550_reset                0x2000111d   Thumb Code    14  foc_util.o(PlaceInRAM)
    theta_distance                           0x2000112b   Thumb Code    26  foc_util.o(PlaceInRAM)
    pi_controller_reset                      0x20001179   Thumb Code    10  picontroller.o(PlaceInRAM)
    pi_controller                            0x20001183   Thumb Code   120  picontroller.o(PlaceInRAM)
    ser_pi_controller                        0x200011fb   Thumb Code    80  picontroller.o(PlaceInRAM)
    ser_anti_intergral_pi_controller         0x2000124b   Thumb Code    60  picontroller.o(PlaceInRAM)
    pll                                      0x2000128d   Thumb Code   202  pll.o(PlaceInRAM)
    Long Thumb to Thumb Veneer to __aeabi_i2d 0x2000137d   Thumb Code    12  anon$$obj.o(Veneer$$Code)
    Long Thumb to Thumb Veneer to __aeabi_dadd 0x20001389   Thumb Code    12  anon$$obj.o(Veneer$$Code)
    Long Thumb to Thumb Veneer to __aeabi_d2iz 0x20001395   Thumb Code    12  anon$$obj.o(Veneer$$Code)
    Long Thumb to Thumb Veneer to __aeabi_dsub 0x200013a1   Thumb Code    12  anon$$obj.o(Veneer$$Code)
    Long Thumb to Thumb Veneer to sw_vibration_proc 0x200013ad   Thumb Code    12  anon$$obj.o(Veneer$$Code)
    user_delay_cnt                           0x200013b8   Data           4  util.o(.data)
    app_ctrl_state                           0x200013c0   Data           1  app.o(.data)
    app_ctrl_state_last                      0x200013c1   Data           1  app.o(.data)
    app_state                                0x200013c2   Data           1  app.o(.data)
    button_pin                               0x200013c3   Data           1  app.o(.data)
    last_button_pin                          0x200013c4   Data           1  app.o(.data)
    led_gear                                 0x200013e8   Data           1  htr_led.o(.data)
    led_pwm_br_dir                           0x200013ea   Data           1  htr_led.o(.data)
    led_pwm_br                               0x200013eb   Data           1  htr_led.o(.data)
    gsensor_motion_detect_flag               0x200013ec   Data           1  htr_led.o(.data)
    data                                     0x20001400   Data           4  htr_led.o(.data)
    gsensor_motion_detect_release_cnt        0x20001404   Data           4  htr_led.o(.data)
    acc                                      0x20001408   Data           6  htr_led.o(.data)
    sw_vb_mode                               0x20001410   Data           1  foc.o(.data)
    sw_vb_mode_last                          0x20001411   Data           1  foc.o(.data)
    sw_vb_mode_req                           0x20001412   Data           1  foc.o(.data)
    sb_m_base_theta                          0x20001413   Data           1  foc.o(.data)
    lh_adc_offset_0                          0x20001414   Data           2  foc.o(.data)
    lh_adc_offset_1                          0x20001416   Data           2  foc.o(.data)
    mc_u_adc_offset                          0x20001418   Data           2  foc.o(.data)
    mc_v_adc_offset                          0x2000141a   Data           2  foc.o(.data)
    mc_w_adc_offset                          0x2000141c   Data           2  foc.o(.data)
    theta_phase                              0x2000141e   Data           2  foc.o(.data)
    sin_of_theta                             0x20001420   Data           2  foc.o(.data)
    cos_of_theta                             0x20001422   Data           2  foc.o(.data)
    com_theta_sum                            0x20001424   Data           4  foc.o(.data)
    com_theta_avg                            0x20001428   Data           4  foc.o(.data)
    com_cnt                                  0x2000142c   Data           4  foc.o(.data)
    working_theta                            0x20001430   Data           4  foc.o(.data)
    abc_cur                                  0x20001434   Data           6  foc.o(.data)
    open_drive                               0x2000143c   Data           8  foc.o(.data)
    lh_theta_pll_pi                          0x20001444   Data          40  foc.o(.data)
    iq_pi                                    0x2000146c   Data          40  foc.o(.data)
    id_pi                                    0x20001494   Data          40  foc.o(.data)
    vibration_pi                             0x200014bc   Data          40  foc.o(.data)
    swing_pos_pi                             0x200014e4   Data          40  foc.o(.data)
    swing_speed_pi                           0x2000150c   Data          40  foc.o(.data)
    swing_pll_speed_pi                       0x20001534   Data          40  foc.o(.data)
    pb_pos_pi                                0x2000155c   Data          40  foc.o(.data)
    pb_speed_pi                              0x20001584   Data          40  foc.o(.data)
    pb_pll_speed_pi                          0x200015ac   Data          40  foc.o(.data)
    u_n1_sec                                 0x200015d4   Data           2  foc_util.o(.data)
    u_n2_sec                                 0x200015d6   Data           2  foc_util.o(.data)
    u_n1                                     0x200015d8   Data           2  foc_util.o(.data)
    u_n2                                     0x200015da   Data           2  foc_util.o(.data)
    bpy_n1                                   0x200015dc   Data           2  foc_util.o(.data)
    bpy_n2                                   0x200015de   Data           2  foc_util.o(.data)
    bpx_n1                                   0x200015e0   Data           2  foc_util.o(.data)
    bpx_n2                                   0x200015e2   Data           2  foc_util.o(.data)
    bpy_n1_550                               0x200015e4   Data           2  foc_util.o(.data)
    bpy_n2_550                               0x200015e6   Data           2  foc_util.o(.data)
    bpx_n1_550                               0x200015e8   Data           2  foc_util.o(.data)
    bpx_n2_550                               0x200015ea   Data           2  foc_util.o(.data)
    mcstate                                  0x200015ec   Data           1  foc_state.o(.data)
    mcCurOffsetFlag                          0x200015ed   Data           1  foc_state.o(.data)
    mcCurOffsetState                         0x200015ee   Data           1  foc_state.o(.data)
    mcChargeState                            0x200015ef   Data           1  foc_state.o(.data)
    mcCurOffset_u                            0x200015f0   Data           2  foc_state.o(.data)
    mcCurOffset_v                            0x200015f2   Data           2  foc_state.o(.data)
    mcCurOffset_w                            0x200015f4   Data           2  foc_state.o(.data)
    mcChargeCnt                              0x200015f6   Data           2  foc_state.o(.data)
    Debug_DAC_Offset                         0x20001610   Data           2  cmp.o(.data)
    Debug_DAC2V                              0x20001614   Data           4  cmp.o(.data)
    IAP_Flash_Param                          0x2000162c   Data           4  swm211_flash.o(.data)
    IAP_Flash_Erase                          0x20001630   Data           4  swm211_flash.o(.data)
    IAP_Flash_Write                          0x20001634   Data           4  swm211_flash.o(.data)
    SystemCoreClock                          0x20001638   Data           4  system_swm211.o(.data)
    CyclesPerUs                              0x2000163c   Data           4  system_swm211.o(.data)
    __stdout                                 0x20001640   Data           4  stdout.o(.data)
    y_n1_sec                                 0x20001644   Data           2  foc_util.o(PlaceInRAM)
    y_n2_sec                                 0x20001646   Data           2  foc_util.o(PlaceInRAM)
    y_n1                                     0x20001648   Data           2  foc_util.o(PlaceInRAM)
    y_n2                                     0x2000164a   Data           2  foc_util.o(PlaceInRAM)
    sv_cfg                                   0x2000164c   Data          12  app.o(.bss)
    CirBuf                                   0x20001658   Data         136  uart_if.o(.bss)
    led_pwm_data                             0x20001a20   Data          12  htr_led.o(.bss)
    svm                                      0x20001a2c   Data          20  foc.o(.bss)
    alpha_beta                               0x20001a40   Data          12  foc.o(.bss)
    dq                                       0x20001a4c   Data          12  foc.o(.bss)
    theta_speed                              0x20001a58   Data          56  foc.o(.bss)
    swing                                    0x20001a90   Data          80  foc.o(.bss)
    vibration                                0x20001ae0   Data          48  foc.o(.bss)
    m_theta_align                            0x20001b10   Data          20  foc.o(.bss)
    pb                                       0x20001b24   Data          76  foc.o(.bss)
    lh_adc_offset                            0x20001b70   Data          24  foc.o(.bss)
    d_vibration                              0x20001b88   Data          24  foc.o(.bss)
    max_cur                                  0x20001ba0   Data          12  foc.o(.bss)
    over_load                                0x20001bac   Data          32  foc.o(.bss)
    __initial_sp                             0x20001fd0   Data           0  startup_swm211.o(STACK)



==============================================================================

Memory Map of the image

  Image Entry point : 0x00000121

  Load Region LR_IROM1 (Base: 0x00000000, Size: 0x00004180, Max: 0x00010000, ABSOLUTE, COMPRESSED[0x00003fa0])

    Execution Region ER_IROM1 (Exec base: 0x00000000, Load base: 0x00000000, Size: 0x00002b34, Max: 0x00010000, ABSOLUTE)

    Exec Addr    Load Addr    Size         Type   Attr      Idx    E Section Name        Object

    0x00000000   0x00000000   0x00000120   Code   RO         3084    RESET               startup_swm211.o
    0x00000120   0x00000120   0x00000000   Code   RO         3088  * .ARM.Collect$$$$00000000  mc_p.l(entry.o)
    0x00000120   0x00000120   0x00000004   Code   RO         3396    .ARM.Collect$$$$00000001  mc_p.l(entry2.o)
    0x00000124   0x00000124   0x00000004   Code   RO         3399    .ARM.Collect$$$$00000004  mc_p.l(entry5.o)
    0x00000128   0x00000128   0x00000000   Code   RO         3401    .ARM.Collect$$$$00000008  mc_p.l(entry7b.o)
    0x00000128   0x00000128   0x00000000   Code   RO         3403    .ARM.Collect$$$$0000000A  mc_p.l(entry8b.o)
    0x00000128   0x00000128   0x00000008   Code   RO         3404    .ARM.Collect$$$$0000000B  mc_p.l(entry9a.o)
    0x00000130   0x00000130   0x00000000   Code   RO         3406    .ARM.Collect$$$$0000000D  mc_p.l(entry10a.o)
    0x00000130   0x00000130   0x00000000   Code   RO         3408    .ARM.Collect$$$$0000000F  mc_p.l(entry11a.o)
    0x00000130   0x00000130   0x00000004   Code   RO         3397    .ARM.Collect$$$$00002712  mc_p.l(entry2.o)
    0x00000134   0x00000134   0x0000002c   Code   RO         3091    .text               mc_p.l(uidiv.o)
    0x00000160   0x00000160   0x00000028   Code   RO         3093    .text               mc_p.l(idiv.o)
    0x00000188   0x00000188   0x00000024   Code   RO         3095    .text               mc_p.l(memcpya.o)
    0x000001ac   0x000001ac   0x00000164   Code   RO         3370    .text               mf_p.l(dadd.o)
    0x00000310   0x00000310   0x000000d0   Code   RO         3372    .text               mf_p.l(dmul.o)
    0x000003e0   0x000003e0   0x000000f0   Code   RO         3374    .text               mf_p.l(ddiv.o)
    0x000004d0   0x000004d0   0x0000002c   Code   RO         3376    .text               mf_p.l(dscalb.o)
    0x000004fc   0x000004fc   0x00000028   Code   RO         3380    .text               mf_p.l(dflti.o)
    0x00000524   0x00000524   0x0000001c   Code   RO         3382    .text               mf_p.l(dfltui.o)
    0x00000540   0x00000540   0x00000048   Code   RO         3386    .text               mf_p.l(dfixi.o)
    0x00000588   0x00000588   0x0000003c   Code   RO         3388    .text               mf_p.l(dfixui.o)
    0x000005c4   0x000005c4   0x00000060   Code   RO         3411    .text               mc_p.l(uldiv.o)
    0x00000624   0x00000624   0x00000020   Code   RO         3413    .text               mc_p.l(llshl.o)
    0x00000644   0x00000644   0x00000022   Code   RO         3415    .text               mc_p.l(llushr.o)
    0x00000666   0x00000666   0x00000026   Code   RO         3417    .text               mc_p.l(llsshr.o)
    0x0000068c   0x0000068c   0x00000000   Code   RO         3419    .text               mc_p.l(iusefp.o)
    0x0000068c   0x0000068c   0x000000c0   Code   RO         3422    .text               mf_p.l(depilogue.o)
    0x0000074c   0x0000074c   0x00000040   Code   RO         3426    .text               mf_p.l(dfixul.o)
    0x0000078c   0x0000078c   0x00000028   Code   RO         3428    .text               mf_p.l(cdrcmple.o)
    0x000007b4   0x000007b4   0x00000024   Code   RO         3430    .text               mc_p.l(init.o)
    0x000007d8   0x000007d8   0x00000056   Code   RO         3440    .text               mc_p.l(__dczerorl2.o)
    0x0000082e   0x0000082e   0x00000002   PAD
    0x00000830   0x00000830   0x0000000c   Ven    RO         3442    Veneer$$Code        anon$$obj.o
    0x0000083c   0x0000083c   0x0000000c   Ven    RO         3443    Veneer$$Code        anon$$obj.o
    0x00000848   0x00000848   0x0000000c   Ven    RO         3444    Veneer$$Code        anon$$obj.o
    0x00000854   0x00000854   0x0000000c   Ven    RO         3445    Veneer$$Code        anon$$obj.o
    0x00000860   0x00000860   0x0000000c   Ven    RO         3446    Veneer$$Code        anon$$obj.o
    0x0000086c   0x0000086c   0x0000000c   Ven    RO         3447    Veneer$$Code        anon$$obj.o
    0x00000878   0x00000878   0x0000000c   Ven    RO         3448    Veneer$$Code        anon$$obj.o
    0x00000884   0x00000884   0x00000018   Code   RO          223    i.ACMP_Handler      interrupt.o
    0x0000089c   0x0000089c   0x0000000c   Code   RO         2069    i.ADC_Close         swm2x1_adc.o
    0x000008a8   0x000008a8   0x000002f4   Code   RO         2070    i.ADC_Init          swm2x1_adc.o
    0x00000b9c   0x00000b9c   0x00000016   Code   RO         2079    i.ADC_IsEOC         swm2x1_adc.o
    0x00000bb2   0x00000bb2   0x0000000c   Code   RO         2080    i.ADC_Open          swm2x1_adc.o
    0x00000bbe   0x00000bbe   0x00000006   Code   RO         2082    i.ADC_Start         swm2x1_adc.o
    0x00000bc4   0x00000bc4   0x00000024   Code   RO          224    i.BOD_Handler       interrupt.o
    0x00000be8   0x00000be8   0x0000000c   Code   RO          225    i.BTIMR2_Handler    interrupt.o
    0x00000bf4   0x00000bf4   0x00000018   Code   RO         2572    i.CORDIC_Init       swm2x1_cordic.o
    0x00000c0c   0x00000c0c   0x00000012   Code   RO          226    i.CirBuf_Full       interrupt.o
    0x00000c1e   0x00000c1e   0x00000010   Code   RO          227    i.CirBuf_Space      interrupt.o
    0x00000c2e   0x00000c2e   0x00000088   Code   RO          228    i.CirBuf_Write      interrupt.o
    0x00000cb6   0x00000cb6   0x00000002   PAD
    0x00000cb8   0x00000cb8   0x00000018   Code   RO         2552    i.DIV_Init          swm2x1_div.o
    0x00000cd0   0x00000cd0   0x00000030   Code   RO          874    i.DIV_SDiv_Result   foc.o
    0x00000d00   0x00000d00   0x00000038   Code   RO         2977    i.Flash_Param_at_xMHz  swm211_flash.o
    0x00000d38   0x00000d38   0x00000008   Code   RO         1582    i.GPIO_GetBit       swm2x1_gpio.o
    0x00000d40   0x00000d40   0x000000d8   Code   RO         1584    i.GPIO_Init         swm2x1_gpio.o
    0x00000e18   0x00000e18   0x00000070   Code   RO            3    i.HardwareInit      main.o
    0x00000e88   0x00000e88   0x0000000a   Code   RO         2185    i.I2C_Close         swm2x1_i2c.o
    0x00000e92   0x00000e92   0x00000002   PAD
    0x00000e94   0x00000e94   0x00000130   Code   RO         2190    i.I2C_Init          swm2x1_i2c.o
    0x00000fc4   0x00000fc4   0x00000084   Code   RO          769    i.I2C_Mst_Init      htr_led.o
    0x00001048   0x00001048   0x00000068   Code   RO          772    i.I2C_Mst_write     htr_led.o
    0x000010b0   0x000010b0   0x0000000a   Code   RO         2192    i.I2C_Open          swm2x1_i2c.o
    0x000010ba   0x000010ba   0x00000026   Code   RO         2195    i.I2C_Start         swm2x1_i2c.o
    0x000010e0   0x000010e0   0x00000018   Code   RO         2197    i.I2C_Stop          swm2x1_i2c.o
    0x000010f8   0x000010f8   0x00000026   Code   RO         2199    i.I2C_Write         swm2x1_i2c.o
    0x0000111e   0x0000111e   0x00000002   PAD
    0x00001120   0x00001120   0x0000008c   Code   RO         1351    i.Init_ADC          adc.o
    0x000011ac   0x000011ac   0x00000028   Code   RO            4    i.Init_BOD          main.o
    0x000011d4   0x000011d4   0x0000003c   Code   RO         1479    i.Init_CMP          cmp.o
    0x00001210   0x00001210   0x00000002   Code   RO         1331    i.Init_GPIO         gpio.o
    0x00001212   0x00001212   0x00000002   PAD
    0x00001214   0x00001214   0x00000098   Code   RO         1383    i.Init_OPA          opa.o
    0x000012ac   0x000012ac   0x000000b8   Code   RO         1403    i.Init_PWM_Drive    pwm_drive.o
    0x00001364   0x00001364   0x00000002   Code   RO         1446    i.Init_Timer        timer.o
    0x00001366   0x00001366   0x00000002   PAD
    0x00001368   0x00001368   0x00000048   Code   RO         3010    i.PLLInit           system_swm211.o
    0x000013b0   0x000013b0   0x00000054   Code   RO         1554    i.PORT_Init         swm2x1_port.o
    0x00001404   0x00001404   0x00000054   Code   RO         1405    i.PORT_SixDrive_Enable  pwm_drive.o
    0x00001458   0x00001458   0x00000028   Code   RO         2301    i.PWM_CmpTrigger    swm2x1_pwm.o
    0x00001480   0x00001480   0x0000016c   Code   RO         2306    i.PWM_Init          swm2x1_pwm.o
    0x000015ec   0x000015ec   0x00000010   Code   RO         2320    i.PWM_Start         swm2x1_pwm.o
    0x000015fc   0x000015fc   0x00000014   Code   RO            5    i.SoftwareInit      main.o
    0x00001610   0x00001610   0x00000020   Code   RO          229    i.SysTick_Handler   interrupt.o
    0x00001630   0x00001630   0x00000078   Code   RO         3011    i.SystemCoreClockUpdate  system_swm211.o
    0x000016a8   0x000016a8   0x000000c4   Code   RO         3012    i.SystemInit        system_swm211.o
    0x0000176c   0x0000176c   0x0000000c   Code   RO          230    i.TIMR0_Handler     interrupt.o
    0x00001778   0x00001778   0x00000010   Code   RO          231    i.TIMR1_Handler     interrupt.o
    0x00001788   0x00001788   0x00000006   Code   RO         1726    i.TIMR_INTClr       swm2x1_timr.o
    0x0000178e   0x0000178e   0x00000002   PAD
    0x00001790   0x00001790   0x00000060   Code   RO          232    i.UART0_Handler     interrupt.o
    0x000017f0   0x000017f0   0x00000012   Code   RO         1916    i.UART_INTClr       swm2x1_uart.o
    0x00001802   0x00001802   0x00000032   Code   RO         1919    i.UART_INTStat      swm2x1_uart.o
    0x00001834   0x00001834   0x0000000a   Code   RO         1921    i.UART_IsRXFIFOEmpty  swm2x1_uart.o
    0x0000183e   0x0000183e   0x00000008   Code   RO         1923    i.UART_IsTXFIFOFull  swm2x1_uart.o
    0x00001846   0x00001846   0x00000016   Code   RO         1931    i.UART_ReadByte     swm2x1_uart.o
    0x0000185c   0x0000185c   0x00000004   Code   RO         1933    i.UART_WriteByte    swm2x1_uart.o
    0x00001860   0x00001860   0x00000020   Code   RO         3334    i.__0printf         mc_p.l(printfa.o)
    0x00001880   0x00001880   0x0000002e   Code   RO         3424    i.__ARM_clz         mf_p.l(depilogue.o)
    0x000018ae   0x000018ae   0x0000000e   Code   RO         3434    i.__scatterload_copy  mc_p.l(handlers.o)
    0x000018bc   0x000018bc   0x00000002   Code   RO         3435    i.__scatterload_null  mc_p.l(handlers.o)
    0x000018be   0x000018be   0x0000000e   Code   RO         3436    i.__scatterload_zeroinit  mc_p.l(handlers.o)
    0x000018cc   0x000018cc   0x00000158   Code   RO         3341    i._fp_digits        mc_p.l(printfa.o)
    0x00001a24   0x00001a24   0x000006f8   Code   RO         3342    i._printf_core      mc_p.l(printfa.o)
    0x0000211c   0x0000211c   0x00000020   Code   RO         3343    i._printf_post_padding  mc_p.l(printfa.o)
    0x0000213c   0x0000213c   0x0000002c   Code   RO         3344    i._printf_pre_padding  mc_p.l(printfa.o)
    0x00002168   0x00002168   0x00000010   Code   RO          568    i.app_cali_demon_loop  app.o
    0x00002178   0x00002178   0x00000050   Code   RO          571    i.app_init          app.o
    0x000021c8   0x000021c8   0x00000050   Code   RO          572    i.app_set_sv_config  app.o
    0x00002218   0x00002218   0x00000076   Code   RO         2084    i.chn2idx           swm2x1_adc.o
    0x0000228e   0x0000228e   0x00000002   PAD
    0x00002290   0x00002290   0x000000ac   Code   RO         1281    i.fif_charge        foc_state.o
    0x0000233c   0x0000233c   0x0000000c   Code   RO         1282    i.fif_get_state     foc_state.o
    0x00002348   0x00002348   0x000001c4   Code   RO         1283    i.fif_ibus_adc_offset  foc_state.o
    0x0000250c   0x0000250c   0x0000001c   Code   RO         1284    i.fif_init          foc_state.o
    0x00002528   0x00002528   0x00000064   Code   RO         1285    i.fif_loop          foc_state.o
    0x0000258c   0x0000258c   0x0000021c   Code   RO          886    i.foc_core_init     foc.o
    0x000027a8   0x000027a8   0x00000010   Code   RO          887    i.foc_core_set_abc_cur_adc_offset  foc.o
    0x000027b8   0x000027b8   0x0000000c   Code   RO          891    i.foc_core_set_lh_adc_offset  foc.o
    0x000027c4   0x000027c4   0x0000000c   Code   RO          893    i.foc_core_set_max_abc_current  foc.o
    0x000027d0   0x000027d0   0x00000014   Code   RO          894    i.foc_core_set_max_overload  foc.o
    0x000027e4   0x000027e4   0x00000024   Code   RO          895    i.foc_core_set_open_drive_mode  foc.o
    0x00002808   0x00002808   0x00000014   Code   RO          899    i.foc_core_set_swing_base_m_theta  foc.o
    0x0000281c   0x0000281c   0x00000018   Code   RO          901    i.foc_core_set_zero_m_theta_align  foc.o
    0x00002834   0x00002834   0x00000020   Code   RO          455    i.fputc             retarget.o
    0x00002854   0x00002854   0x0000000c   Code   RO          775    i.gsensor_detect_init  htr_led.o
    0x00002860   0x00002860   0x0000000c   Code   RO          777    i.htr_led_init      htr_led.o
    0x0000286c   0x0000286c   0x000000ac   Code   RO          779    i.led_gear_loop     htr_led.o
    0x00002918   0x00002918   0x00000060   Code   RO          780    i.led_htr_update    htr_led.o
    0x00002978   0x00002978   0x00000038   Code   RO            6    i.main              main.o
    0x000029b0   0x000029b0   0x0000003c   Code   RO          582    i.open_drive_test   app.o
    0x000029ec   0x000029ec   0x00000020   Code   RO          734    i.protocol_init     protocol.o
    0x00002a0c   0x00002a0c   0x0000008c   Code   RO          907    i.sw_vibration_proc  foc.o
    0x00002a98   0x00002a98   0x00000014   Code   RO         3013    i.switchTo12MHz     system_swm211.o
    0x00002aac   0x00002aac   0x00000040   Code   RO         3016    i.switchToPLL       system_swm211.o
    0x00002aec   0x00002aec   0x0000000c   Code   RO            7    i.user_1ms_task     main.o
    0x00002af8   0x00002af8   0x0000000c   Data   RO          783    .constdata          htr_led.o
    0x00002b04   0x00002b04   0x00000030   Data   RO         3432    Region$$Table       anon$$obj.o


    Execution Region RW_IRAM1 (Exec base: 0x20000000, Load base: 0x00002b34, Size: 0x00001fd0, Max: 0x00002000, ABSOLUTE, COMPRESSED[0x000000b4])

    Exec Addr    Load Addr    Size         Type   Attr      Idx    E Section Name        Object

    0x20000000   0x00002b34   0x00000020   Code   RO          222    PlaceInRAM          interrupt.o
    0x20000020   0x00002b54   0x00000eec   Code   RO          873    PlaceInRAM          foc.o
    0x20000f0c   0x00003a40   0x0000026c   Code   RO         1116    PlaceInRAM          foc_util.o
    0x20001178   0x00003cac   0x00000114   Code   RO         1223    PlaceInRAM          picontroller.o
    0x2000128c   0x00003dc0   0x000000e4   Code   RO         1261    PlaceInRAM          pll.o
    0x20001370   0x00003ea4   0x0000000c   Ven    RO         3449    Veneer$$Code        anon$$obj.o
    0x2000137c   0x00003eb0   0x0000000c   Ven    RO         3450    Veneer$$Code        anon$$obj.o
    0x20001388   0x00003ebc   0x0000000c   Ven    RO         3451    Veneer$$Code        anon$$obj.o
    0x20001394   0x00003ec8   0x0000000c   Ven    RO         3452    Veneer$$Code        anon$$obj.o
    0x200013a0   0x00003ed4   0x0000000c   Ven    RO         3453    Veneer$$Code        anon$$obj.o
    0x200013ac   0x00003ee0   0x0000000c   Ven    RO         3454    Veneer$$Code        anon$$obj.o
    0x200013b8   COMPRESSED   0x00000004   Data   RW          485    .data               util.o
    0x200013bc   COMPRESSED   0x00000028   Data   RW          587    .data               app.o
    0x200013e4   COMPRESSED   0x00000004   Data   RW          738    .data               protocol.o
    0x200013e8   COMPRESSED   0x00000026   Data   RW          784    .data               htr_led.o
    0x2000140e   COMPRESSED   0x00000002   PAD
    0x20001410   COMPRESSED   0x000001c4   Data   RW          910    .data               foc.o
    0x200015d4   COMPRESSED   0x00000018   Data   RW         1119    .data               foc_util.o
    0x200015ec   COMPRESSED   0x00000024   Data   RW         1286    .data               foc_state.o
    0x20001610   COMPRESSED   0x00000008   Data   RW         1480    .data               cmp.o
    0x20001618   COMPRESSED   0x00000014   Data   RW         2085    .data               swm2x1_adc.o
    0x2000162c   COMPRESSED   0x0000000c   Data   RW         2978    .data               swm211_flash.o
    0x20001638   COMPRESSED   0x00000008   Data   RW         3018    .data               system_swm211.o
    0x20001640   COMPRESSED   0x00000004   Data   RW         3410    .data               mc_p.l(stdout.o)
    0x20001644   COMPRESSED   0x00000008   Data   RW         1120    PlaceInRAM          foc_util.o
    0x2000164c        -       0x0000000c   Zero   RW          585    .bss                app.o
    0x20001658        -       0x00000088   Zero   RW          696    .bss                uart_if.o
    0x200016e0        -       0x00000340   Zero   RW          737    .bss                protocol.o
    0x20001a20        -       0x0000000c   Zero   RW          782    .bss                htr_led.o
    0x20001a2c        -       0x000001a0   Zero   RW          908    .bss                foc.o
    0x20001bcc   COMPRESSED   0x00000004   PAD
    0x20001bd0        -       0x00000400   Zero   RW         3082    STACK               startup_swm211.o


==============================================================================

Image component sizes


      Code (inc. data)   RO Data    RW Data    ZI Data      Debug   Object Name

       140         16          0          0          0        567   adc.o
       236         60          0         40         12       6030   app.o
        60         22          0          8          0        854   cmp.o
      4688        626          0        452        416      33388   foc.o
       764        166          0         36          0       9328   foc_state.o
       620         52          0         32          0      74715   foc_util.o
         2          0          0          0          0        412   gpio.o
       528         64         12         38         12       7723   htr_led.o
       430         60          0          0          0      82420   interrupt.o
       240         44          0          0          0      78088   main.o
       152         14          0          0          0        491   opa.o
       276          6          0          0          0       2039   picontroller.o
       228         26          0          0          0       1914   pll.o
        32          8          0          4        832       1108   protocol.o
       268         44          0          0          0       6948   pwm_drive.o
        32          4          0          0          0        532   retarget.o
       288        206          0          0       1024       1908   startup_swm211.o
        56         16          0         12          0       1480   swm211_flash.o
       926         52          0         20          0       4506   swm2x1_adc.o
        24          6          0          0          0        874   swm2x1_cordic.o
        24          6          0          0          0        851   swm2x1_div.o
       224         18          0          0          0       1894   swm2x1_gpio.o
       424         16          0          0          0       4281   swm2x1_i2c.o
        84          0          0          0          0       1072   swm2x1_port.o
       420         18          0          0          0       2580   swm2x1_pwm.o
         6          0          0          0          0       6534   swm2x1_timr.o
       112          0          0          0          0       3767   swm2x1_uart.o
       472         74          0          8          0       2931   system_swm211.o
         2          0          0          0          0        417   timer.o
         0          0          0          0        136        915   uart_if.o
         0          0          0          4          0       3225   util.o

    ----------------------------------------------------------------------
     11928       1676         60        656       2436     343792   Object Totals
       156         52         48          0          0          0   (incl. Generated)
        14          0          0          2          4          0   (incl. Padding)

    ----------------------------------------------------------------------

      Code (inc. data)   RO Data    RW Data    ZI Data      Debug   Library Member Name

        86          0          0          0          0          0   __dczerorl2.o
         0          0          0          0          0          0   entry.o
         0          0          0          0          0          0   entry10a.o
         0          0          0          0          0          0   entry11a.o
         8          4          0          0          0          0   entry2.o
         4          0          0          0          0          0   entry5.o
         0          0          0          0          0          0   entry7b.o
         0          0          0          0          0          0   entry8b.o
         8          4          0          0          0          0   entry9a.o
        30          0          0          0          0          0   handlers.o
        40          0          0          0          0         72   idiv.o
        36          8          0          0          0         68   init.o
         0          0          0          0          0          0   iusefp.o
        32          0          0          0          0         68   llshl.o
        38          0          0          0          0         68   llsshr.o
        34          0          0          0          0         68   llushr.o
        36          0          0          0          0         60   memcpya.o
      2236        102          0          0          0        412   printfa.o
         0          0          0          4          0          0   stdout.o
        44          0          0          0          0         72   uidiv.o
        96          0          0          0          0         84   uldiv.o
        40          2          0          0          0         68   cdrcmple.o
       356          6          0          0          0        140   dadd.o
       240          6          0          0          0         84   ddiv.o
       238          0          0          0          0        216   depilogue.o
        72         10          0          0          0         72   dfixi.o
        60         10          0          0          0         68   dfixui.o
        64         10          0          0          0         68   dfixul.o
        40          6          0          0          0         68   dflti.o
        28          4          0          0          0         68   dfltui.o
       208          6          0          0          0         88   dmul.o
        44          0          0          0          0         72   dscalb.o

    ----------------------------------------------------------------------
      4120        178          0          4          0       1984   Library Totals
         2          0          0          0          0          0   (incl. Padding)

    ----------------------------------------------------------------------

      Code (inc. data)   RO Data    RW Data    ZI Data      Debug   Library Name

      2728        118          0          4          0        972   mc_p.l
      1390         60          0          0          0       1012   mf_p.l

    ----------------------------------------------------------------------
      4120        178          0          4          0       1984   Library Totals

    ----------------------------------------------------------------------

==============================================================================


      Code (inc. data)   RO Data    RW Data    ZI Data      Debug   

     16048       1854         60        660       2436     340832   Grand Totals
     16048       1854         60        180       2436     340832   ELF Image Totals (compressed)
     16048       1854         60        180          0          0   ROM Totals

==============================================================================

    Total RO  Size (Code + RO Data)                16108 (  15.73kB)
    Total RW  Size (RW Data + ZI Data)              3096 (   3.02kB)
    Total ROM Size (Code + RO Data + RW Data)      16288 (  15.91kB)

==============================================================================

